Archive member included because of file (symbol)

c:/NXP/bstudio_nxp/sdk/JN-SW-4168/Components/Library\libOS_JN516x.a(os.o)
                              c:/NXP/bstudio_nxp/workspace/JN-AN-1171-ZigBee-LightLink-Demo/Light_ColorLight/Build/os_gen.o (symbol from plugin) (os_vStart)
c:/NXP/bstudio_nxp/sdk/JN-SW-4168/Components/Library\libOS_JN516x.a(os_contirq_JN516x.o)
                              c:/NXP/bstudio_nxp/workspace/JN-AN-1171-ZigBee-LightLink-Demo/Light_ColorLight/Build/os_irq.o (os_UnclaimedException_W)
c:/NXP/bstudio_nxp/sdk/JN-SW-4168/Components/Library\libPWRM_JN516x.a(pwrm.o)
                              c:/NXP/bstudio_nxp/workspace/JN-AN-1171-ZigBee-LightLink-Demo/Light_ColorLight/Build/app_start_light.o (symbol from plugin) (PWRM_vInit)
c:/NXP/bstudio_nxp/sdk/JN-SW-4168/Components/Library\libPWRM_JN516x.a(pwrm_setjmp_JN516x.o)
                              pwrm.o (symbol from plugin) (setjmp)
c:/NXP/bstudio_nxp/sdk/JN-SW-4168/Components/Library\libPWRM_JN516x.a(pwrm_cold_start.o)
                              (AppColdStart)
c:/NXP/bstudio_nxp/sdk/JN-SW-4168/Components/Library\libPWRM_JN516x.a(pwrm_warm_start.o)
                              (AppWarmStart)
c:/NXP/bstudio_nxp/sdk/JN-SW-4168/Components/Library\libPDUM_JN516x.a(pdum_nwk.o)
                              c:/NXP/bstudio_nxp/workspace/JN-AN-1171-ZigBee-LightLink-Demo/Light_ColorLight/Build/pdum_gen.o (symbol from plugin) (pdum_vNPduInit)
c:/NXP/bstudio_nxp/sdk/JN-SW-4168/Components/Library\libPDUM_JN516x.a(pdum_apl.o)
                              c:/NXP/bstudio_nxp/workspace/JN-AN-1171-ZigBee-LightLink-Demo/Light_ColorLight/Build/zll_CommissionCmdHandler.o (symbol from plugin) (PDUM_u16APduInstanceReadNBO)
c:/NXP/bstudio_nxp/sdk/JN-SW-4168/Components/Library\libPDUM_JN516x.a(pdum.o)
                              pdum_nwk.o (symbol from plugin) (PDUM_u16SizeNBO)
c:/NXP/bstudio_nxp/sdk/JN-SW-4168/Components/Library\libZPSAPL_JN516x.a(zps_apl_af.o)
                              c:/NXP/bstudio_nxp/workspace/JN-AN-1171-ZigBee-LightLink-Demo/Light_ColorLight/Build/zpr_light_node.o (symbol from plugin) (ZPS_eAplAfInit)
c:/NXP/bstudio_nxp/sdk/JN-SW-4168/Components/Library\libZPSAPL_JN516x.a(zps_apl_af_apsde.o)
                              c:/NXP/bstudio_nxp/workspace/JN-AN-1171-ZigBee-LightLink-Demo/Light_ColorLight/Build/zps_gen.o (symbol from plugin) (zps_vHandleApsdeDataFragIndNotSupported)
c:/NXP/bstudio_nxp/sdk/JN-SW-4168/Components/Library\libZPSAPL_JN516x.a(zps_apl_task.o)
                              zps_apl_af_apsde.o (symbol from plugin) (zps_vAplAfPostEvent)
c:/NXP/bstudio_nxp/sdk/JN-SW-4168/Components/Library\libZPSAPL_JN516x.a(zps_apl_apsde.o)
                              zps_apl_task.o (symbol from plugin) (ZPS_vAplRegisterApsdeDcfmIndCallbacks)
c:/NXP/bstudio_nxp/sdk/JN-SW-4168/Components/Library\libZPSAPL_JN516x.a(zps_apl_apsme.o)
                              zps_apl_task.o (symbol from plugin) (ZPS_vAplRegisterApsmeDcfmIndCallbacks)
c:/NXP/bstudio_nxp/sdk/JN-SW-4168/Components/Library\libZPSAPL_JN516x.a(zps_apl_aps_nlde.o)
                              zps_apl_task.o (symbol from plugin) (zps_vAplApsHandleNldeDcfmInd)
c:/NXP/bstudio_nxp/sdk/JN-SW-4168/Components/Library\libZPSAPL_JN516x.a(zps_apl_sec.o)
                              zps_apl_task.o (symbol from plugin) (zps_psFindKeyDescr)
c:/NXP/bstudio_nxp/sdk/JN-SW-4168/Components/Library\libZPSAPL_JN516x.a(zps_apl_aib.o)
                              c:/NXP/bstudio_nxp/workspace/JN-AN-1171-ZigBee-LightLink-Demo/Light_ColorLight/Build/app_light_commission_task.o (symbol from plugin) (zps_psAplAibGetAib)
c:/NXP/bstudio_nxp/sdk/JN-SW-4168/Components/Library\libZPSAPL_JN516x.a(zps_apl_zdo_nwkmanager.o)
                              zps_apl_apsme.o (symbol from plugin) (zps_vAplSaveRecord)
c:/NXP/bstudio_nxp/sdk/JN-SW-4168/Components/Library\libZPSAPL_JN516x.a(zps_apl_zdo_handle_zdp_event.o)
                              zps_apl_task.o (symbol from plugin) (zps_bAplZdoHandleZdpEvent)
c:/NXP/bstudio_nxp/sdk/JN-SW-4168/Components/Library\libZPSAPL_JN516x.a(zps_apl_zdo_trust_center.o)
                              zps_apl_sec.o (symbol from plugin) (zps_eAplTrustCenterFindDevice)
c:/NXP/bstudio_nxp/sdk/JN-SW-4168/Components/Library\libZPSAPL_JN516x.a(zps_apl_zdo_common.o)
                              zps_apl_zdo_nwkmanager.o (symbol from plugin) (zps_eAplZdoNlmeleaveWrapper)
c:/NXP/bstudio_nxp/sdk/JN-SW-4168/Components/Library\libZPSAPL_JN516x.a(zps_apl_zdo_group.o)
                              c:/NXP/bstudio_nxp/workspace/JN-AN-1171-ZigBee-LightLink-Demo/Light_ColorLight/Build/GroupsTableManager.o (symbol from plugin) (zps_eAplZdoGroupEndpointAdd)
c:/NXP/bstudio_nxp/sdk/JN-SW-4168/Components/Library\libZPSAPL_JN516x.a(zps_apl_zdo_default_server.o)
                              c:/NXP/bstudio_nxp/workspace/JN-AN-1171-ZigBee-LightLink-Demo/Light_ColorLight/Build/zps_gen.o (symbol from plugin) (zps_vAplZdoDefaultServerInit)
[...]
Memory Configuration

Name             Origin             Length             Attributes
flash            0x0000000000080000 0x0000000000080000
ram              0x000000000400004c 0x0000000000007fb4
*default*        0x0000000000000000 0xffffffffffffffff

Linker script and memory map

                0x0000000000001388                __stack_size = 0x1388
                0x00000000000007d0                __minimum_heap_size = 0x7d0
START GROUP
LOAD c:/NXP/bstudio_nxp/workspace/JN-AN-1171-ZigBee-LightLink-Demo/Light_ColorLight/Build/os_gen.o
LOAD C:\Users\Patrick\AppData\Local\Temp\ccil3FnS.ltrans0.ltrans.o
LOAD C:\Users\Patrick\AppData\Local\Temp\ccil3FnS.ltrans1.ltrans.o
LOAD C:\Users\Patrick\AppData\Local\Temp\ccil3FnS.ltrans2.ltrans.o
LOAD C:\Users\Patrick\AppData\Local\Temp\ccil3FnS.ltrans3.ltrans.o
LOAD C:\Users\Patrick\AppData\Local\Temp\ccil3FnS.ltrans4.ltrans.o
LOAD C:\Users\Patrick\AppData\Local\Temp\ccil3FnS.ltrans5.ltrans.o
LOAD C:\Users\Patrick\AppData\Local\Temp\ccil3FnS.ltrans6.ltrans.o
LOAD C:\Users\Patrick\AppData\Local\Temp\ccil3FnS.ltrans7.ltrans.o
LOAD C:\Users\Patrick\AppData\Local\Temp\ccil3FnS.ltrans8.ltrans.o
LOAD C:\Users\Patrick\AppData\Local\Temp\ccil3FnS.ltrans9.ltrans.o
LOAD C:\Users\Patrick\AppData\Local\Temp\ccil3FnS.ltrans10.ltrans.o
LOAD C:\Users\Patrick\AppData\Local\Temp\ccil3FnS.ltrans11.ltrans.o
LOAD C:\Users\Patrick\AppData\Local\Temp\ccil3FnS.ltrans12.ltrans.o
LOAD C:\Users\Patrick\AppData\Local\Temp\ccil3FnS.ltrans13.ltrans.o
LOAD C:\Users\Patrick\AppData\Local\Temp\ccil3FnS.ltrans14.ltrans.o
LOAD C:\Users\Patrick\AppData\Local\Temp\ccil3FnS.ltrans15.ltrans.o
LOAD C:\Users\Patrick\AppData\Local\Temp\ccil3FnS.ltrans16.ltrans.o
LOAD C:\Users\Patrick\AppData\Local\Temp\ccil3FnS.ltrans17.ltrans.o
LOAD C:\Users\Patrick\AppData\Local\Temp\ccil3FnS.ltrans18.ltrans.o
LOAD C:\Users\Patrick\AppData\Local\Temp\ccil3FnS.ltrans19.ltrans.o
LOAD C:\Users\Patrick\AppData\Local\Temp\ccil3FnS.ltrans20.ltrans.o
LOAD C:\Users\Patrick\AppData\Local\Temp\ccil3FnS.ltrans21.ltrans.o
LOAD C:\Users\Patrick\AppData\Local\Temp\ccil3FnS.ltrans22.ltrans.o
LOAD C:\Users\Patrick\AppData\Local\Temp\ccil3FnS.ltrans23.ltrans.o
LOAD C:\Users\Patrick\AppData\Local\Temp\ccil3FnS.ltrans24.ltrans.o
LOAD C:\Users\Patrick\AppData\Local\Temp\ccil3FnS.ltrans25.ltrans.o
LOAD C:\Users\Patrick\AppData\Local\Temp\ccil3FnS.ltrans26.ltrans.o
LOAD C:\Users\Patrick\AppData\Local\Temp\ccil3FnS.ltrans27.ltrans.o
LOAD C:\Users\Patrick\AppData\Local\Temp\ccil3FnS.ltrans28.ltrans.o
LOAD C:\Users\Patrick\AppData\Local\Temp\ccil3FnS.ltrans29.ltrans.o
LOAD C:\Users\Patrick\AppData\Local\Temp\ccil3FnS.ltrans30.ltrans.o
LOAD C:\Users\Patrick\AppData\Local\Temp\ccil3FnS.ltrans31.ltrans.o
LOAD c:/nxp/bstudio_nxp/sdk/tools/ba-elf-ba2-r36379/bin/../lib/gcc/ba-elf/4.7.4/../../../../ba-elf/lib/mcpu_jn51xx_sizeopt\libc.a
LOAD c:/nxp/bstudio_nxp/sdk/tools/ba-elf-ba2-r36379/bin/../lib/gcc/ba-elf/4.7.4/mcpu_jn51xx_sizeopt\libgcc.a
LOAD c:/nxp/bstudio_nxp/sdk/tools/ba-elf-ba2-r36379/bin/../lib/gcc/ba-elf/4.7.4/../../../../ba-elf/lib/mcpu_jn51xx_sizeopt\libc.a
LOAD c:/NXP/bstudio_nxp/workspace/JN-AN-1171-ZigBee-LightLink-Demo/Light_ColorLight/Build/os_irq.o
LOAD c:/NXP/bstudio_nxp/workspace/JN-AN-1171-ZigBee-LightLink-Demo/Light_ColorLight/Build/os_irq_alignment.o
LOAD c:/NXP/bstudio_nxp/workspace/JN-AN-1171-ZigBee-LightLink-Demo/Light_ColorLight/Build/os_irq_buserror.o
LOAD c:/NXP/bstudio_nxp/workspace/JN-AN-1171-ZigBee-LightLink-Demo/Light_ColorLight/Build/os_irq_illegalinstruction.o
LOAD c:/NXP/bstudio_nxp/workspace/JN-AN-1171-ZigBee-LightLink-Demo/Light_ColorLight/Build/os_irq_stackoverflowexception.o
LOAD c:/NXP/bstudio_nxp/workspace/JN-AN-1171-ZigBee-LightLink-Demo/Light_ColorLight/Build/os_irq_unimplementedmodule.o
LOAD c:/NXP/bstudio_nxp/workspace/JN-AN-1171-ZigBee-LightLink-Demo/Light_ColorLight/Build/pdum_gen.o
LOAD c:/NXP/bstudio_nxp/workspace/JN-AN-1171-ZigBee-LightLink-Demo/Light_ColorLight/Build/pdum_apdu.o
LOAD c:/NXP/bstudio_nxp/workspace/JN-AN-1171-ZigBee-LightLink-Demo/Light_ColorLight/Build/zps_gen.o
LOAD c:/NXP/bstudio_nxp/workspace/JN-AN-1171-ZigBee-LightLink-Demo/Light_ColorLight/Build/app_timer_driver.o
LOAD c:/NXP/bstudio_nxp/workspace/JN-AN-1171-ZigBee-LightLink-Demo/Light_ColorLight/Build/app_start_light.o
LOAD c:/NXP/bstudio_nxp/workspace/JN-AN-1171-ZigBee-LightLink-Demo/Light_ColorLight/Build/app_scenes.o
LOAD c:/NXP/bstudio_nxp/workspace/JN-AN-1171-ZigBee-LightLink-Demo/Light_ColorLight/Build/app_power_on_counter.o
LOAD c:/NXP/bstudio_nxp/workspace/JN-AN-1171-ZigBee-LightLink-Demo/Light_ColorLight/Build/zpr_light_node.o
LOAD c:/NXP/bstudio_nxp/workspace/JN-AN-1171-ZigBee-LightLink-Demo/Light_ColorLight/Build/ecb_decrypt.o
LOAD c:/NXP/bstudio_nxp/workspace/JN-AN-1171-ZigBee-LightLink-Demo/Light_ColorLight/Build/app_zcl_light_task.o
LOAD c:/NXP/bstudio_nxp/workspace/JN-AN-1171-ZigBee-LightLink-Demo/Light_ColorLight/Build/app_light_commission_task.o
LOAD c:/NXP/bstudio_nxp/workspace/JN-AN-1171-ZigBee-LightLink-Demo/Light_ColorLight/Build/app_manage_temperature.o
LOAD c:/NXP/bstudio_nxp/workspace/JN-AN-1171-ZigBee-LightLink-Demo/Light_ColorLight/Build/app_light_interpolation.o
LOAD c:/NXP/bstudio_nxp/workspace/JN-AN-1171-ZigBee-LightLink-Demo/Light_ColorLight/Build/appZpsBeaconHandler.o
LOAD c:/NXP/bstudio_nxp/workspace/JN-AN-1171-ZigBee-LightLink-Demo/Light_ColorLight/Build/App_Light_ColorLight.o
LOAD c:/NXP/bstudio_nxp/workspace/JN-AN-1171-ZigBee-LightLink-Demo/Light_ColorLight/Build/DriverBulb_DR1175.o
LOAD c:/NXP/bstudio_nxp/workspace/JN-AN-1171-ZigBee-LightLink-Demo/Light_ColorLight/Build/DriverBulb_Shim.o
LOAD c:/NXP/bstudio_nxp/workspace/JN-AN-1171-ZigBee-LightLink-Demo/Light_ColorLight/Build/app_buttons.o
LOAD c:/NXP/bstudio_nxp/workspace/JN-AN-1171-ZigBee-LightLink-Demo/Light_ColorLight/Build/Alarms.o
LOAD c:/NXP/bstudio_nxp/workspace/JN-AN-1171-ZigBee-LightLink-Demo/Light_ColorLight/Build/AlarmsClientCommands.o
LOAD c:/NXP/bstudio_nxp/workspace/JN-AN-1171-ZigBee-LightLink-Demo/Light_ColorLight/Build/AlarmsCommandHandler.o
LOAD c:/NXP/bstudio_nxp/workspace/JN-AN-1171-ZigBee-LightLink-Demo/Light_ColorLight/Build/AlarmsServerCommands.o
LOAD c:/NXP/bstudio_nxp/workspace/JN-AN-1171-ZigBee-LightLink-Demo/Light_ColorLight/Build/AlarmsTableManager.o
LOAD c:/NXP/bstudio_nxp/workspace/JN-AN-1171-ZigBee-LightLink-Demo/Light_ColorLight/Build/AnalogInputBasic.o
LOAD c:/NXP/bstudio_nxp/workspace/JN-AN-1171-ZigBee-LightLink-Demo/Light_ColorLight/Build/AnalogOutputBasic.o
LOAD c:/NXP/bstudio_nxp/workspace/JN-AN-1171-ZigBee-LightLink-Demo/Light_ColorLight/Build/Basic.o
LOAD c:/NXP/bstudio_nxp/workspace/JN-AN-1171-ZigBee-LightLink-Demo/Light_ColorLight/Build/BasicClientCommands.o
LOAD c:/NXP/bstudio_nxp/workspace/JN-AN-1171-ZigBee-LightLink-Demo/Light_ColorLight/Build/BasicCommandHandler.o
LOAD c:/NXP/bstudio_nxp/workspace/JN-AN-1171-ZigBee-LightLink-Demo/Light_ColorLight/Build/BinaryInputBasic.o
LOAD c:/NXP/bstudio_nxp/workspace/JN-AN-1171-ZigBee-LightLink-Demo/Light_ColorLight/Build/BinaryOutputBasic.o
LOAD c:/NXP/bstudio_nxp/workspace/JN-AN-1171-ZigBee-LightLink-Demo/Light_ColorLight/Build/Commissioning.o
LOAD c:/NXP/bstudio_nxp/workspace/JN-AN-1171-ZigBee-LightLink-Demo/Light_ColorLight/Build/DeviceTemperatureConfiguration.o
LOAD c:/NXP/bstudio_nxp/workspace/JN-AN-1171-ZigBee-LightLink-Demo/Light_ColorLight/Build/Diagnostics.o
LOAD c:/NXP/bstudio_nxp/workspace/JN-AN-1171-ZigBee-LightLink-Demo/Light_ColorLight/Build/DoorLock.o
LOAD c:/NXP/bstudio_nxp/workspace/JN-AN-1171-ZigBee-LightLink-Demo/Light_ColorLight/Build/DoorLockCommandHandler.o
LOAD c:/NXP/bstudio_nxp/workspace/JN-AN-1171-ZigBee-LightLink-Demo/Light_ColorLight/Build/DoorLockCommands.o
LOAD c:/NXP/bstudio_nxp/workspace/JN-AN-1171-ZigBee-LightLink-Demo/Light_ColorLight/Build/ElectricalMeasurement.o
LOAD c:/NXP/bstudio_nxp/workspace/JN-AN-1171-ZigBee-LightLink-Demo/Light_ColorLight/Build/Groups.o
LOAD c:/NXP/bstudio_nxp/workspace/JN-AN-1171-ZigBee-LightLink-Demo/Light_ColorLight/Build/GroupsClientCommands.o
LOAD c:/NXP/bstudio_nxp/workspace/JN-AN-1171-ZigBee-LightLink-Demo/Light_ColorLight/Build/GroupsCommandHandler.o
LOAD c:/NXP/bstudio_nxp/workspace/JN-AN-1171-ZigBee-LightLink-Demo/Light_ColorLight/Build/GroupsServerCommands.o
LOAD c:/NXP/bstudio_nxp/workspace/JN-AN-1171-ZigBee-LightLink-Demo/Light_ColorLight/Build/GroupsTableManager.o
LOAD c:/NXP/bstudio_nxp/workspace/JN-AN-1171-ZigBee-LightLink-Demo/Light_ColorLight/Build/Identify.o
LOAD c:/NXP/bstudio_nxp/workspace/JN-AN-1171-ZigBee-LightLink-Demo/Light_ColorLight/Build/IdentifyClientCommands.o
LOAD c:/NXP/bstudio_nxp/workspace/JN-AN-1171-ZigBee-LightLink-Demo/Light_ColorLight/Build/IdentifyCommandHandler.o
LOAD c:/NXP/bstudio_nxp/workspace/JN-AN-1171-ZigBee-LightLink-Demo/Light_ColorLight/Build/IdentifyServerCommands.o
LOAD c:/NXP/bstudio_nxp/workspace/JN-AN-1171-ZigBee-LightLink-Demo/Light_ColorLight/Build/LevelControl.o
LOAD c:/NXP/bstudio_nxp/workspace/JN-AN-1171-ZigBee-LightLink-Demo/Light_ColorLight/Build/LevelControlClientCommands.o
LOAD c:/NXP/bstudio_nxp/workspace/JN-AN-1171-ZigBee-LightLink-Demo/Light_ColorLight/Build/LevelControlCommandHandler.o
LOAD c:/NXP/bstudio_nxp/workspace/JN-AN-1171-ZigBee-LightLink-Demo/Light_ColorLight/Build/MultistateInputBasic.o
LOAD c:/NXP/bstudio_nxp/workspace/JN-AN-1171-ZigBee-LightLink-Demo/Light_ColorLight/Build/MultistateOutputBasic.o
LOAD c:/NXP/bstudio_nxp/workspace/JN-AN-1171-ZigBee-LightLink-Demo/Light_ColorLight/Build/OOSC.o
LOAD c:/NXP/bstudio_nxp/workspace/JN-AN-1171-ZigBee-LightLink-Demo/Light_ColorLight/Build/OnOff.o
LOAD c:/NXP/bstudio_nxp/workspace/JN-AN-1171-ZigBee-LightLink-Demo/Light_ColorLight/Build/OnOffCommandHandler.o
LOAD c:/NXP/bstudio_nxp/workspace/JN-AN-1171-ZigBee-LightLink-Demo/Light_ColorLight/Build/OnOffCommands.o
LOAD c:/NXP/bstudio_nxp/workspace/JN-AN-1171-ZigBee-LightLink-Demo/Light_ColorLight/Build/PollControl.o
LOAD c:/NXP/bstudio_nxp/workspace/JN-AN-1171-ZigBee-LightLink-Demo/Light_ColorLight/Build/PollControlClientCommands.o
LOAD c:/NXP/bstudio_nxp/workspace/JN-AN-1171-ZigBee-LightLink-Demo/Light_ColorLight/Build/PollControlCommandHandler.o
LOAD c:/NXP/bstudio_nxp/workspace/JN-AN-1171-ZigBee-LightLink-Demo/Light_ColorLight/Build/PollControlServerCommands.o
LOAD c:/NXP/bstudio_nxp/workspace/JN-AN-1171-ZigBee-LightLink-Demo/Light_ColorLight/Build/PowerConfiguration.o
LOAD c:/NXP/bstudio_nxp/workspace/JN-AN-1171-ZigBee-LightLink-Demo/Light_ColorLight/Build/Scenes.o
LOAD c:/NXP/bstudio_nxp/workspace/JN-AN-1171-ZigBee-LightLink-Demo/Light_ColorLight/Build/ScenesClientCommands.o
LOAD c:/NXP/bstudio_nxp/workspace/JN-AN-1171-ZigBee-LightLink-Demo/Light_ColorLight/Build/ScenesClusterManagement.o
LOAD c:/NXP/bstudio_nxp/workspace/JN-AN-1171-ZigBee-LightLink-Demo/Light_ColorLight/Build/ScenesCommandHandler.o
LOAD c:/NXP/bstudio_nxp/workspace/JN-AN-1171-ZigBee-LightLink-Demo/Light_ColorLight/Build/ScenesServerCommands.o
LOAD c:/NXP/bstudio_nxp/workspace/JN-AN-1171-ZigBee-LightLink-Demo/Light_ColorLight/Build/ScenesTableManager.o
LOAD c:/NXP/bstudio_nxp/workspace/JN-AN-1171-ZigBee-LightLink-Demo/Light_ColorLight/Build/TC.o
LOAD c:/NXP/bstudio_nxp/workspace/JN-AN-1171-ZigBee-LightLink-Demo/Light_ColorLight/Build/Time.o
LOAD c:/NXP/bstudio_nxp/workspace/JN-AN-1171-ZigBee-LightLink-Demo/Light_ColorLight/Build/zll_CommissionCmdHandler.o
LOAD c:/NXP/bstudio_nxp/workspace/JN-AN-1171-ZigBee-LightLink-Demo/Light_ColorLight/Build/zll_UtilityCmdHandler.o
LOAD c:/NXP/bstudio_nxp/workspace/JN-AN-1171-ZigBee-LightLink-Demo/Light_ColorLight/Build/zll_commission.o
LOAD c:/NXP/bstudio_nxp/workspace/JN-AN-1171-ZigBee-LightLink-Demo/Light_ColorLight/Build/zll_utility.o
LOAD c:/NXP/bstudio_nxp/workspace/JN-AN-1171-ZigBee-LightLink-Demo/Light_ColorLight/Build/colour_light.o
LOAD c:/NXP/bstudio_nxp/workspace/JN-AN-1171-ZigBee-LightLink-Demo/Light_ColorLight/Build/colour_remote.o
LOAD c:/NXP/bstudio_nxp/workspace/JN-AN-1171-ZigBee-LightLink-Demo/Light_ColorLight/Build/colour_scene_remote.o
LOAD c:/NXP/bstudio_nxp/workspace/JN-AN-1171-ZigBee-LightLink-Demo/Light_ColorLight/Build/colour_temperature_light.o
LOAD c:/NXP/bstudio_nxp/workspace/JN-AN-1171-ZigBee-LightLink-Demo/Light_ColorLight/Build/commission_endpoint.o
LOAD c:/NXP/bstudio_nxp/workspace/JN-AN-1171-ZigBee-LightLink-Demo/Light_ColorLight/Build/control_bridge.o
LOAD c:/NXP/bstudio_nxp/workspace/JN-AN-1171-ZigBee-LightLink-Demo/Light_ColorLight/Build/dimmable_light.o
LOAD c:/NXP/bstudio_nxp/workspace/JN-AN-1171-ZigBee-LightLink-Demo/Light_ColorLight/Build/dimmable_plug.o
LOAD c:/NXP/bstudio_nxp/workspace/JN-AN-1171-ZigBee-LightLink-Demo/Light_ColorLight/Build/extended_colour_light.o
LOAD c:/NXP/bstudio_nxp/workspace/JN-AN-1171-ZigBee-LightLink-Demo/Light_ColorLight/Build/non_colour_remote.o
LOAD c:/NXP/bstudio_nxp/workspace/JN-AN-1171-ZigBee-LightLink-Demo/Light_ColorLight/Build/non_colour_scene_remote.o
LOAD c:/NXP/bstudio_nxp/workspace/JN-AN-1171-ZigBee-LightLink-Demo/Light_ColorLight/Build/on_off_light.o
LOAD c:/NXP/bstudio_nxp/workspace/JN-AN-1171-ZigBee-LightLink-Demo/Light_ColorLight/Build/on_off_plug.o
LOAD c:/NXP/bstudio_nxp/workspace/JN-AN-1171-ZigBee-LightLink-Demo/Light_ColorLight/Build/on_off_sensor.o
LOAD c:/NXP/bstudio_nxp/workspace/JN-AN-1171-ZigBee-LightLink-Demo/Light_ColorLight/Build/zll.o
LOAD c:/NXP/bstudio_nxp/workspace/JN-AN-1171-ZigBee-LightLink-Demo/Light_ColorLight/Build/BallastConfiguration.o
LOAD c:/NXP/bstudio_nxp/workspace/JN-AN-1171-ZigBee-LightLink-Demo/Light_ColorLight/Build/ColourControl.o
LOAD c:/NXP/bstudio_nxp/workspace/JN-AN-1171-ZigBee-LightLink-Demo/Light_ColorLight/Build/ColourControlClientCommands.o
LOAD c:/NXP/bstudio_nxp/workspace/JN-AN-1171-ZigBee-LightLink-Demo/Light_ColorLight/Build/ColourControlCommandHandler.o
LOAD c:/NXP/bstudio_nxp/workspace/JN-AN-1171-ZigBee-LightLink-Demo/Light_ColorLight/Build/ColourControlConversions.o
LOAD c:/NXP/bstudio_nxp/workspace/JN-AN-1171-ZigBee-LightLink-Demo/Light_ColorLight/Build/dlist.o
LOAD c:/NXP/bstudio_nxp/workspace/JN-AN-1171-ZigBee-LightLink-Demo/Light_ColorLight/Build/zcl.o
LOAD c:/NXP/bstudio_nxp/workspace/JN-AN-1171-ZigBee-LightLink-Demo/Light_ColorLight/Build/zcl_CustomCommandReceive.o
LOAD c:/NXP/bstudio_nxp/workspace/JN-AN-1171-ZigBee-LightLink-Demo/Light_ColorLight/Build/zcl_CustomCommandSend.o
LOAD c:/NXP/bstudio_nxp/workspace/JN-AN-1171-ZigBee-LightLink-Demo/Light_ColorLight/Build/zcl_PDUbufferReadWrite.o
LOAD c:/NXP/bstudio_nxp/workspace/JN-AN-1171-ZigBee-LightLink-Demo/Light_ColorLight/Build/zcl_PDUbufferReadWriteString.o
LOAD c:/NXP/bstudio_nxp/workspace/JN-AN-1171-ZigBee-LightLink-Demo/Light_ColorLight/Build/zcl_WriteAttributesRequestHandle.o
LOAD c:/NXP/bstudio_nxp/workspace/JN-AN-1171-ZigBee-LightLink-Demo/Light_ColorLight/Build/zcl_WriteAttributesRequestSend.o
LOAD c:/NXP/bstudio_nxp/workspace/JN-AN-1171-ZigBee-LightLink-Demo/Light_ColorLight/Build/zcl_WriteAttributesResponseHandle.o
LOAD c:/NXP/bstudio_nxp/workspace/JN-AN-1171-ZigBee-LightLink-Demo/Light_ColorLight/Build/zcl_attribute.o
LOAD c:/NXP/bstudio_nxp/workspace/JN-AN-1171-ZigBee-LightLink-Demo/Light_ColorLight/Build/zcl_buffer.o
LOAD c:/NXP/bstudio_nxp/workspace/JN-AN-1171-ZigBee-LightLink-Demo/Light_ColorLight/Build/zcl_clusterCommand.o
LOAD c:/NXP/bstudio_nxp/workspace/JN-AN-1171-ZigBee-LightLink-Demo/Light_ColorLight/Build/zcl_command.o
LOAD c:/NXP/bstudio_nxp/workspace/JN-AN-1171-ZigBee-LightLink-Demo/Light_ColorLight/Build/zcl_configureReportingCommandHandle.o
LOAD c:/NXP/bstudio_nxp/workspace/JN-AN-1171-ZigBee-LightLink-Demo/Light_ColorLight/Build/zcl_configureReportingCommandSend.o
LOAD c:/NXP/bstudio_nxp/workspace/JN-AN-1171-ZigBee-LightLink-Demo/Light_ColorLight/Build/zcl_configureReportingResponseHandle.o
LOAD c:/NXP/bstudio_nxp/workspace/JN-AN-1171-ZigBee-LightLink-Demo/Light_ColorLight/Build/zcl_defaultResponse.o
LOAD c:/NXP/bstudio_nxp/workspace/JN-AN-1171-ZigBee-LightLink-Demo/Light_ColorLight/Build/zcl_discoverAttributesExtendedRequestHandle.o
LOAD c:/NXP/bstudio_nxp/workspace/JN-AN-1171-ZigBee-LightLink-Demo/Light_ColorLight/Build/zcl_discoverAttributesExtendedRequestSend.o
LOAD c:/NXP/bstudio_nxp/workspace/JN-AN-1171-ZigBee-LightLink-Demo/Light_ColorLight/Build/zcl_discoverAttributesExtendedResponseHandle.o
LOAD c:/NXP/bstudio_nxp/workspace/JN-AN-1171-ZigBee-LightLink-Demo/Light_ColorLight/Build/zcl_discoverAttributesRequestHandle.o
LOAD c:/NXP/bstudio_nxp/workspace/JN-AN-1171-ZigBee-LightLink-Demo/Light_ColorLight/Build/zcl_discoverAttributesRequestSend.o
LOAD c:/NXP/bstudio_nxp/workspace/JN-AN-1171-ZigBee-LightLink-Demo/Light_ColorLight/Build/zcl_discoverAttributesResponseHandle.o
LOAD c:/NXP/bstudio_nxp/workspace/JN-AN-1171-ZigBee-LightLink-Demo/Light_ColorLight/Build/zcl_discoverCommandsRequestHandle.o
LOAD c:/NXP/bstudio_nxp/workspace/JN-AN-1171-ZigBee-LightLink-Demo/Light_ColorLight/Build/zcl_discoverCommandsRequestSend.o
LOAD c:/NXP/bstudio_nxp/workspace/JN-AN-1171-ZigBee-LightLink-Demo/Light_ColorLight/Build/zcl_discoverCommandsResponseHandle.o
LOAD c:/NXP/bstudio_nxp/workspace/JN-AN-1171-ZigBee-LightLink-Demo/Light_ColorLight/Build/zcl_event.o
LOAD c:/NXP/bstudio_nxp/workspace/JN-AN-1171-ZigBee-LightLink-Demo/Light_ColorLight/Build/zcl_heap.o
LOAD c:/NXP/bstudio_nxp/workspace/JN-AN-1171-ZigBee-LightLink-Demo/Light_ColorLight/Build/zcl_library_options.o
LOAD c:/NXP/bstudio_nxp/workspace/JN-AN-1171-ZigBee-LightLink-Demo/Light_ColorLight/Build/zcl_readAttributesRequestHandle.o
LOAD c:/NXP/bstudio_nxp/workspace/JN-AN-1171-ZigBee-LightLink-Demo/Light_ColorLight/Build/zcl_readAttributesRequestSend.o
LOAD c:/NXP/bstudio_nxp/workspace/JN-AN-1171-ZigBee-LightLink-Demo/Light_ColorLight/Build/zcl_readAttributesResponseHandle.o
LOAD c:/NXP/bstudio_nxp/workspace/JN-AN-1171-ZigBee-LightLink-Demo/Light_ColorLight/Build/zcl_readReportingConfigurationCommandHandle.o
LOAD c:/NXP/bstudio_nxp/workspace/JN-AN-1171-ZigBee-LightLink-Demo/Light_ColorLight/Build/zcl_readReportingConfigurationCommandSend.o
LOAD c:/NXP/bstudio_nxp/workspace/JN-AN-1171-ZigBee-LightLink-Demo/Light_ColorLight/Build/zcl_readReportingConfigurationResponseHandle.o
LOAD c:/NXP/bstudio_nxp/workspace/JN-AN-1171-ZigBee-LightLink-Demo/Light_ColorLight/Build/zcl_reportManager.o
LOAD c:/NXP/bstudio_nxp/workspace/JN-AN-1171-ZigBee-LightLink-Demo/Light_ColorLight/Build/zcl_reportMaths.o
LOAD c:/NXP/bstudio_nxp/workspace/JN-AN-1171-ZigBee-LightLink-Demo/Light_ColorLight/Build/zcl_reportScheduler.o
LOAD c:/NXP/bstudio_nxp/workspace/JN-AN-1171-ZigBee-LightLink-Demo/Light_ColorLight/Build/zcl_reportStringHandling.o
LOAD c:/NXP/bstudio_nxp/workspace/JN-AN-1171-ZigBee-LightLink-Demo/Light_ColorLight/Build/zcl_reportStructure.o
LOAD c:/NXP/bstudio_nxp/workspace/JN-AN-1171-ZigBee-LightLink-Demo/Light_ColorLight/Build/zcl_search.o
LOAD c:/NXP/bstudio_nxp/workspace/JN-AN-1171-ZigBee-LightLink-Demo/Light_ColorLight/Build/zcl_timer.o
LOAD c:/NXP/bstudio_nxp/workspace/JN-AN-1171-ZigBee-LightLink-Demo/Light_ColorLight/Build/zcl_transmit.o
LOAD c:/NXP/bstudio_nxp/sdk/JN-SW-4168/Components/Library\libZPSMAC_Mini_JN516x.a
LOAD c:/NXP/bstudio_nxp/sdk/JN-SW-4168/Components/Library\libOS_JN516x.a
LOAD c:/NXP/bstudio_nxp/sdk/JN-SW-4168/Components/Library\libPWRM_JN516x.a
LOAD c:/NXP/bstudio_nxp/sdk/JN-SW-4168/Components/Library\libZPSTSV_JN516x.a
LOAD c:/NXP/bstudio_nxp/sdk/JN-SW-4168/Components/Library\libAES_SW_JN516x.a
LOAD c:/NXP/bstudio_nxp/sdk/JN-SW-4168/Components/Library\libPDUM_JN516x.a
LOAD c:/NXP/bstudio_nxp/sdk/JN-SW-4168/Components/Library\libZPSAPL_JN516x.a
LOAD c:/NXP/bstudio_nxp/sdk/JN-SW-4168/Components/Library\libRandom_JN516x.a
LOAD c:/NXP/bstudio_nxp/sdk/JN-SW-4168/Components/Library\libPDM_EEPROM_JN516x.a
LOAD c:/NXP/bstudio_nxp/sdk/JN-SW-4168/Components/Library\libDBG_JN516x.a
LOAD c:/NXP/bstudio_nxp/sdk/JN-SW-4168/Components/Library\libZPSZLL_JN516x.a
LOAD c:/NXP/bstudio_nxp/sdk/JN-SW-4168/Components/Library\libZPSNWK_JN516x.a
LOAD c:/NXP/bstudio_nxp/sdk/JN-SW-4168/Components/Library\libRecal_JN516x.a
LOAD c:/NXP/bstudio_nxp/sdk/JN-SW-4168/Components/Library\libMiniMac_JN5169.a
LOAD c:/NXP/bstudio_nxp/sdk/JN-SW-4168/Components/Library\libMiniMacShim_JN516x.a
LOAD c:/NXP/bstudio_nxp/sdk/JN-SW-4168/Components/Library\libMMAC_JN5169.a
LOAD c:/NXP/bstudio_nxp/sdk/JN-SW-4168/Components/Library\libJPT_JN5169.a
LOAD c:/NXP/bstudio_nxp/sdk/JN-SW-4168/Components/Library\libAes_JN516x.a
LOAD c:/NXP/bstudio_nxp/sdk/JN-SW-4168/Components/Library\libHardwareApi_JN5169.a
LOAD c:/NXP/bstudio_nxp/sdk/JN-SW-4168/Components/Library\libMicroSpecific_JN516x.a
LOAD c:/NXP/bstudio_nxp/sdk/JN-SW-4168/Components/Library\libBoot_JN516x.a
LOAD c:/NXP/bstudio_nxp/sdk/JN-SW-4168/Platform/DK4/Library\libBoardLib_JN516x.a
LOAD c:/nxp/bstudio_nxp/sdk/tools/ba-elf-ba2-r36379/bin/../lib/gcc/ba-elf/4.7.4/../../../../ba-elf/lib/mcpu_jn51xx_sizeopt\libm.a
END GROUP
LOAD c:/nxp/bstudio_nxp/sdk/tools/ba-elf-ba2-r36379/bin/../lib/gcc/ba-elf/4.7.4/../../../../ba-elf/lib/mcpu_jn51xx_sizeopt\libc.a
LOAD c:/nxp/bstudio_nxp/sdk/tools/ba-elf-ba2-r36379/bin/../lib/gcc/ba-elf/4.7.4/mcpu_jn51xx_sizeopt\libgcc.a
LOAD c:/nxp/bstudio_nxp/sdk/tools/ba-elf-ba2-r36379/bin/../lib/gcc/ba-elf/4.7.4/../../../../ba-elf/lib/mcpu_jn51xx_sizeopt\libc.a
                0x0000000000080038                exception_vsr_table = 0x80038
                0x0000000004000000                pSPIflashFncTable = 0x4000000
                0x0000000000000044                restore_state = 0x44
                0x000000000000004a                bZSPIWaitWIPClear = 0x4a
                0x0000000000000050                u16ZSPIflashRDID = 0x50
                0x0000000000000056                u8SelectFlashChipType = 0x56
                0x000000000000005c                memcpy = 0x5c
                0x0000000000000066                vBootFlashProg = 0x66
                [0x00000000000007d0]                __minimum_heap_size = DEFINED (__minimum_heap_size)?__minimum_heap_size:0xd16
                [0x0000000000001388]                __stack_size = DEFINED (__stack_size)?__stack_size:0x800
                0x0000000000000000                _SwConfig = (DEFINED (g_bSWConf_Debug) | (DEFINED (g_bSWConf_AltDebugPort) << 0x1))

.version        0x000000000007fffc        0x4
                0x000000000007fffc        0x4 LONG 0xf03000b

.bir            0x0000000000080000       0x10
                0x0000000000080000                _flash_start = ABSOLUTE (.)
                0x0000000000080000                _flash_beg = ABSOLUTE (.)
                0x0000000000080000        0x4 LONG 0x12345678
                0x0000000000080004        0x4 LONG 0x11223344
                0x0000000000080008        0x4 LONG 0x55667788
                0x000000000008000c        0x1 BYTE 0x8
                0x000000000008000d        0x1 BYTE 0x1
                0x000000000008000e        0x2 SHORT 0x0

.flashheader    0x0000000000080010       0x28
                0x0000000000080010        0x4 LONG 0x0
                0x0000000000080014        0x4 LONG 0x0
                0x0000000000080018        0x4 LONG 0x0
                0x000000000008001c        0x2 SHORT 0x0
                0x000000000008001e        0x2 SHORT 0x0 ABSOLUTE (_SwConfig)
                0x0000000000080020                _enc_start = ABSOLUTE (.)
                0x0000000000080020        0x4 LONG 0x27c8c ABSOLUTE (_image_len)
                0x0000000000080024        0x4 LONG 0xa72d0 ABSOLUTE (_flash_data_start)
                0x0000000000080028        0x2 SHORT 0x13 ((ABSOLUTE (_ram_data_start) / 0x4) & 0xffff)
                0x000000000008002a        0x2 SHORT 0x26f ((ABSOLUTE (_ram_data_len) / 0x4) & 0xffff)
                0x000000000008002c        0x2 SHORT 0x282 ((ABSOLUTE (_bss_start) / 0x4) & 0xffff)
                0x000000000008002e        0x2 SHORT 0xf6e ((ABSOLUTE (_bss_len) / 0x4) & 0xffff)
                0x0000000000080030        0x4 LONG 0xa3344 ABSOLUTE (AppWarmStart)
                0x0000000000080034        0x4 LONG 0xa335e ABSOLUTE (AppColdStart)
                0x0000000000000000                _enc_offset = (_enc_start & 0xf)

.ro_mac_address
                0x0000000000080040        0x0
                0x0000000000080040                _FlsMACAddress = ABSOLUTE (.)
 *(.ro_mac_address)
                0x0000000000080040                . = ALIGN (0x10)

.ro_ota_header  0x0000000000080040        0x0
                0x0000000000080040                _FlsOtaHeader = ABSOLUTE (.)
 *(.ro_ota_header)
                0x0000000000080040                . = ALIGN (0x10)

.ro_se_lnkKey   0x0000000000080040        0x0
                0x0000000000080040                _FlsLinkKey = ABSOLUTE (.)
 *(.ro_se_lnkKey)
                0x0000000000080040                . = ALIGN (0x10)

.rodata         0x0000000000080038      0xea0
 *(.rodata*)
 .rodata.str1.1
                0x0000000000080038       0x19 C:\Users\Patrick\AppData\Local\Temp\ccil3FnS.ltrans0.ltrans.o
 *fill*         0x0000000000080051        0x3 00
 .rodata        0x0000000000080054      0x164 C:\Users\Patrick\AppData\Local\Temp\ccil3FnS.ltrans0.ltrans.o
                0x0000000000080054                gMAC_u8MaxBuffers
                0x0000000000080058                g_u32ApsFcSaveCountBitShift
                0x000000000008005c                u8MaxZpsConfigEp
                0x000000000008005d                au8EpMapPresent
                0x0000000000080060                s_groupPdmTable
 .rodata        0x00000000000801b8       0x30 C:\Users\Patrick\AppData\Local\Temp\ccil3FnS.ltrans1.ltrans.o
 .rodata.str1.1
                0x0000000000000000       0x19 C:\Users\Patrick\AppData\Local\Temp\ccil3FnS.ltrans1.ltrans.o
                                          0x8 (size before relaxing)
 .rodata        0x00000000000801e8       0x10 C:\Users\Patrick\AppData\Local\Temp\ccil3FnS.ltrans2.ltrans.o
 .rodata        0x00000000000801f8        0x8 C:\Users\Patrick\AppData\Local\Temp\ccil3FnS.ltrans3.ltrans.o
 .rodata        0x0000000000080200       0x10 C:\Users\Patrick\AppData\Local\Temp\ccil3FnS.ltrans4.ltrans.o
                0x0000000000080208                au32UartAddrOffset
 .rodata.str1.1
                0x0000000000080210        0x3 C:\Users\Patrick\AppData\Local\Temp\ccil3FnS.ltrans4.ltrans.o
 .rodata        0x0000000000080213       0x7b C:\Users\Patrick\AppData\Local\Temp\ccil3FnS.ltrans5.ltrans.o
                0x0000000000080213                au8FlashWaitStatesHSRCO.148737
                0x000000000008021b                au8FlashWaitStates32MXO.148736
 .rodata.str1.1
                0x000000000008028e        0x4 C:\Users\Patrick\AppData\Local\Temp\ccil3FnS.ltrans6.ltrans.o
                                          0x8 (size before relaxing)
 .rodata.str1.1
                0x0000000000000000        0x4 C:\Users\Patrick\AppData\Local\Temp\ccil3FnS.ltrans7.ltrans.o
                                          0x3 (size before relaxing)
 .rodata.str1.1
                0x0000000000080292       0x21 C:\Users\Patrick\AppData\Local\Temp\ccil3FnS.ltrans8.ltrans.o
                                         0x39 (size before relaxing)
 .rodata.str1.1
                0x00000000000802b3        0x6 C:\Users\Patrick\AppData\Local\Temp\ccil3FnS.ltrans9.ltrans.o
 .rodata.str1.1
                0x00000000000802b9       0x11 C:\Users\Patrick\AppData\Local\Temp\ccil3FnS.ltrans10.ltrans.o
                                         0x20 (size before relaxing)
 .rodata.str1.1
                0x0000000000000000        0x3 C:\Users\Patrick\AppData\Local\Temp\ccil3FnS.ltrans11.ltrans.o
 .rodata        0x00000000000802ca       0x10 C:\Users\Patrick\AppData\Local\Temp\ccil3FnS.ltrans12.ltrans.o
 .rodata.str1.1
                0x0000000000000000       0x11 C:\Users\Patrick\AppData\Local\Temp\ccil3FnS.ltrans13.ltrans.o
                                          0xf (size before relaxing)
 .rodata        0x00000000000802da        0x6 C:\Users\Patrick\AppData\Local\Temp\ccil3FnS.ltrans13.ltrans.o
 .rodata.str1.1
                0x00000000000802e0        0xa C:\Users\Patrick\AppData\Local\Temp\ccil3FnS.ltrans14.ltrans.o
                                         0x13 (size before relaxing)
 .rodata        0x00000000000802ea      0x107 C:\Users\Patrick\AppData\Local\Temp\ccil3FnS.ltrans14.ltrans.o
                0x00000000000802ea                au8ZLLChannelSet
 .rodata.str1.1
                0x00000000000803f1       0x25 C:\Users\Patrick\AppData\Local\Temp\ccil3FnS.ltrans15.ltrans.o
                                         0x4f (size before relaxing)
 *fill*         0x0000000000080416        0x2 00
 .rodata        0x0000000000080418      0x1fc C:\Users\Patrick\AppData\Local\Temp\ccil3FnS.ltrans19.ltrans.o
                0x0000000000080418                s_apsStSceTbl.129936
                0x000000000008042c                s_apsStSmeTbl.129999
                0x0000000000080440                s_aprIdleStHandleCme.139917
                0x0000000000080454                s_aprActvStHandleCme.136049
                0x0000000000080498                zps_sJoinSceTbl
                0x00000000000804a4                zps_sActvSceTbl
                0x00000000000804b0                zps_sDiscSmeTbl
                0x00000000000804bc                zps_sFormSmeTbl
                0x00000000000804c8                zps_sJoinSmeTbl
                0x00000000000804d4                zps_sActvSmeTbl
 .rodata.str1.1
                0x0000000000000000       0x25 C:\Users\Patrick\AppData\Local\Temp\ccil3FnS.ltrans21.ltrans.o
                                          0xa (size before relaxing)
 .rodata        0x0000000000080614       0x48 C:\Users\Patrick\AppData\Local\Temp\ccil3FnS.ltrans21.ltrans.o
 .rodata.str1.1
                0x000000000008065c       0xb7 C:\Users\Patrick\AppData\Local\Temp\ccil3FnS.ltrans23.ltrans.o
                                         0xba (size before relaxing)
 *fill*         0x0000000000080713        0x1 00
 .rodata        0x0000000000080714       0x18 C:\Users\Patrick\AppData\Local\Temp\ccil3FnS.ltrans24.ltrans.o
                0x0000000000080714                au32NwkPdmRecordOffsets
 .rodata.str1.1
                0x000000000008072c        0x5 C:\Users\Patrick\AppData\Local\Temp\ccil3FnS.ltrans25.ltrans.o
                                         0x13 (size before relaxing)
 .rodata.str1.1
                0x0000000000080731       0x27 C:\Users\Patrick\AppData\Local\Temp\ccil3FnS.ltrans26.ltrans.o
                                         0x4a (size before relaxing)
 .rodata.str1.1
                0x0000000000000000       0x27 C:\Users\Patrick\AppData\Local\Temp\ccil3FnS.ltrans27.ltrans.o
                                          0x6 (size before relaxing)
 .rodata.str1.1
                0x0000000000000000        0xf C:\Users\Patrick\AppData\Local\Temp\ccil3FnS.ltrans28.ltrans.o
 .rodata        0x0000000000080758      0x318 C:\Users\Patrick\AppData\Local\Temp\ccil3FnS.ltrans29.ltrans.o
                0x0000000000080958                gu32ZCLVersion
                0x000000000008095c                OS_g_u32Version
                0x0000000000080960                PDUM_g_u32Version
                0x0000000000080964                ZPS_g_u32MacVersion
                0x0000000000080968                ZPS_g_u32TsvVersion
 .rodata.str1.1
                0x0000000000000000       0x27 C:\Users\Patrick\AppData\Local\Temp\ccil3FnS.ltrans30.ltrans.o
                                          0x8 (size before relaxing)
 .rodata.str1.1
                0x0000000000080a70       0x8e C:\Users\Patrick\AppData\Local\Temp\ccil3FnS.ltrans31.ltrans.o
 *fill*         0x0000000000080afe        0x2 00
 .rodata        0x0000000000080b00      0x3d8 C:\Users\Patrick\AppData\Local\Temp\ccil3FnS.ltrans31.ltrans.o
                0x0000000000080b00                zps_g_pvApl
                0x0000000000080b04                pwrm_psWakeupCallbacks

.text           0x0000000000080ed8    0x263f8
 *(.text*)
 .text          0x0000000000080ed8     0x1e30 C:\Users\Patrick\AppData\Local\Temp\ccil3FnS.ltrans0.ltrans.o
                0x0000000000080ed8                vInitialiseApp.3306
                0x0000000000080ed8                APP_TIMER_Version_1v0
 .text          0x0000000000082d08     0x18b8 C:\Users\Patrick\AppData\Local\Temp\ccil3FnS.ltrans1.ltrans.o
                0x0000000000082d08                DBG_iUartGetChar
                0x0000000000082d58                vMMAC_IntHandlerBbc
                0x0000000000082d72                eBasicTxCompleteHandler
                0x0000000000082d77                vTxRxTimeout.146127
                0x0000000000082dd4                eSmeAcScBeaconInd.138012
                0x0000000000082e30                eSmeASFlBeaconInd.137847
                0x0000000000082e52                eSmeUDNTScanDcfm.137297
                0x0000000000082e6e                vPermitJoinHandleExpiry.132848
                0x0000000000082e77                vNwkMcpsTimerCallback
                0x0000000000082efd                zps_eNwkHandleSmePollDcfm
                0x0000000000082f27                eSmeGenlScanDcfm.137839
                0x0000000000082f85                eRouteRequestDataDcfm.134020
                0x0000000000082fd9                eNldeDataDcfm.131855
                0x0000000000083009                eSmeEdScScanDcfm.137835
                0x0000000000083052                eCLD_ColourControl_xyY2HSV.constprop.36
                0x0000000000083218                vMiniMac_ReturnTxBufferCallback
                0x000000000008322a                vEnableReceive.146131
                0x0000000000083264                pvHeap_Alloc
                0x0000000000083267                vMicroIntRestoreState
                0x0000000000083273                bAHI_WriteEEPROMfixSegmentData
                0x00000000000832d1                bAHI_InitialiseEEPROM
                0x0000000000083319                vAHI_ReadDataFromEEPROMregister
                0x0000000000083346                vAHI_WriteDataIntoEEPROMregister
                0x0000000000083376                iPDM_WriteSegmentHeaderDataIntoEEPROMsegment
                0x00000000000833a5                u8AHI_WakeTimerFiredStatus
                0x00000000000833b9                vAHI_WakeTimerStop.part.3.149231
                0x00000000000833d9                vAHI_UartReset.part.4.148985
                0x0000000000083411                vAHI_ClockXtalPull
                0x000000000008342e                vAHI_OptimiseWaitStates
                0x000000000008347a                bAHI_GetClkSource
                0x0000000000083487                vAHI_SwReset
                0x00000000000834b8                vAHI_DioSetDirection
                0x00000000000834cc                bAHI_APRegulatorEnabled
                0x00000000000834d9                bIssueACIcommand
                0x000000000008356f                vACI_CmdWaitBusy
                0x000000000008357c                vEcbEncodeStripe.148352
                0x00000000000835d3                vRadioToOff
                0x00000000000835f0                vStartReceive
                0x000000000008360c                MAC_u64GetExtAddr
                0x0000000000083627                psSearchForFrameToSend
                0x000000000008367f                eMiniMac_FrameInProgress
                0x00000000000836aa                vRemoveFromTxQueue
                0x00000000000836e6                vAddToTxQueue
                0x000000000008371c                u8GetHeaderSize
                0x0000000000083744                vMiniMac_PLME_SetReq_CcaMode
                0x0000000000083758                vMiniMac_MLME_SetReq_MaxCsmaBackoffs
                0x0000000000083778                vMiniMac_MLME_SetReq_MaxBe
                0x000000000008379b                vMiniMac_MLME_SetReq_MinBe
                0x00000000000837be                zps_vSendJoinInd
                0x0000000000083830                zps_psFormatCmdFrameGeneral
                0x00000000000838bd                zps_eNwkFormStInit
                0x00000000000838d2                vSendDcfm.138533
                0x00000000000838f8                bCheckMatchingEntry.138007
                0x000000000008391e                zps_psNwkSlistRemoveFromHead
                0x0000000000083935                zps_psNwkSlistRemove
                0x000000000008396d                zps_bNwkMcpsMgrRemoveDescrFromLists
                0x00000000000839ab                zps_vNwkSlistAddToTail
                0x00000000000839c5                zps_vNwkSecClearMatSet
                0x00000000000839ef                ZPS_bNwkSecHaveNetworkKey
                0x0000000000083a23                ZPS_bNwkSecFindMatSet
                0x0000000000083a5f                zps_eNwkRctMatchNwkAddr
                0x0000000000083ac9                ZPS_u8NwkCalcNldeReqOverhead
                0x0000000000083b04                zps_vRemoveNextHop
                0x0000000000083bb9                zps_vRemoveRoute
                0x0000000000083c50                zps_psNwkRtMatchNwkAddr
                0x0000000000083cc6                zps_vNwkFreeMcpsHandle
                0x0000000000083cf0                zps_psNwkMcpsMgrFindPendingByNwkDstAddr
                0x0000000000083d06                ZPS_u64NwkNibGetMappedIeeeAddr
                0x0000000000083d28                eLeaveDataDcfmRemoteLeave.142594
                0x0000000000083d71                ZPS_vNwkSecResetDevice
                0x0000000000083db6                ZPS_bNwkNibNtActvMatch
                0x0000000000083e6e                ZPS_u64NwkNibFindExtAddr
                0x0000000000083f19                ZPS_u16NwkNibFindNwkAddr
                0x0000000000083fbf                bCheckNwkAddr
                0x000000000008400d                zps_vSendNwkStatusInd
                0x000000000008403f                ZPS_vSetExtendedStatus
                0x0000000000084051                zps_eNwkRtMatch
                0x000000000008416a                zps_psApsApsAllocateDcfmRecord
                0x00000000000841d8                zps_u8CalcLinkCost
                0x0000000000084214                ZPS_u8NwkNibNtDiscMatch
                0x00000000000842f8                zps_u64NwkLibFromPayload
                0x0000000000084495                eSmeAcScBeaconInd.137855
                0x000000000008459d                eSmeUDNTBeaconInd.137831
 .text          0x00000000000845c0     0x15a5 C:\Users\Patrick\AppData\Local\Temp\ccil3FnS.ltrans2.ltrans.o
                0x00000000000845c0                DBG_vUartFlush
                0x00000000000845ed                DBG_vUartPutch
                0x0000000000084633                os_u32APP_cbGetTickTimer
                0x000000000008463c                os_bAPP_cbSetTickTimerCompare
                0x00000000000847eb                vMiniMac_NextTransaction
                0x0000000000084892                psGetTxFrameBuffer
                0x00000000000848d1                MAC_vPibSetRxOnWhenIdle.constprop.101
                0x00000000000848d9                eTransmit
                0x00000000000849b6                eBuildAndSend.146907
                0x0000000000084a2b                vMiniMac_TxComplete
                0x0000000000084b12                vTimerFired
                0x0000000000084bca                vMiniMac_Init
                0x0000000000084f7d                eCLD_ScenesSaveClusters.constprop.37
                0x00000000000851a0                vDispatch.61034
                0x0000000000085272                OS_eStartSWTimer.constprop.153
                0x0000000000085391                os_vAPP_RadioRecal
                0x000000000008541e                OS_eContinueSWTimer.constprop.34
                0x00000000000854ff                OS_eStopSWTimer
                0x0000000000085622                OS_ePostMessage
                0x0000000000085788                os_vAPP_DiscoveryTimerTask
                0x00000000000857cf                os_vAPP_CommissionTimerTask
                0x00000000000857e5                OS_eActivateTask
                0x0000000000085880                vPostMlmeDcfmInd.80169
                0x0000000000085923                PWRM_vWakeInterruptCallback
                0x00000000000859aa                u16ZCL_APduInstanceReadNBO
                0x00000000000859fb                u16ZCL_ReadCommandHeader.part.0.45303
                0x0000000000085a72                eCLD_BasicCommandHandler
                0x0000000000085a9e                u16ZCL_APduInstanceWriteStringNBO
 *fill*         0x0000000000085b65        0x3 00
 .text          0x0000000000085b68     0x13bc C:\Users\Patrick\AppData\Local\Temp\ccil3FnS.ltrans3.ltrans.o
                0x0000000000085c0f                vCLD_IdentifyTimerClickCallback.16162
                0x0000000000085c96                dbg_vPrintfImplNoneVerbose
                0x000000000008611d                eCLD_ColourControlHandleColourModeChange
                0x00000000000861b2                eCLD_ColourControlUpdate
                0x00000000000866f6                eCLD_ColourControlSceneEventHandler.38208
                0x0000000000086739                eCLD_ScenesRemoveAllScenes
                0x00000000000867ea                eCLD_ScenesUpdate
                0x0000000000086ab1                eCLD_OnOffGetState
                0x0000000000086ae0                eCLD_LevelControlUpdate
                0x0000000000086d92                eCLD_LevelControlStopTransition
                0x0000000000086dcf                eCLD_LevelControlSetOnOffState
                0x0000000000086f0c                eCLD_LevelControlClusterIsPresent
 .text          0x0000000000086f24     0x1030 C:\Users\Patrick\AppData\Local\Temp\ccil3FnS.ltrans4.ltrans.o
                0x0000000000086f24                os_vAPP_cbDisableTickTimer
                0x0000000000086f68                os_vAPP_cbEnableTickTimer
                0x0000000000087022                vRetryCcaFailure
                0x0000000000087076                os_vAPP_ButtonsScanTask
                0x000000000008711c                eOrphanNotificationSent.146899
                0x0000000000087165                DBG_vUartInitHardware
                0x00000000000872a2                eZCL_SearchForClusterEntry
                0x0000000000087340                eZCL_FindCluster.constprop.144
                0x000000000008738d                eCLD_GroupsSetIdentifying
                0x00000000000873b0                eCLD_OnOffSetGlobalSceneControl.constprop.22
                0x00000000000873e4                eCLD_ColourControl_HSV2xyY.constprop.35
                0x00000000000876b8                eCLD_ColourControl_GetRGB.constprop.58
                0x0000000000087781                eZCL_CustomCommandReceiveScenes.isra.0.part.1.23088.constprop.18
                0x0000000000087875                vCLD_ScenesUpdateSceneValid
                0x00000000000878f1                eCLD_OnOffSceneEventHandler.19226
                0x0000000000087928                eZCL_BuildTransmitAddressStructure
                0x0000000000087995                eCLD_ScenesCountScenes
                0x00000000000879af                ZPS_bSecDecrypt
                0x0000000000087ac1                boPDM_IsBitmapSaturated.123467
                0x0000000000087b0a                APP_bButtonInitialise
                0x0000000000087b50                eCLD_ScenesStoreScene
                0x0000000000087c28                bPCA9634_WriteRegister
                0x0000000000087ca6                bRGB_LED_SetLevel
                0x0000000000087cf3                vLI_UpdateDriver
                0x0000000000087d44                bRGB_LED_Off
                0x0000000000087d79                vRGBLight_SetLevels
                0x0000000000087e02                APP_vHandleIdentify
                0x0000000000087e4c                iPDM_SearchForBufferIdInList
                0x0000000000087e81                iPDM_SearchForBufferIdInFileSystem
                0x0000000000087e94                iPDM_ReadUserDataFromSegmentWithId
                0x0000000000087ec9                iPDM_SearchForSpecificSegmentInList
                0x0000000000087efb                psGetAndBuildCoordRealignment
 .text          0x0000000000087f54     0x1110 C:\Users\Patrick\AppData\Local\Temp\ccil3FnS.ltrans5.ltrans.o
                0x0000000000087f54                vZdoServersInit.3037
                0x0000000000088093                boIdValueSearchMatch.122575
                0x00000000000880ed                u16ZCL_APduInstanceReadStringNBO
                0x00000000000881c2                eZCL_GetAttributeTypeSizeFromBuffer
                0x0000000000088239                u16ZCL_APduInstanceWriteNBO
                0x000000000008828d                u16ZCL_WriteCommandHeader
                0x0000000000088305                iPDM_ReadUserDataFromEEPROMsegment
                0x000000000008837f                iPDM_ReCalculateWearCountAndChecksumAndWriteFileSystemHeader
                0x00000000000883c9                vPDM_SetEEPROMandFileSystemValidState
                0x00000000000883f0                iPDM_ReadUserDataFromFileSystemRecord
                0x0000000000088410                vPDM_WriteFileSystemRecordAndSegmentDataIntoEEPROMsegment
                0x000000000008844b                u16ZCL_ReadTypeNBO
                0x0000000000088500                iPDM_ReadSegmentHeaderDataFromEEPROMsegment
                0x0000000000088559                eCLD_ScenesSetLastConfiguredBy.isra.2.23104
                0x0000000000088590                eCLD_ScenesFindActiveScene
                0x00000000000885c5                iPDM_FilterDuplicateAppendedSegmentsOnList.123747
                0x0000000000088609                eCLD_GroupsCheckGroupExists
                0x0000000000088676                ZPS_bIsMacAddressUsedInApsTable
                0x000000000008872c                ZPS_eTsvOpen
                0x0000000000088746                zps_vNwkBttMgrInit
                0x0000000000088774                ZPS_vNwkNibClearTables
                0x0000000000088895                vAHI_ApConfigure.part.0.148426.constprop.151
                0x00000000000888cb                vMiniMac_MLME_SetReq_PanId
                0x0000000000088908                vMiniMac_MLME_SetReq_ShortAddr
                0x0000000000088916                psDLISTsearchFromHead
                0x000000000008893f                eCLD_ScenesAddScene
                0x0000000000088a1f                eCLD_ScenesFindScene
                0x0000000000088a7b                iAHI_WriteDataIntoEEPROMsegment.constprop.142
                0x0000000000088ac9                vZCL_InitializeClusterInstance.constprop.135
                0x0000000000088ada                pvZCL_HeapAlloc.part.0.52664.constprop.119
                0x0000000000088b13                vMicroIntEnableOnly.constprop.110
                0x0000000000088b3f                vSetChannelAndPower
                0x0000000000088cdf                vMiniMac_PLME_SetReq_Power
                0x0000000000088cf3                vMiniMac_PLME_SetReq_Channel
                0x0000000000088cfb                TSV_eStart
                0x0000000000088d4b                bAHI_SetClockRate.part.0.148655.constprop.83
                0x0000000000088dc6                vACI_OptimisedCcmStar.constprop.55
                0x0000000000088fb1                zps_eNwkRtDiscMatch.constprop.52
                0x0000000000089004                bACI_ECBencodeBuffer.part.0.148316.constprop.50
 .text.unlikely
                0x0000000000089064       0x43 C:\Users\Patrick\AppData\Local\Temp\ccil3FnS.ltrans5.ltrans.o
                0x0000000000089064                vAHI_MemoryHold.148663
 .text          0x00000000000890a7     0x1062 C:\Users\Patrick\AppData\Local\Temp\ccil3FnS.ltrans6.ltrans.o
                0x0000000000089251                eBeaconReqSent.146903
                0x0000000000089336                zps_bAplZdoNwkAddrServer
                0x00000000000894b7                zps_bAplZdoIeeeAddrServer
                0x000000000008960d                APP_ZCL_cbEndpointCallback.6004
                0x0000000000089823                vPDM_AddFileSystemElementToListInAscendingWearCountOrder
                0x0000000000089931                vMiniMac_McpsCallback
                0x0000000000089b5d                eMcpsTxCompleteHandler.145756
                0x0000000000089b8b                vTransformKey.isra.0.69817
                0x0000000000089bbb                PWRM_vManagePower
                0x0000000000089d05                u8PDM_CalculateFileSystemCapacity
                0x0000000000089d23                vFreePendingReqDescr
                0x0000000000089d8d                vHandleRouteDiscoveryExpiry.133580
                0x0000000000089deb                ZPS_bSecEncrypt
                0x0000000000089fa1                eCLD_ZllCommissionCommandNetworkJoinRouterRspCommandSend.constprop.27
                0x0000000000089fcb                eSendScanResponse.6955.constprop.30
 .text.unlikely
                0x000000000008a109       0xaa C:\Users\Patrick\AppData\Local\Temp\ccil3FnS.ltrans6.ltrans.o
                0x000000000008a109                eMakeEntryInBindingTable.68312
 .text          0x000000000008a1b3     0x1262 C:\Users\Patrick\AppData\Local\Temp\ccil3FnS.ltrans7.ltrans.o
                0x000000000008a29f                zps_eNwkHandleSceLinkStatus
                0x000000000008a3d3                zps_vLinkStatusHandleExpiry
                0x000000000008a474                vIncrementFrameCounterInPdm.isra.0.131067
                0x000000000008a653                vProcessListsForSubmission.129777
                0x000000000008a90d                zps_vNwkMcpsMgrPost
                0x000000000008a9c1                zps_vNwkHandleCmeLeaveReq
                0x000000000008aa8f                zps_eNwkHandleSceLeave
                0x000000000008ac51                zps_eNwkHandleSdeActvDcfmData
                0x000000000008addb                vMcpsMgrTimeoutExpiry
                0x000000000008ae4a                iPDM_VerifyDataSequenceWithBufferId
                0x000000000008aeec                vSaveScenesNVM
                0x000000000008af90                eCLD_GroupsRemoveAllGroups
                0x000000000008b04a                vRemoveAllGroupsAndScenes
                0x000000000008b05c                vManagePowerOnCountInit
                0x000000000008b0a5                os_vAPP_vManagePowerOnCount
                0x000000000008b0fd                vPickChannel.4576
                0x000000000008b15a                zps_eAplZdoGroupEndpointRemove
                0x000000000008b1f2                zps_psFindKeyDescr
                0x000000000008b326                zps_eAplSecEncryptPacket
 .text.unlikely
                0x000000000008b415       0x5f C:\Users\Patrick\AppData\Local\Temp\ccil3FnS.ltrans7.ltrans.o
                0x000000000008b415                vInitUnknownNeighbor.129673
 *fill*         0x000000000008b474        0x0 00
 .text          0x000000000008b474     0x1330 C:\Users\Patrick\AppData\Local\Temp\ccil3FnS.ltrans8.ltrans.o
                0x000000000008b474                zps_psSendBroadcastFrm
                0x000000000008b50a                ZPS_vNwkHandleNldeReqRsp
                0x000000000008b7c7                zps_eAplSendApsmeCmdFrame
                0x000000000008bb17                vPostNldeDcfmInd.64289
                0x000000000008c637                zps_eAplApsmeUpdateDeviceReqRsp.part.4.68423
 .text          0x000000000008c7a4     0x13f5 C:\Users\Patrick\AppData\Local\Temp\ccil3FnS.ltrans9.ltrans.o
                0x000000000008c7ed                zps_vAplSaveRecord
                0x000000000008c91e                zps_bNwkFindAddIeeeAddr
                0x000000000008ca9c                ZPS_bNwkNibAddrMapAddEntry
                0x000000000008cc63                eCheckAddrConflict.isra.4.128998
                0x000000000008ccf9                vAplSecRemoveLinkKey.73424
                0x000000000008cd76                ZPS_vNwkSaveAllRecords
                0x000000000008cd8d                zps_vSaveAllZpsRecords
                0x000000000008cdac                ZPS_vNwkNibSetNwkAddr
                0x000000000008cdcb                zps_eNwkHandleSceRejnResponse
                0x000000000008ce28                ZPS_vNwkNibSetExtPanId
                0x000000000008ce4c                ZPS_vNwkNibSetKeySeqNum
                0x000000000008ce61                ZPS_vNwkNibSetDepth
                0x000000000008ce8a                ZPS_vNwkNibSetUpdateId
                0x000000000008ce9a                vSendNetworkUpdate.128765
                0x000000000008cfc9                ZPS_vNwkNibSetPanId
                0x000000000008cfe8                ZPS_vNwkNibSetCapabilityInfo
                0x000000000008d016                ZPS_vNwkNibSetChannel
                0x000000000008d02f                ZPS_vNwkSaveNt
                0x000000000008d14a                ZPS_vNtSetUsedStatus
                0x000000000008d1f0                zps_vJoinInitNtParent
                0x000000000008d346                zps_vBuildSortedActvNTList
                0x000000000008d404                zps_vAgeRouter
                0x000000000008d441                zps_sNwkNibNtCheckJoin
                0x000000000008d6ea                zps_vNwkHandleCmeDirectJoinReq
                0x000000000008d769                zps_vCheckActvNtForDuplicate
                0x000000000008d806                vFinish.141596
                0x000000000008d85c                eSmeOrphScanDcfm.141606
                0x000000000008d8d4                zps_vCleanUnAuthenHandleExpiry
                0x000000000008d9d6                eUnsolicitedRejoinRspDataDcfm.128773
                0x000000000008da01                eRejoinRspDataDcfm.140393
                0x000000000008dad0                zps_eNwkHandleSmeCommStatusInd
                0x000000000008db84                ZPS_vNwkSaveSecMat
 .text          0x000000000008db99     0x14e7 C:\Users\Patrick\AppData\Local\Temp\ccil3FnS.ltrans10.ltrans.o
                0x000000000008dcab                vSendNetworkReport.128761
                0x000000000008dd85                zps_eNwkHandleSceRouteRequest
                0x000000000008e1b4                zps_eNwkHandleSceRouteReply
                0x000000000008e48b                zps_psNwkInitiateRouteDiscovery
                0x000000000008e7c3                zps_psSendFrm
                0x000000000008eadf                zps_eNwkHandleSceRouteRecord
                0x000000000008ebb3                zps_psNwkSendRejoinReqCmd.constprop.8
                0x000000000008ec23                zps_u8NwkHandleRejoinReq
                0x000000000008ecec                vContinueRejoin.140389
                0x000000000008ed93                zps_psSendNetworkStatusCmd
                0x000000000008ee00                zps_vProcessLocalAddrConflict
                0x000000000008eeab                zps_eDefaultDataDcfm
 .text          0x000000000008f080     0x13fc C:\Users\Patrick\AppData\Local\Temp\ccil3FnS.ltrans11.ltrans.o
                0x000000000008f080                zps_eSceGenlIllegal
                0x000000000008f087                zps_eSmeGenlIllegal
                0x000000000008f08e                DBG_vUartFailedAssert
                0x000000000008f092                zps_bAplZdoBindRequestServer
                0x000000000008f1cd                psGetVsMcpsBuf.80173
                0x000000000008f1d6                psGetMlmeBuf.80166
                0x000000000008f21d                psGetNlmeBuf.64265
                0x000000000008f227                psGetNldeBuf.64286
                0x000000000008f231                psGetApsmeBuf.64272
                0x000000000008f23a                psGetApsdeBuf.64279
                0x000000000008f353                vLoopbackTimerCallback
                0x000000000008f382                zps_vNwkLibU64ToPayload
                0x000000000008f3af                zps_vInitBeaconPayload
                0x000000000008f42b                zps_eNwkDcfmIndPost
                0x000000000008f44e                zps_psNwkDcfmIndGetBuf
                0x000000000008f470                DBG_vInit
                0x000000000008f4b2                vPDM_ReadBitmapHeader.123432
                0x000000000008f4d1                psSLISTsearch
                0x000000000008f511                psSLISTremove
                0x000000000008f58f                vSLISTaddToTail
                0x000000000008f5ae                psSLISTgetNext
                0x000000000008f5d2                u8PDM_CalculateLargestDataRecordStored
                0x000000000008f603                bPDM_ImageBitmapRepairCheck
                0x000000000008f62b                u8PDM_ReadSequenceNumber
                0x000000000008f64e                boSegmentNumberDeleteSearchMatch.123002
                0x000000000008f669                u8PDM_ReadSegmentDataSize
                0x000000000008f67d                u32PDM_ReadFileSystemHeaderWearCount
                0x000000000008f693                boSearchForWearCountSubstitute.123318
                0x000000000008f6b9                boSearchForWearCountInsertPoint.122571
                0x000000000008f6d7                vPDM_WriteFileSystemHeaderWearCount
                0x000000000008f6e9                RND_u32GetRand256
                0x000000000008f706                RND_u32GetRand
                0x000000000008f72d                u16CalculateFailedTxCount.98197
                0x000000000008f757                vZdoIeeeAddrServerSendExtendResponse.part.0.83994
                0x000000000008f7b8                vZdoNwkAddrServerSendExtendResponse.part.0.82814
                0x000000000008f819                zps_bAplZdoServerHandleConfirmAcks
                0x000000000008f863                zps_bPerformLeaveActionDecider
                0x000000000008f868                vHandleUpdateDeviceIndication.73331
                0x000000000008f892                bDuplicateCheck.69698
                0x000000000008f99f                eHandleRemoveNonBroadcastEndpointsFromGroup.68326
                0x000000000008fa17                eHandleAddEntryToGroupTable.68289
                0x000000000008fa73                zps_vAplApsFillAndPostApsAck
                0x000000000008fadd                zps_u8AplApsFreeMsgHandle
                0x000000000008fb47                vFillDataIndStruct.64132
                0x000000000008fba5                vFillApduErrorEvent.64125
                0x000000000008fbe8                bCheckProfile.64120
                0x000000000008fc2f                ZPS_bIsGroupPresent
                0x000000000008fc67                pdum_u16ReadNBO
                0x000000000008fdc8                PDUM_u16SizeNBO
                0x000000000008fe26                PDUM_u16APduInstanceWriteStrNBO
                0x000000000008ffa5                PDUM_u16APduInstanceReadNBO
                0x000000000008fff0                PDUM_u16APduInstanceWriteNBO
                0x000000000009005a                PDUM_thAPduInstanceGetApdu
                0x0000000000090075                PDUM_eAPduInstanceSetPayloadSize
                0x000000000009009d                PDUM_eNPduWriteDataFromBuffer
                0x00000000000900f7                PDUM_eNPduWriteDataToBuffer
                0x0000000000090155                PDUM_eNPduWriteFromBuffer
                0x000000000009017e                PDUM_eNPduDescend
                0x00000000000901a4                PDUM_eNPduAscend
                0x00000000000901ca                PDUM_eNPduClaimData
                0x0000000000090237                PDUM_eNPduAppendDataNBO
                0x0000000000090294                PDUM_eNPduClaimHeader
                0x00000000000902b7                PDUM_eNPduReadHeaderNBO
                0x000000000009030a                PDUM_eNPduPrependHeaderNBO
                0x0000000000090365                PDUM_eNPduInitDescending
                0x0000000000090380                zps_vInitAPSMECmdHdr
                0x00000000000903b7                OS_eCollectMessage
 .text.unlikely
                0x000000000009047c       0xd0 C:\Users\Patrick\AppData\Local\Temp\ccil3FnS.ltrans11.ltrans.o
                0x000000000009047c                bIsBindTableMatch.68266
                0x00000000000904cd                eRemoveEntryInBindingTable.68294
 .text          0x000000000009054c     0x106c C:\Users\Patrick\AppData\Local\Temp\ccil3FnS.ltrans12.ltrans.o
                0x000000000009079f                zps_vAplApsPollTimer
                0x00000000000908d0                vAplSecAuthPollTimerExpiry.73308
                0x0000000000090928                vPostNlmeDcfmInd.64268
                0x000000000009103a                vPostApsmeDcfmInd.64275
                0x0000000000091497                zps_eAplZdoDiscoverNetworks
                0x00000000000914c0                vDiscoverNetworks.4579
                0x000000000009152b                vTryNwkJoin.4583
 .text          0x00000000000915b8     0x126c C:\Users\Patrick\AppData\Local\Temp\ccil3FnS.ltrans13.ltrans.o
                0x0000000000091874                zps_bAplZdoMatchDescServer
                0x0000000000091888                zps_bAplZdoNodeDescServer
                0x00000000000919f4                PDUM_eNPduAllocate
                0x0000000000091a63                zps_u8AplApsConstructAndPostLoopBackDataInd.66876
                0x0000000000091b9c                u8PostUnicastMsgToNHLE.66884
                0x0000000000091bd5                PDUM_eNPduClone
                0x0000000000091c21                PDUM_eNPduFree
                0x0000000000091c8e                vPostVsMcpsDcfmInd.80176
                0x0000000000091d78                ZPS_vInterceptMcpsDataCallback
                0x0000000000091dda                zps_vNwkMcpsMgrFreeReqDescr
                0x0000000000091e0c                zps_psAllocateAndFormatMacHdr
                0x00000000000920f5                zps_psNwkInitCmdFrame
                0x0000000000092174                eSendLinkStatusDataDcfm.part.1.127726
                0x00000000000922a6                zps_vNwkRemoveConflictedBroadcast
                0x00000000000922f8                zps_vNwkMcpsMgrTidyBtrReqDescr
                0x000000000009233c                vNwkBttTimerExpiry.136097
                0x000000000009245a                MAC_vHandleMcpsVsReqRsp
                0x000000000009277d                hZCL_AllocateAPduInstance
                0x00000000000927b9                eZCL_TransmitInterPanRequest.constprop.32
 *fill*         0x0000000000092824        0x0 00
 .text          0x0000000000092824     0x1270 C:\Users\Patrick\AppData\Local\Temp\ccil3FnS.ltrans14.ltrans.o
                0x0000000000092824                zps_eZdpIeeeAddrResponse
                0x0000000000092907                os_vAPP_ZPR_Light_Task
                0x0000000000092c4f                os_vAPP_Commission_Task
 .text          0x0000000000093a94     0x1130 C:\Users\Patrick\AppData\Local\Temp\ccil3FnS.ltrans15.ltrans.o
                0x0000000000093cbb                zps_eZdpNodeDescResponse
                0x0000000000093d63                zps_eZdpSimpleDescResponse
                0x0000000000093e70                zps_eZdpPowerDescResponse
                0x0000000000093f0d                zps_eZdpActiveEpResponse
                0x0000000000093fa3                zps_eZdpMatchDescResponse
                0x0000000000094039                zps_eZdpSystemServerDiscoveryResponse
                0x00000000000940a8                zps_eAplZdpMgmtLqiResponse
                0x0000000000094190                zps_eAplZdpMgmtRtgResponse
                0x0000000000094309                zps_eZdpNwkAddrResponse
                0x00000000000943ec                zps_bAplZdoMgmtNWKUpdateServer
                0x000000000009475c                eZCL_TransmitDataRequest
                0x0000000000094ac5                eZCL_SendDefaultResponse
 .text          0x0000000000094bc4     0x1234 C:\Users\Patrick\AppData\Local\Temp\ccil3FnS.ltrans16.ltrans.o
                0x0000000000094d7c                vSendMlmeCommStatusFromTxFrame
                0x0000000000094dd2                MAC_vHandleMlmeVsReqRsp.constprop.102
                0x000000000009539c                vHandleNwkLocalUpdateAfterBcast.128778
                0x00000000000953f0                vHandleNwkRemoteUpdateAfterBcast.128769
                0x0000000000095443                ZPS_pvNwkCtor.constprop.99
                0x00000000000957e2                ZPS_vNwkHandleNlmeReqRsp.part.0.132011
                0x00000000000959c6                eSmeAcScScanDcfm.138537
                0x0000000000095cfc                zps_vNwkHandleCmeActvStartRouterReq
                0x0000000000095d98                zps_eAplZdoZllStartRouter
 .text          0x0000000000095df8     0x1029 C:\Users\Patrick\AppData\Local\Temp\ccil3FnS.ltrans17.ltrans.o
                0x0000000000095df8                eCLD_ScenesCommandHandler
 *fill*         0x0000000000096e21        0x3 00
 .text          0x0000000000096e24      0xf6c C:\Users\Patrick\AppData\Local\Temp\ccil3FnS.ltrans18.ltrans.o
                0x0000000000096e24                os_vTick_Task
                0x0000000000097206                eZCL_CustomCommandSend.constprop.23
                0x0000000000097468                eCLD_IdentifyCommandHandler
                0x00000000000978bc                eCLD_GroupsCommandHandler
 .text          0x0000000000097d90      0xe08 C:\Users\Patrick\AppData\Local\Temp\ccil3FnS.ltrans19.ltrans.o
                0x0000000000097d90                vMcpsMgrExpiry.129661
                0x0000000000097df0                vBbcIntHandler.145555
                0x00000000000980b9                os_vzps_isrMAC
                0x00000000000980f8                eAssocRespSent.146464
                0x0000000000098117                zps_vNwkHandleCmeSyncReq
                0x0000000000098199                zps_vNwkHandleCmeIdleNwkFormReq
                0x0000000000098241                zps_vNwkHandleCmeNwkDiscReq
                0x00000000000982bb                zps_vNwkHandleCmeEdScanReq
                0x00000000000984ce                zps_vNwkHandleCmeNwkJoinReq
                0x0000000000098789                zps_vNwkHandleCmeNwkActvJoinReq
                0x0000000000098825                vHandleRejoinExpiry.141155
                0x0000000000098882                zps_eRejoinDataDcfm
                0x0000000000098a4c                vSetKeys
                0x0000000000098ad1                vResetDataStructures
 .text          0x0000000000098b98     0x1068 C:\Users\Patrick\AppData\Local\Temp\ccil3FnS.ltrans20.ltrans.o
                0x0000000000098b98                eZCL_CustomCommandReceive
                0x0000000000098d06                eCLD_ColourControlCommandHandler
                0x0000000000099bf7                eCLD_OnOffCommandReceive
 .text          0x0000000000099c00      0xf36 C:\Users\Patrick\AppData\Local\Temp\ccil3FnS.ltrans21.ltrans.o
                0x0000000000099c00                ZPS_vNwkHandleNlmeReqRsp
                0x0000000000099c7d                vAplSecAuthTimerExpiry.73312
                0x0000000000099d4d                zps_vAplAfPostEvent
                0x000000000009a039                vPostApsdeDcfmInd.64282
                0x000000000009a242                zps_vHandleApsdeDataFragIndNotSupported
                0x000000000009a2ab                vHandleApsInterPanDcfmData
                0x000000000009a55c                vApsInterPanMcpsDataInd
                0x000000000009a781                zps_eAplZdoLeaveNetwork.constprop.60
                0x000000000009a7ac                zps_bAplZdoMgmtLeaveServer
                0x000000000009a92c                zps_eAplZdoNlmePermitJoiningWrapper
                0x000000000009a954                zps_bAplZdoPermitJoiningServer
                0x000000000009a9ee                vChangeChannelTimerExpiry.98189
                0x000000000009aa51                eLeaveReset.142589
                0x000000000009aabc                eLeaveDataDcfmLocalLeave.142599
 *fill*         0x000000000009ab36        0x2 00
 .text          0x000000000009ab38      0xe7c C:\Users\Patrick\AppData\Local\Temp\ccil3FnS.ltrans22.ltrans.o
                0x000000000009afcb                vZCL_EventHandler
                0x000000000009b931                os_vZCL_Task
 .text          0x000000000009b9b4     0x12cb C:\Users\Patrick\AppData\Local\Temp\ccil3FnS.ltrans23.ltrans.o
                0x000000000009b9b4                vfExtendedStatusCallBack
                0x000000000009b9c0                vUnclaimedInterrupt.3308
                0x000000000009b9d3                vOSError.3310
                0x000000000009ba1c                OS_eExitCriticalSection
                0x000000000009bb01                PDUM_hAPduAllocateAPduInstance
                0x000000000009bb75                zps_eAplZdoSendZdpResponse
                0x000000000009bbbe                bSendResponse.97008
                0x000000000009bc01                PDUM_eAPduFreeAPduInstance
                0x000000000009bc84                zps_bAplZdoSimpleDescServer
                0x000000000009bee5                zps_bAplZdoPowerDescServer
                0x000000000009c002                zps_bAplZdoActiveEpServer
                0x000000000009c0eb                zps_bAplZdoSystemServerDiscoveryServer
                0x000000000009c174                zps_bAplZdoMgmtLqiServer
                0x000000000009c3a0                zps_bAplZdoMgmtRtgServer
                0x000000000009c4e6                PDM_eReadDataFromRecord
                0x000000000009c568                vLoadAplRecord.73358
                0x000000000009c596                vLoadNwkRecord.130633
                0x000000000009c5ce                ZPS_eTsvStart
                0x000000000009c629                zps_eAplZdoBdrmRequestSend
                0x000000000009c6a4                zps_eNwkHandleSceNwkUpdate
                0x000000000009c6c8                vProcessTimedList.129689
                0x000000000009c70e                zps_vNwkMcpsMgrPostTimed
                0x000000000009c721                vNwkMcpsSendTimedDfcm
                0x000000000009c765                zps_vAplAfPostTimerEvent
                0x000000000009c7e2                zps_vExpireOldRoutes
                0x000000000009c86b                zps_vNwkJoinStStartResponseTimer
                0x000000000009c8a5                ZPS_eTsvStop
                0x000000000009c8f9                zps_vNwkHandleCmePermitJoinReq
                0x000000000009c961                zps_eNwkBtrMatch
                0x000000000009ca5e                zps_vAplApsStopPollTimer.part.2.66765
                0x000000000009cae5                zps_vSendJoinDcfm
                0x000000000009cb2c                vGiveUp.141159
                0x000000000009cb64                eHandleRemoveBroadcastEndpointsFromGroup.68285
                0x000000000009cbbe                eZCL_SetReceiveEventAddressStructure
                0x000000000009cc3d                DBG_vDumpStack
 .text          0x000000000009cc7f      0xc56 C:\Users\Patrick\AppData\Local\Temp\ccil3FnS.ltrans24.ltrans.o
                0x000000000009cc7f                vPDM_MoveAllDataFromListToList
                0x000000000009ccbd                vPDM_MoveAllDataWithBufferIdAndStateFromListToList
                0x000000000009cd48                vPDM_MoveAllDataToDeAllocList
                0x000000000009cd70                vPDM_MoveAllDataWithBufferIdFromListToList
                0x000000000009ce31                vPDM_DeleteSegmentsWithIdFromFileSystem
                0x000000000009ce52                vPDM_MoveFileRecordFromListToList
                0x000000000009ce76                vPDM_MoveRecordToDeAllocList
                0x000000000009ce96                vPDM_DeleteAppendedSequence
                0x000000000009cf3b                iPDM_WriteSegmentHeaderAndData
                0x000000000009d137                iPDM_SegmentCopyAndAppendData.constprop.152
                0x000000000009d194                iPDM_ReconstructReplacedDataTable
                0x000000000009d413                PDM_eSaveRecordData
                0x000000000009d848                ZPS_vNwkSaveRecord
                0x000000000009d874                vPDM_ImageBitmapRepair.122490
 .text          0x000000000009d8d5     0x1052 C:\Users\Patrick\AppData\Local\Temp\ccil3FnS.ltrans25.ltrans.o
                0x000000000009e558                os_vzps_taskZPS
                0x000000000009e781                eTryNextParent
                0x000000000009e8bd                vCheckSleepingSendPoll.part.1.141708
 .text          0x000000000009e927      0xe07 C:\Users\Patrick\AppData\Local\Temp\ccil3FnS.ltrans26.ltrans.o
                0x000000000009e927                ZPS_vAplHandleApsdeReqRsp
                0x000000000009ed47                zps_eAplZdpApsdeReqInternal
                0x000000000009ee2f                zps_eAplZdpDeviceAnnceRequest.part.0.102029
                0x000000000009ef7e                zps_bAplZdoZdoClient
                0x000000000009f3ee                zps_bAplZdoDefaultServer
                0x000000000009f6aa                zps_eZdpMgmtLeaveResponse
                0x000000000009f6cb                zps_eZdpMgmtPermitJoiningResponse
 *fill*         0x000000000009f72e        0x2 00
 .text          0x000000000009f730      0xe14 C:\Users\Patrick\AppData\Local\Temp\ccil3FnS.ltrans27.ltrans.o
                0x000000000009fba6                eCLD_ZllCommissionCommandHandler
                0x000000000009fddd                eCLD_LevelControlCommandHandler
                0x00000000000a0174                eCLD_OnOffCommandHandler
 .text          0x00000000000a0544      0xfb8 C:\Users\Patrick\AppData\Local\Temp\ccil3FnS.ltrans28.ltrans.o
                0x00000000000a0544                zps_vNwkHandleCmeRouteDiscoveryReq
                0x00000000000a05ca                vHandleZllDeviceJoin
                0x00000000000a0717                vMiniMac_MlmeCallback
                0x00000000000a0b40                vScanBeaconReceived
                0x00000000000a0b7f                vPostDcfm.146918
                0x00000000000a0be8                vScanNextChannel.146924
                0x00000000000a0e00                vRunningRxCallback
                0x00000000000a1112                ePollReqSent.147111
                0x00000000000a115d                ZPS_vNwkResetOutgoingFrameCounter
                0x00000000000a11a2                eUnfragmentedUnicastTransmission.66859
 .text          0x00000000000a14fc     0x11fc C:\Users\Patrick\AppData\Local\Temp\ccil3FnS.ltrans29.ltrans.o
                0x00000000000a14fc                os_bDummyMemberCheck.61044
                0x00000000000a1501                os_vDefaultErrorHook.61040
                0x00000000000a1504                bCLD_ScenesSearchForScene.23714
                0x00000000000a1537                eCLD_LevelControlSceneEventHandler.17781
                0x00000000000a1580                DriverBulb_vSetTunableWhiteColourTemperature
                0x00000000000a1583                vOverideProfileId.8595
                0x00000000000a15bd                APP_ZCL_cbGeneralCallback.6007
                0x00000000000a15c0                os_bStrictCheck.1358
                0x00000000000a1905                bCLD_GroupsSearchForGroup.15097
                0x00000000000a192a                OS_eEnterCriticalSection
                0x00000000000a19f2                eExpireSWTimer.61053
                0x00000000000a1a5d                vEnterErrorHook.61036
                0x00000000000a1a84                eZCL_BuildClientTransmitAddressStructure
                0x00000000000a1ab5                eZCL_GetAttributeTypeSize
                0x00000000000a1ad4                vZCL_MarkAttributeInvalid
                0x00000000000a1ba3                eZCL_CheckEPstructureIntegrity.41056
                0x00000000000a1d8b                u8ZCL_GetAttributeAllignToFourBytesBoundary
                0x00000000000a1da0                pvZCL_GetAttributePointer
                0x00000000000a1e16                u16ZCL_WriteTypeNBO.part.0.42410
                0x00000000000a1e8b                u16ZCL_GetStringStructureSize
                0x00000000000a1ec8                u16ZCL_GetStringAttributeTypeSizeFromBuffer
                0x00000000000a1f39                u16ZCL_GetStringSizeAndBufferFromStructure
                0x00000000000a1fc8                bZCL_SendCommandResponse
                0x00000000000a1fe4                vZCL_GetInternalMutex
                0x00000000000a200d                eZCL_GetMutex
                0x00000000000a2045                u8ZCL_GetEPIdFromIndex
                0x00000000000a2067                vZCL_ReleaseInternalMutex
                0x00000000000a2081                eZCL_SearchForAttributeEntry
                0x00000000000a2141                vCLD_ScenesGenerateIndividualAttributeCallback
                0x00000000000a219b                eZCL_SearchForEPentry
                0x00000000000a21f6                eZCL_SearchForEPentryAndCheckManufacturerId
                0x00000000000a2234                vZCL_PassEventToUser
                0x00000000000a2261                eZCL_ReleaseMutex
                0x00000000000a2290                eZCL_Register.part.1.41065
                0x00000000000a22be                boDLISTisEmpty
                0x00000000000a22d6                vDLISTaddToTail
                0x00000000000a2304                psDLISTremoveFromHead
                0x00000000000a232d                psDLISTremove
                0x00000000000a2385                bCLD_ColourControl_NumberIsValid.39702
                0x00000000000a23a4                eCLD_ColourControl_xyY2XYZ.39706
                0x00000000000a2426                vCLD_ColourControl_XYZ2RGB.39693
                0x00000000000a2546                vWriteU64ToPayLoad.26047
                0x00000000000a2573                vWriteU32ToPayLoad.26043
                0x00000000000a258b                vLI_InitVar.7423
                0x00000000000a25bc                InvShiftRows
                0x00000000000a264f                InvSubBytes
                0x00000000000a2695                AddRoundKey
                0x00000000000a26d6                getSBoxValue.5357
 *fill*         0x00000000000a26f8        0x0 00
 .text          0x00000000000a26f8      0xc4c C:\Users\Patrick\AppData\Local\Temp\ccil3FnS.ltrans30.ltrans.o
                0x00000000000a26f8                vStartScanTimerExpiry.98193
                0x00000000000a27e3                zps_eNwkHandleSmeOrphanInd
                0x00000000000a2a6d                zps_eNwkHandleSceNwkStatus
                0x00000000000a2dd0                zps_eNwkHandleSmeAssocInd
                0x00000000000a2df2                zps_eNwkHandleSceRejnRequest
                0x00000000000a2e72                zps_eProcessAddrConflict
                0x00000000000a301f                ZPS_vNwkNibCheckAndUpdateAddresses
                0x00000000000a30b6                zps_bAplZdoDeviceAnnceServer
 .text          0x00000000000a3344      0x5d3 C:\Users\Patrick\AppData\Local\Temp\ccil3FnS.ltrans31.ltrans.o
                0x00000000000a3344                AppWarmStart
                0x00000000000a335e                AppColdStart
                0x00000000000a36e5                os_vUnclaimedInterrupt
                0x00000000000a36f7                os_vControlledIntCheck
                0x00000000000a373c                os_vControlledInterrupt
                0x00000000000a3775                os_vvISR_SystemController
                0x00000000000a37a1                os_vvISR_Timer4
                0x00000000000a37b0                os_vvISR_Timer3
                0x00000000000a37bf                os_vAPP_isrIllegalInstruction
                0x00000000000a37d5                os_vAPP_isrAlignmentException
                0x00000000000a37eb                os_vAPP_isrBusErrorException
                0x00000000000a3801                os_vAPP_isrUnimplementedModuleException
                0x00000000000a3814                os_vAPP_isrStackOverflowException
                0x00000000000a3827                os_vAPP_isrTickTimer
 .text          0x00000000000a3917       0x25 c:/nxp/bstudio_nxp/sdk/tools/ba-elf-ba2-r36379/bin/../lib/gcc/ba-elf/4.7.4/../../../../ba-elf/lib/mcpu_jn51xx_sizeopt\libc.a(lib_a-memcmp.o)
                0x00000000000a3917                memcmp
 .text          0x00000000000a393c       0x19 c:/nxp/bstudio_nxp/sdk/tools/ba-elf-ba2-r36379/bin/../lib/gcc/ba-elf/4.7.4/../../../../ba-elf/lib/mcpu_jn51xx_sizeopt\libc.a(lib_a-memcpy.o)
 .text          0x00000000000a3955       0x12 c:/nxp/bstudio_nxp/sdk/tools/ba-elf-ba2-r36379/bin/../lib/gcc/ba-elf/4.7.4/../../../../ba-elf/lib/mcpu_jn51xx_sizeopt\libc.a(lib_a-memset.o)
                0x00000000000a3955                memset
 .text          0x00000000000a3967       0x12 c:/nxp/bstudio_nxp/sdk/tools/ba-elf-ba2-r36379/bin/../lib/gcc/ba-elf/4.7.4/../../../../ba-elf/lib/mcpu_jn51xx_sizeopt\libc.a(lib_a-strlen.o)
                0x00000000000a3967                strlen
 .text          0x00000000000a3979       0x2b c:/nxp/bstudio_nxp/sdk/tools/ba-elf-ba2-r36379/bin/../lib/gcc/ba-elf/4.7.4/../../../../ba-elf/lib/mcpu_jn51xx_sizeopt\libc.a(lib_a-strncpy.o)
                0x00000000000a3979                strncpy
 *fill*         0x00000000000a39a4        0x0 00
 .text          0x00000000000a39a4      0x204 c:/nxp/bstudio_nxp/sdk/tools/ba-elf-ba2-r36379/bin/../lib/gcc/ba-elf/4.7.4/mcpu_jn51xx_sizeopt\libgcc.a(__udivsi3.o)
                0x00000000000a39a4                __udivsi3
 .text          0x00000000000a3ba8       0x30 c:/nxp/bstudio_nxp/sdk/tools/ba-elf-ba2-r36379/bin/../lib/gcc/ba-elf/4.7.4/mcpu_jn51xx_sizeopt\libgcc.a(__divsi3.o)
                0x00000000000a3ba8                __divsi3
 .text          0x00000000000a3bd8      0x1b0 c:/nxp/bstudio_nxp/sdk/tools/ba-elf-ba2-r36379/bin/../lib/gcc/ba-elf/4.7.4/mcpu_jn51xx_sizeopt\libgcc.a(__umodsi3.o)
                0x00000000000a3bd8                __umodsi3
 .text          0x00000000000a3d88       0x24 c:/nxp/bstudio_nxp/sdk/tools/ba-elf-ba2-r36379/bin/../lib/gcc/ba-elf/4.7.4/mcpu_jn51xx_sizeopt\libgcc.a(__modsi3.o)
                0x00000000000a3d88                __modsi3
 .text          0x00000000000a3dac       0x39 c:/nxp/bstudio_nxp/sdk/tools/ba-elf-ba2-r36379/bin/../lib/gcc/ba-elf/4.7.4/mcpu_jn51xx_sizeopt\libgcc.a(_fixunsdfsi.o)
                0x00000000000a3dac                __fixunsdfsi
 .text          0x00000000000a3de5      0x3bd c:/nxp/bstudio_nxp/sdk/tools/ba-elf-ba2-r36379/bin/../lib/gcc/ba-elf/4.7.4/mcpu_jn51xx_sizeopt\libgcc.a(_divdi3.o)
                0x00000000000a3de5                __divdi3
 .text          0x00000000000a41a2      0x350 c:/nxp/bstudio_nxp/sdk/tools/ba-elf-ba2-r36379/bin/../lib/gcc/ba-elf/4.7.4/mcpu_jn51xx_sizeopt\libgcc.a(_udivdi3.o)
                0x00000000000a41a2                __udivdi3
 .text          0x00000000000a44f2      0x384 c:/nxp/bstudio_nxp/sdk/tools/ba-elf-ba2-r36379/bin/../lib/gcc/ba-elf/4.7.4/mcpu_jn51xx_sizeopt\libgcc.a(addsf3.o)
                0x00000000000a44f2                __addsf3
 *fill*         0x00000000000a4876        0x2 00
 .text          0x00000000000a4878      0x218 c:/nxp/bstudio_nxp/sdk/tools/ba-elf-ba2-r36379/bin/../lib/gcc/ba-elf/4.7.4/mcpu_jn51xx_sizeopt\libgcc.a(divsf3.o)
                0x00000000000a4878                __divsf3
 .text          0x00000000000a4a90       0x81 c:/nxp/bstudio_nxp/sdk/tools/ba-elf-ba2-r36379/bin/../lib/gcc/ba-elf/4.7.4/mcpu_jn51xx_sizeopt\libgcc.a(eqsf2.o)
                0x00000000000a4a90                __eqsf2
                0x00000000000a4a90                __nesf2
 .text          0x00000000000a4b11       0xac c:/nxp/bstudio_nxp/sdk/tools/ba-elf-ba2-r36379/bin/../lib/gcc/ba-elf/4.7.4/mcpu_jn51xx_sizeopt\libgcc.a(gesf2.o)
                0x00000000000a4b11                __gesf2
                0x00000000000a4b11                __gtsf2
 .text          0x00000000000a4bbd       0xac c:/nxp/bstudio_nxp/sdk/tools/ba-elf-ba2-r36379/bin/../lib/gcc/ba-elf/4.7.4/mcpu_jn51xx_sizeopt\libgcc.a(lesf2.o)
                0x00000000000a4bbd                __ltsf2
                0x00000000000a4bbd                __lesf2
 *fill*         0x00000000000a4c69        0x3 00
 .text          0x00000000000a4c6c      0x24c c:/nxp/bstudio_nxp/sdk/tools/ba-elf-ba2-r36379/bin/../lib/gcc/ba-elf/4.7.4/mcpu_jn51xx_sizeopt\libgcc.a(mulsf3.o)
                0x00000000000a4c6c                __mulsf3
 .text          0x00000000000a4eb8      0x3a2 c:/nxp/bstudio_nxp/sdk/tools/ba-elf-ba2-r36379/bin/../lib/gcc/ba-elf/4.7.4/mcpu_jn51xx_sizeopt\libgcc.a(subsf3.o)
                0x00000000000a4eb8                __subsf3
 .text          0x00000000000a525a       0x53 c:/nxp/bstudio_nxp/sdk/tools/ba-elf-ba2-r36379/bin/../lib/gcc/ba-elf/4.7.4/mcpu_jn51xx_sizeopt\libgcc.a(fixsfsi.o)
                0x00000000000a525a                __fixsfsi
 .text          0x00000000000a52ad       0xad c:/nxp/bstudio_nxp/sdk/tools/ba-elf-ba2-r36379/bin/../lib/gcc/ba-elf/4.7.4/mcpu_jn51xx_sizeopt\libgcc.a(floatunsisf.o)
                0x00000000000a52ad                __floatunsisf
 .text          0x00000000000a535a      0x682 c:/nxp/bstudio_nxp/sdk/tools/ba-elf-ba2-r36379/bin/../lib/gcc/ba-elf/4.7.4/mcpu_jn51xx_sizeopt\libgcc.a(adddf3.o)
                0x00000000000a535a                __adddf3
 .text          0x00000000000a59dc      0x5c8 c:/nxp/bstudio_nxp/sdk/tools/ba-elf-ba2-r36379/bin/../lib/gcc/ba-elf/4.7.4/mcpu_jn51xx_sizeopt\libgcc.a(divdf3.o)
                0x00000000000a59dc                __divdf3
 .text          0x00000000000a5fa4       0xca c:/nxp/bstudio_nxp/sdk/tools/ba-elf-ba2-r36379/bin/../lib/gcc/ba-elf/4.7.4/mcpu_jn51xx_sizeopt\libgcc.a(gedf2.o)
                0x00000000000a5fa4                __gedf2
                0x00000000000a5fa4                __gtdf2
 *fill*         0x00000000000a606e        0x2 00
 .text          0x00000000000a6070      0x488 c:/nxp/bstudio_nxp/sdk/tools/ba-elf-ba2-r36379/bin/../lib/gcc/ba-elf/4.7.4/mcpu_jn51xx_sizeopt\libgcc.a(muldf3.o)
                0x00000000000a6070                __muldf3
 .text          0x00000000000a64f8      0x693 c:/nxp/bstudio_nxp/sdk/tools/ba-elf-ba2-r36379/bin/../lib/gcc/ba-elf/4.7.4/mcpu_jn51xx_sizeopt\libgcc.a(subdf3.o)
                0x00000000000a64f8                __subdf3
 .text          0x00000000000a6b8b       0x64 c:/nxp/bstudio_nxp/sdk/tools/ba-elf-ba2-r36379/bin/../lib/gcc/ba-elf/4.7.4/mcpu_jn51xx_sizeopt\libgcc.a(fixdfsi.o)
                0x00000000000a6b8b                __fixdfsi
 .text          0x00000000000a6bef       0x8f c:/nxp/bstudio_nxp/sdk/tools/ba-elf-ba2-r36379/bin/../lib/gcc/ba-elf/4.7.4/mcpu_jn51xx_sizeopt\libgcc.a(extendsfdf2.o)
                0x00000000000a6bef                __extendsfdf2
 .text          0x00000000000a6c7e      0x13e c:/nxp/bstudio_nxp/sdk/tools/ba-elf-ba2-r36379/bin/../lib/gcc/ba-elf/4.7.4/mcpu_jn51xx_sizeopt\libgcc.a(truncdfsf2.o)
                0x00000000000a6c7e                __truncdfsf2
 *fill*         0x00000000000a6dbc        0x4 00
 .text          0x00000000000a6dc0      0x1d0 c:/NXP/bstudio_nxp/workspace/JN-AN-1171-ZigBee-LightLink-Demo/Light_ColorLight/Build/os_irq.o
                0x00000000000a6dc0                os_ExternalException_W
                0x00000000000a6e04                os_PIC_ChannelPriorities
                0x00000000000a6e14                os_OSMIUM_HwVectTable
                0x00000000000a6e50                os_PIC_SwVectTable
 .text          0x00000000000a6f90       0x29 c:/NXP/bstudio_nxp/workspace/JN-AN-1171-ZigBee-LightLink-Demo/Light_ColorLight/Build/os_irq_alignment.o
                0x00000000000a6f90                IRQ_Alignment
 .text          0x00000000000a6fb9       0x29 c:/NXP/bstudio_nxp/workspace/JN-AN-1171-ZigBee-LightLink-Demo/Light_ColorLight/Build/os_irq_buserror.o
                0x00000000000a6fb9                IRQ_BusError
 .text          0x00000000000a6fe2       0x29 c:/NXP/bstudio_nxp/workspace/JN-AN-1171-ZigBee-LightLink-Demo/Light_ColorLight/Build/os_irq_illegalinstruction.o
                0x00000000000a6fe2                IRQ_IllegalInstruction
 .text          0x00000000000a700b       0x29 c:/NXP/bstudio_nxp/workspace/JN-AN-1171-ZigBee-LightLink-Demo/Light_ColorLight/Build/os_irq_stackoverflowexception.o
                0x00000000000a700b                IRQ_StackOverflowException
 .text          0x00000000000a7034       0x29 c:/NXP/bstudio_nxp/workspace/JN-AN-1171-ZigBee-LightLink-Demo/Light_ColorLight/Build/os_irq_unimplementedmodule.o
                0x00000000000a7034                IRQ_UnimplementedModule
 *fill*         0x00000000000a705d        0x3 00
 .text          0x00000000000a7060       0xc0 c:/NXP/bstudio_nxp/sdk/JN-SW-4168/Components/Library\libOS_JN516x.a(os_contirq_JN516x.o)
                0x00000000000a7060                os_ExternalException_R
                0x00000000000a7090                os_CFunc_W
                0x00000000000a70e0                os_UnclaimedException_W
                0x00000000000a7100                os_UnclaimedInterrupt_W
 .text          0x00000000000a7120       0x48 c:/NXP/bstudio_nxp/sdk/JN-SW-4168/Components/Library\libPWRM_JN516x.a(pwrm_setjmp_JN516x.o)
                0x00000000000a7120                setjmp
                0x00000000000a7144                PWRM_longjmp
 .text          0x00000000000a7168       0x27 c:/NXP/bstudio_nxp/sdk/JN-SW-4168/Components/Library\libHardwareApi_JN5169.a(AHI_Interrupt.o)
                0x00000000000a7168                vAHI_InterruptSetPriority
                0x00000000000a7186                vAHI_InterruptSetActivePriorityLevel
 .text.vMicroSyscall
                0x00000000000a718f       0x17 c:/NXP/bstudio_nxp/sdk/JN-SW-4168/Components/Library\libMicroSpecific_JN516x.a(MicroSyscall_ba.o)
                0x00000000000a718f                vMicroSyscall
 .text          0x00000000000a71a6        0x0 c:/NXP/bstudio_nxp/sdk/JN-SW-4168/Components/Library\libOS_JN516x.a(os_version_lc.o)
                0x00000000000a71a6                OS_Version_1v2
 .text          0x00000000000a71a6        0x0 c:/NXP/bstudio_nxp/sdk/JN-SW-4168/Components/Library\libZPSAPL_JN516x.a(zps_apl_version_lc.o)
                0x00000000000a71a6                ZPS_APL_Version_2v0
 .text          0x00000000000a71a6        0x0 c:/NXP/bstudio_nxp/sdk/JN-SW-4168/Components/Library\libZPSNWK_JN516x.a(zps_nwk_version_lc.o)
                0x00000000000a71a6                ZPS_NWK_Version_2v0
 .text          0x00000000000a71a6      0x12a c:/nxp/bstudio_nxp/sdk/tools/ba-elf-ba2-r36379/bin/../lib/gcc/ba-elf/4.7.4/../../../../ba-elf/lib/mcpu_jn51xx_sizeopt\libm.a(lib_a-s_floor.o)
                0x00000000000a71a6                floor
                0x00000000000a72d0                _flash_end = ABSOLUTE (.)

.rela.dyn       0x00000000000a72d0        0x0
 .rela.text     0x0000000000000000        0x0 c:/NXP/bstudio_nxp/workspace/JN-AN-1171-ZigBee-LightLink-Demo/Light_ColorLight/Build/os_irq.o
 .rela.data     0x0000000000000000        0x0 c:/NXP/bstudio_nxp/workspace/JN-AN-1171-ZigBee-LightLink-Demo/Light_ColorLight/Build/os_irq.o
 .rela.rodata   0x0000000000000000        0x0 c:/NXP/bstudio_nxp/workspace/JN-AN-1171-ZigBee-LightLink-Demo/Light_ColorLight/Build/os_irq.o
                0x000000000400004c                . = ORIGIN (ram)

.data           0x000000000400004c      0x9bc load address 0x00000000000a72d0
                0x000000000400004c                _ram_data_start = ABSOLUTE (.)
 *(.data*)
 .data          0x000000000400004c       0xe8 C:\Users\Patrick\AppData\Local\Temp\ccil3FnS.ltrans0.ltrans.o
                0x000000000400004c                u8MiniMacConfig_MaxConcurrentAssocResponses
                0x0000000004000050                psShadowRxBuffer
 .data          0x0000000004000134        0x4 C:\Users\Patrick\AppData\Local\Temp\ccil3FnS.ltrans1.ltrans.o
                0x0000000004000134                u32HeapStart
 .data          0x0000000004000138        0x1 C:\Users\Patrick\AppData\Local\Temp\ccil3FnS.ltrans2.ltrans.o
 *fill*         0x0000000004000139        0x3 00
 .data          0x000000000400013c      0x148 C:\Users\Patrick\AppData\Local\Temp\ccil3FnS.ltrans3.ltrans.o
 .data          0x0000000004000284        0x1 C:\Users\Patrick\AppData\Local\Temp\ccil3FnS.ltrans4.ltrans.o
 *fill*         0x0000000004000285        0x1 00
 .data          0x0000000004000286        0x6 C:\Users\Patrick\AppData\Local\Temp\ccil3FnS.ltrans6.ltrans.o
 .data          0x000000000400028c        0x4 C:\Users\Patrick\AppData\Local\Temp\ccil3FnS.ltrans13.ltrans.o
                0x000000000400028c                bCanLoopback.67105
 .data          0x0000000004000290       0x40 C:\Users\Patrick\AppData\Local\Temp\ccil3FnS.ltrans14.ltrans.o
                0x0000000004000290                sDeviceTable
                0x00000000040002a8                sZllState
 .data          0x00000000040002d0        0xc C:\Users\Patrick\AppData\Local\Temp\ccil3FnS.ltrans18.ltrans.o
 .data          0x00000000040002dc        0x1 C:\Users\Patrick\AppData\Local\Temp\ccil3FnS.ltrans25.ltrans.o
 *fill*         0x00000000040002dd        0x3 00
 .data          0x00000000040002e0       0xa4 C:\Users\Patrick\AppData\Local\Temp\ccil3FnS.ltrans29.ltrans.o
                0x00000000040002e0                s_asapduZCLInstances
                0x0000000004000358                s_asapduZDPInstances
 *fill*         0x0000000004000384        0x4 00
 .data          0x0000000004000388      0x668 C:\Users\Patrick\AppData\Local\Temp\ccil3FnS.ltrans31.ltrans.o
                0x0000000004000388                s_keyPairTableStorage.3129
                0x00000000040003e8                os_Mutex_mutexMAC
                0x00000000040003f0                os_Mutex_mutexZPS
                0x00000000040003f8                s_sApl.3084
                0x0000000004000548                os_Message_APP_msgZpsEvents_ZCL
                0x000000000400056c                os_SWTimer_APP_cntrTickTimer_APP_DiscoveryTimer
                0x0000000004000588                os_SWTimer_APP_cntrTickTimer_APP_CommissionTimer
                0x00000000040005a4                os_SWTimer_APP_cntrTickTimer_APP_TickTimer
                0x00000000040005c0                os_Message_APP_msgZpsEvents