Archive member included because of file (symbol)

c:/NXP/bstudio_nxp/sdk/JN-SW-4168/Components/Library\libOS_JN516x.a(os.o)
                              c:/NXP/bstudio_nxp/workspace/Custom_ZLL_Lights/Light_ColorLight/Build/os_gen.o (symbol from plugin) (os_vStart)
c:/NXP/bstudio_nxp/sdk/JN-SW-4168/Components/Library\libOS_JN516x.a(os_contirq_JN516x.o)
                              c:/NXP/bstudio_nxp/workspace/Custom_ZLL_Lights/Light_ColorLight/Build/os_irq.o (os_UnclaimedException_W)
c:/NXP/bstudio_nxp/sdk/JN-SW-4168/Components/Library\libPWRM_JN516x.a(pwrm.o)
                              c:/NXP/bstudio_nxp/workspace/Custom_ZLL_Lights/Light_ColorLight/Build/app_start_light.o (symbol from plugin) (PWRM_vInit)
c:/NXP/bstudio_nxp/sdk/JN-SW-4168/Components/Library\libPWRM_JN516x.a(pwrm_setjmp_JN516x.o)
                              pwrm.o (symbol from plugin) (setjmp)
c:/NXP/bstudio_nxp/sdk/JN-SW-4168/Components/Library\libPWRM_JN516x.a(pwrm_cold_start.o)
                              (AppColdStart)
c:/NXP/bstudio_nxp/sdk/JN-SW-4168/Components/Library\libPWRM_JN516x.a(pwrm_warm_start.o)
                              (AppWarmStart)
c:/NXP/bstudio_nxp/sdk/JN-SW-4168/Components/Library\libPDUM_JN516x.a(pdum_nwk.o)
                              c:/NXP/bstudio_nxp/workspace/Custom_ZLL_Lights/Light_ColorLight/Build/pdum_gen.o (symbol from plugin) (pdum_vNPduInit)
c:/NXP/bstudio_nxp/sdk/JN-SW-4168/Components/Library\libPDUM_JN516x.a(pdum_apl.o)
                              c:/NXP/bstudio_nxp/workspace/Custom_ZLL_Lights/Light_ColorLight/Build/zll_CommissionCmdHandler.o (symbol from plugin) (PDUM_u16APduInstanceReadNBO)
c:/NXP/bstudio_nxp/sdk/JN-SW-4168/Components/Library\libPDUM_JN516x.a(pdum.o)
                              pdum_nwk.o (symbol from plugin) (PDUM_u16SizeNBO)
c:/NXP/bstudio_nxp/sdk/JN-SW-4168/Components/Library\libZPSAPL_JN516x.a(zps_apl_af.o)
                              c:/NXP/bstudio_nxp/workspace/Custom_ZLL_Lights/Light_ColorLight/Build/zpr_light_node.o (symbol from plugin) (ZPS_eAplAfInit)
c:/NXP/bstudio_nxp/sdk/JN-SW-4168/Components/Library\libZPSAPL_JN516x.a(zps_apl_af_apsde.o)
                              c:/NXP/bstudio_nxp/workspace/Custom_ZLL_Lights/Light_ColorLight/Build/zps_gen.o (symbol from plugin) (zps_vHandleApsdeDataFragIndNotSupported)
c:/NXP/bstudio_nxp/sdk/JN-SW-4168/Components/Library\libZPSAPL_JN516x.a(zps_apl_task.o)
                              zps_apl_af_apsde.o (symbol from plugin) (zps_vAplAfPostEvent)
c:/NXP/bstudio_nxp/sdk/JN-SW-4168/Components/Library\libZPSAPL_JN516x.a(zps_apl_apsde.o)
                              zps_apl_task.o (symbol from plugin) (ZPS_vAplRegisterApsdeDcfmIndCallbacks)
c:/NXP/bstudio_nxp/sdk/JN-SW-4168/Components/Library\libZPSAPL_JN516x.a(zps_apl_apsme.o)
                              zps_apl_task.o (symbol from plugin) (ZPS_vAplRegisterApsmeDcfmIndCallbacks)
c:/NXP/bstudio_nxp/sdk/JN-SW-4168/Components/Library\libZPSAPL_JN516x.a(zps_apl_aps_nlde.o)
                              zps_apl_task.o (symbol from plugin) (zps_vAplApsHandleNldeDcfmInd)
c:/NXP/bstudio_nxp/sdk/JN-SW-4168/Components/Library\libZPSAPL_JN516x.a(zps_apl_sec.o)
                              zps_apl_task.o (symbol from plugin) (zps_psFindKeyDescr)
c:/NXP/bstudio_nxp/sdk/JN-SW-4168/Components/Library\libZPSAPL_JN516x.a(zps_apl_aib.o)
                              c:/NXP/bstudio_nxp/workspace/Custom_ZLL_Lights/Light_ColorLight/Build/Groups.o (symbol from plugin) (zps_psAplAibGetAib)
c:/NXP/bstudio_nxp/sdk/JN-SW-4168/Components/Library\libZPSAPL_JN516x.a(zps_apl_zdo_nwkmanager.o)
                              zps_apl_apsme.o (symbol from plugin) (zps_vAplSaveRecord)
c:/NXP/bstudio_nxp/sdk/JN-SW-4168/Components/Library\libZPSAPL_JN516x.a(zps_apl_zdo_handle_zdp_event.o)
                              zps_apl_task.o (symbol from plugin) (zps_bAplZdoHandleZdpEvent)
c:/NXP/bstudio_nxp/sdk/JN-SW-4168/Components/Library\libZPSAPL_JN516x.a(zps_apl_zdo_trust_center.o)
                              zps_apl_sec.o (symbol from plugin) (zps_eAplTrustCenterFindDevice)
c:/NXP/bstudio_nxp/sdk/JN-SW-4168/Components/Library\libZPSAPL_JN516x.a(zps_apl_zdo_common.o)
                              zps_apl_zdo_nwkmanager.o (symbol from plugin) (zps_eAplZdoNlmeleaveWrapper)
c:/NXP/bstudio_nxp/sdk/JN-SW-4168/Components/Library\libZPSAPL_JN516x.a(zps_apl_zdo_group.o)
                              c:/NXP/bstudio_nxp/workspace/Custom_ZLL_Lights/Light_ColorLight/Build/GroupsTableManager.o (symbol from plugin) (zps_eAplZdoGroupEndpointAdd)
c:/NXP/bstudio_nxp/sdk/JN-SW-4168/Components/Library\libZPSAPL_JN516x.a(zps_apl_zdo_default_server.o)
                              c:/NXP/bstudio_nxp/workspace/Custom_ZLL_Lights/Light_ColorLight/Build/zps_gen.o (symbol from plugin) (zps_vAplZdoDefaultServerInit)
c:/NXP/bstudio_nxp/sdk/JN-SW-4168/Components/Library\libZPSAPL_JN516x.a(zps_apl_mac_isr.o)
                              zps_apl_task.o (symbol from plugin) (u32DataQueueCount)
[...]
Memory Configuration

Name             Origin             Length             Attributes
flash            0x0000000000080000 0x0000000000040000
ram              0x000000000400004c 0x0000000000007fb4
*default*        0x0000000000000000 0xffffffffffffffff

Linker script and memory map

                0x0000000000001388                __stack_size = 0x1388
                0x00000000000007d0                __minimum_heap_size = 0x7d0
START GROUP
LOAD c:/NXP/bstudio_nxp/workspace/Custom_ZLL_Lights/Light_ColorLight/Build/os_gen.o
LOAD C:\Users\Patrick\AppData\Local\Temp\cc2ZSu2Z.ltrans0.ltrans.o
LOAD C:\Users\Patrick\AppData\Local\Temp\cc2ZSu2Z.ltrans1.ltrans.o
LOAD C:\Users\Patrick\AppData\Local\Temp\cc2ZSu2Z.ltrans2.ltrans.o
LOAD C:\Users\Patrick\AppData\Local\Temp\cc2ZSu2Z.ltrans3.ltrans.o
LOAD C:\Users\Patrick\AppData\Local\Temp\cc2ZSu2Z.ltrans4.ltrans.o
LOAD C:\Users\Patrick\AppData\Local\Temp\cc2ZSu2Z.ltrans5.ltrans.o
LOAD C:\Users\Patrick\AppData\Local\Temp\cc2ZSu2Z.ltrans6.ltrans.o
LOAD C:\Users\Patrick\AppData\Local\Temp\cc2ZSu2Z.ltrans7.ltrans.o
LOAD C:\Users\Patrick\AppData\Local\Temp\cc2ZSu2Z.ltrans8.ltrans.o
LOAD C:\Users\Patrick\AppData\Local\Temp\cc2ZSu2Z.ltrans9.ltrans.o
LOAD C:\Users\Patrick\AppData\Local\Temp\cc2ZSu2Z.ltrans10.ltrans.o
LOAD C:\Users\Patrick\AppData\Local\Temp\cc2ZSu2Z.ltrans11.ltrans.o
LOAD C:\Users\Patrick\AppData\Local\Temp\cc2ZSu2Z.ltrans12.ltrans.o
LOAD C:\Users\Patrick\AppData\Local\Temp\cc2ZSu2Z.ltrans13.ltrans.o
LOAD C:\Users\Patrick\AppData\Local\Temp\cc2ZSu2Z.ltrans14.ltrans.o
LOAD C:\Users\Patrick\AppData\Local\Temp\cc2ZSu2Z.ltrans15.ltrans.o
LOAD C:\Users\Patrick\AppData\Local\Temp\cc2ZSu2Z.ltrans16.ltrans.o
LOAD C:\Users\Patrick\AppData\Local\Temp\cc2ZSu2Z.ltrans17.ltrans.o
LOAD C:\Users\Patrick\AppData\Local\Temp\cc2ZSu2Z.ltrans18.ltrans.o
LOAD C:\Users\Patrick\AppData\Local\Temp\cc2ZSu2Z.ltrans19.ltrans.o
LOAD C:\Users\Patrick\AppData\Local\Temp\cc2ZSu2Z.ltrans20.ltrans.o
LOAD C:\Users\Patrick\AppData\Local\Temp\cc2ZSu2Z.ltrans21.ltrans.o
LOAD C:\Users\Patrick\AppData\Local\Temp\cc2ZSu2Z.ltrans22.ltrans.o
LOAD C:\Users\Patrick\AppData\Local\Temp\cc2ZSu2Z.ltrans23.ltrans.o
LOAD C:\Users\Patrick\AppData\Local\Temp\cc2ZSu2Z.ltrans24.ltrans.o
LOAD C:\Users\Patrick\AppData\Local\Temp\cc2ZSu2Z.ltrans25.ltrans.o
LOAD C:\Users\Patrick\AppData\Local\Temp\cc2ZSu2Z.ltrans26.ltrans.o
LOAD C:\Users\Patrick\AppData\Local\Temp\cc2ZSu2Z.ltrans27.ltrans.o
LOAD C:\Users\Patrick\AppData\Local\Temp\cc2ZSu2Z.ltrans28.ltrans.o
LOAD C:\Users\Patrick\AppData\Local\Temp\cc2ZSu2Z.ltrans29.ltrans.o
LOAD C:\Users\Patrick\AppData\Local\Temp\cc2ZSu2Z.ltrans30.ltrans.o
LOAD C:\Users\Patrick\AppData\Local\Temp\cc2ZSu2Z.ltrans31.ltrans.o
LOAD c:/nxp/bstudio_nxp/sdk/tools/ba-elf-ba2-r36379/bin/../lib/gcc/ba-elf/4.7.4/../../../../ba-elf/lib/mcpu_jn51xx_sizeopt\libc.a
LOAD c:/nxp/bstudio_nxp/sdk/tools/ba-elf-ba2-r36379/bin/../lib/gcc/ba-elf/4.7.4/mcpu_jn51xx_sizeopt\libgcc.a
LOAD c:/nxp/bstudio_nxp/sdk/tools/ba-elf-ba2-r36379/bin/../lib/gcc/ba-elf/4.7.4/../../../../ba-elf/lib/mcpu_jn51xx_sizeopt\libc.a
LOAD c:/NXP/bstudio_nxp/workspace/Custom_ZLL_Lights/Light_ColorLight/Build/os_irq.o
LOAD c:/NXP/bstudio_nxp/workspace/Custom_ZLL_Lights/Light_ColorLight/Build/os_irq_alignment.o
LOAD c:/NXP/bstudio_nxp/workspace/Custom_ZLL_Lights/Light_ColorLight/Build/os_irq_buserror.o
LOAD c:/NXP/bstudio_nxp/workspace/Custom_ZLL_Lights/Light_ColorLight/Build/os_irq_illegalinstruction.o
LOAD c:/NXP/bstudio_nxp/workspace/Custom_ZLL_Lights/Light_ColorLight/Build/os_irq_stackoverflowexception.o
LOAD c:/NXP/bstudio_nxp/workspace/Custom_ZLL_Lights/Light_ColorLight/Build/os_irq_unimplementedmodule.o
LOAD c:/NXP/bstudio_nxp/workspace/Custom_ZLL_Lights/Light_ColorLight/Build/pdum_gen.o
LOAD c:/NXP/bstudio_nxp/workspace/Custom_ZLL_Lights/Light_ColorLight/Build/pdum_apdu.o
LOAD c:/NXP/bstudio_nxp/workspace/Custom_ZLL_Lights/Light_ColorLight/Build/zps_gen.o
LOAD c:/NXP/bstudio_nxp/workspace/Custom_ZLL_Lights/Light_ColorLight/Build/app_timer_driver.o
LOAD c:/NXP/bstudio_nxp/workspace/Custom_ZLL_Lights/Light_ColorLight/Build/app_start_light.o
LOAD c:/NXP/bstudio_nxp/workspace/Custom_ZLL_Lights/Light_ColorLight/Build/app_scenes.o
LOAD c:/NXP/bstudio_nxp/workspace/Custom_ZLL_Lights/Light_ColorLight/Build/zpr_light_node.o
LOAD c:/NXP/bstudio_nxp/workspace/Custom_ZLL_Lights/Light_ColorLight/Build/ecb_decrypt.o
LOAD c:/NXP/bstudio_nxp/workspace/Custom_ZLL_Lights/Light_ColorLight/Build/app_zcl_light_task.o
LOAD c:/NXP/bstudio_nxp/workspace/Custom_ZLL_Lights/Light_ColorLight/Build/app_light_commission_task.o
LOAD c:/NXP/bstudio_nxp/workspace/Custom_ZLL_Lights/Light_ColorLight/Build/app_light_interpolation.o
LOAD c:/NXP/bstudio_nxp/workspace/Custom_ZLL_Lights/Light_ColorLight/Build/appZpsBeaconHandler.o
LOAD c:/NXP/bstudio_nxp/workspace/Custom_ZLL_Lights/Light_ColorLight/Build/App_Light_ColorLight.o
LOAD c:/NXP/bstudio_nxp/workspace/Custom_ZLL_Lights/Light_ColorLight/Build/DriverBulb_JN516X_RGB.o
LOAD c:/NXP/bstudio_nxp/workspace/Custom_ZLL_Lights/Light_ColorLight/Build/DriverBulb_Shim.o
LOAD c:/NXP/bstudio_nxp/workspace/Custom_ZLL_Lights/Light_ColorLight/Build/Alarms.o
LOAD c:/NXP/bstudio_nxp/workspace/Custom_ZLL_Lights/Light_ColorLight/Build/AlarmsClientCommands.o
LOAD c:/NXP/bstudio_nxp/workspace/Custom_ZLL_Lights/Light_ColorLight/Build/AlarmsCommandHandler.o
LOAD c:/NXP/bstudio_nxp/workspace/Custom_ZLL_Lights/Light_ColorLight/Build/AlarmsServerCommands.o
LOAD c:/NXP/bstudio_nxp/workspace/Custom_ZLL_Lights/Light_ColorLight/Build/AlarmsTableManager.o
LOAD c:/NXP/bstudio_nxp/workspace/Custom_ZLL_Lights/Light_ColorLight/Build/AnalogInputBasic.o
LOAD c:/NXP/bstudio_nxp/workspace/Custom_ZLL_Lights/Light_ColorLight/Build/AnalogOutputBasic.o
LOAD c:/NXP/bstudio_nxp/workspace/Custom_ZLL_Lights/Light_ColorLight/Build/Basic.o
LOAD c:/NXP/bstudio_nxp/workspace/Custom_ZLL_Lights/Light_ColorLight/Build/BasicClientCommands.o
LOAD c:/NXP/bstudio_nxp/workspace/Custom_ZLL_Lights/Light_ColorLight/Build/BasicCommandHandler.o
LOAD c:/NXP/bstudio_nxp/workspace/Custom_ZLL_Lights/Light_ColorLight/Build/BinaryInputBasic.o
LOAD c:/NXP/bstudio_nxp/workspace/Custom_ZLL_Lights/Light_ColorLight/Build/BinaryOutputBasic.o
LOAD c:/NXP/bstudio_nxp/workspace/Custom_ZLL_Lights/Light_ColorLight/Build/Commissioning.o
LOAD c:/NXP/bstudio_nxp/workspace/Custom_ZLL_Lights/Light_ColorLight/Build/DeviceTemperatureConfiguration.o
LOAD c:/NXP/bstudio_nxp/workspace/Custom_ZLL_Lights/Light_ColorLight/Build/Diagnostics.o
LOAD c:/NXP/bstudio_nxp/workspace/Custom_ZLL_Lights/Light_ColorLight/Build/DoorLock.o
LOAD c:/NXP/bstudio_nxp/workspace/Custom_ZLL_Lights/Light_ColorLight/Build/DoorLockCommandHandler.o
LOAD c:/NXP/bstudio_nxp/workspace/Custom_ZLL_Lights/Light_ColorLight/Build/DoorLockCommands.o
LOAD c:/NXP/bstudio_nxp/workspace/Custom_ZLL_Lights/Light_ColorLight/Build/ElectricalMeasurement.o
LOAD c:/NXP/bstudio_nxp/workspace/Custom_ZLL_Lights/Light_ColorLight/Build/Groups.o
LOAD c:/NXP/bstudio_nxp/workspace/Custom_ZLL_Lights/Light_ColorLight/Build/GroupsClientCommands.o
LOAD c:/NXP/bstudio_nxp/workspace/Custom_ZLL_Lights/Light_ColorLight/Build/GroupsCommandHandler.o
LOAD c:/NXP/bstudio_nxp/workspace/Custom_ZLL_Lights/Light_ColorLight/Build/GroupsServerCommands.o
LOAD c:/NXP/bstudio_nxp/workspace/Custom_ZLL_Lights/Light_ColorLight/Build/GroupsTableManager.o
LOAD c:/NXP/bstudio_nxp/workspace/Custom_ZLL_Lights/Light_ColorLight/Build/Identify.o
LOAD c:/NXP/bstudio_nxp/workspace/Custom_ZLL_Lights/Light_ColorLight/Build/IdentifyClientCommands.o
LOAD c:/NXP/bstudio_nxp/workspace/Custom_ZLL_Lights/Light_ColorLight/Build/IdentifyCommandHandler.o
LOAD c:/NXP/bstudio_nxp/workspace/Custom_ZLL_Lights/Light_ColorLight/Build/IdentifyServerCommands.o
LOAD c:/NXP/bstudio_nxp/workspace/Custom_ZLL_Lights/Light_ColorLight/Build/LevelControl.o
LOAD c:/NXP/bstudio_nxp/workspace/Custom_ZLL_Lights/Light_ColorLight/Build/LevelControlClientCommands.o
LOAD c:/NXP/bstudio_nxp/workspace/Custom_ZLL_Lights/Light_ColorLight/Build/LevelControlCommandHandler.o
LOAD c:/NXP/bstudio_nxp/workspace/Custom_ZLL_Lights/Light_ColorLight/Build/MultistateInputBasic.o
LOAD c:/NXP/bstudio_nxp/workspace/Custom_ZLL_Lights/Light_ColorLight/Build/MultistateOutputBasic.o
LOAD c:/NXP/bstudio_nxp/workspace/Custom_ZLL_Lights/Light_ColorLight/Build/OOSC.o
LOAD c:/NXP/bstudio_nxp/workspace/Custom_ZLL_Lights/Light_ColorLight/Build/OnOff.o
LOAD c:/NXP/bstudio_nxp/workspace/Custom_ZLL_Lights/Light_ColorLight/Build/OnOffCommandHandler.o
LOAD c:/NXP/bstudio_nxp/workspace/Custom_ZLL_Lights/Light_ColorLight/Build/OnOffCommands.o
LOAD c:/NXP/bstudio_nxp/workspace/Custom_ZLL_Lights/Light_ColorLight/Build/PollControl.o
LOAD c:/NXP/bstudio_nxp/workspace/Custom_ZLL_Lights/Light_ColorLight/Build/PollControlClientCommands.o
LOAD c:/NXP/bstudio_nxp/workspace/Custom_ZLL_Lights/Light_ColorLight/Build/PollControlCommandHandler.o
LOAD c:/NXP/bstudio_nxp/workspace/Custom_ZLL_Lights/Light_ColorLight/Build/PollControlServerCommands.o
LOAD c:/NXP/bstudio_nxp/workspace/Custom_ZLL_Lights/Light_ColorLight/Build/PowerConfiguration.o
LOAD c:/NXP/bstudio_nxp/workspace/Custom_ZLL_Lights/Light_ColorLight/Build/Scenes.o
LOAD c:/NXP/bstudio_nxp/workspace/Custom_ZLL_Lights/Light_ColorLight/Build/ScenesClientCommands.o
LOAD c:/NXP/bstudio_nxp/workspace/Custom_ZLL_Lights/Light_ColorLight/Build/ScenesClusterManagement.o
LOAD c:/NXP/bstudio_nxp/workspace/Custom_ZLL_Lights/Light_ColorLight/Build/ScenesCommandHandler.o
LOAD c:/NXP/bstudio_nxp/workspace/Custom_ZLL_Lights/Light_ColorLight/Build/ScenesServerCommands.o
LOAD c:/NXP/bstudio_nxp/workspace/Custom_ZLL_Lights/Light_ColorLight/Build/ScenesTableManager.o
LOAD c:/NXP/bstudio_nxp/workspace/Custom_ZLL_Lights/Light_ColorLight/Build/TC.o
LOAD c:/NXP/bstudio_nxp/workspace/Custom_ZLL_Lights/Light_ColorLight/Build/Time.o
LOAD c:/NXP/bstudio_nxp/workspace/Custom_ZLL_Lights/Light_ColorLight/Build/zll_CommissionCmdHandler.o
LOAD c:/NXP/bstudio_nxp/workspace/Custom_ZLL_Lights/Light_ColorLight/Build/zll_UtilityCmdHandler.o
LOAD c:/NXP/bstudio_nxp/workspace/Custom_ZLL_Lights/Light_ColorLight/Build/zll_commission.o
LOAD c:/NXP/bstudio_nxp/workspace/Custom_ZLL_Lights/Light_ColorLight/Build/zll_utility.o
LOAD c:/NXP/bstudio_nxp/workspace/Custom_ZLL_Lights/Light_ColorLight/Build/colour_light.o
LOAD c:/NXP/bstudio_nxp/workspace/Custom_ZLL_Lights/Light_ColorLight/Build/colour_remote.o
LOAD c:/NXP/bstudio_nxp/workspace/Custom_ZLL_Lights/Light_ColorLight/Build/colour_scene_remote.o
LOAD c:/NXP/bstudio_nxp/workspace/Custom_ZLL_Lights/Light_ColorLight/Build/colour_temperature_light.o
LOAD c:/NXP/bstudio_nxp/workspace/Custom_ZLL_Lights/Light_ColorLight/Build/commission_endpoint.o
LOAD c:/NXP/bstudio_nxp/workspace/Custom_ZLL_Lights/Light_ColorLight/Build/control_bridge.o
LOAD c:/NXP/bstudio_nxp/workspace/Custom_ZLL_Lights/Light_ColorLight/Build/dimmable_light.o
LOAD c:/NXP/bstudio_nxp/workspace/Custom_ZLL_Lights/Light_ColorLight/Build/dimmable_plug.o
LOAD c:/NXP/bstudio_nxp/workspace/Custom_ZLL_Lights/Light_ColorLight/Build/extended_colour_light.o
LOAD c:/NXP/bstudio_nxp/workspace/Custom_ZLL_Lights/Light_ColorLight/Build/non_colour_remote.o
LOAD c:/NXP/bstudio_nxp/workspace/Custom_ZLL_Lights/Light_ColorLight/Build/non_colour_scene_remote.o
LOAD c:/NXP/bstudio_nxp/workspace/Custom_ZLL_Lights/Light_ColorLight/Build/on_off_light.o
LOAD c:/NXP/bstudio_nxp/workspace/Custom_ZLL_Lights/Light_ColorLight/Build/on_off_plug.o
LOAD c:/NXP/bstudio_nxp/workspace/Custom_ZLL_Lights/Light_ColorLight/Build/on_off_sensor.o
LOAD c:/NXP/bstudio_nxp/workspace/Custom_ZLL_Lights/Light_ColorLight/Build/zll.o
LOAD c:/NXP/bstudio_nxp/workspace/Custom_ZLL_Lights/Light_ColorLight/Build/BallastConfiguration.o
LOAD c:/NXP/bstudio_nxp/workspace/Custom_ZLL_Lights/Light_ColorLight/Build/ColourControl.o
LOAD c:/NXP/bstudio_nxp/workspace/Custom_ZLL_Lights/Light_ColorLight/Build/ColourControlClientCommands.o
LOAD c:/NXP/bstudio_nxp/workspace/Custom_ZLL_Lights/Light_ColorLight/Build/ColourControlCommandHandler.o
LOAD c:/NXP/bstudio_nxp/workspace/Custom_ZLL_Lights/Light_ColorLight/Build/ColourControlConversions.o
LOAD c:/NXP/bstudio_nxp/workspace/Custom_ZLL_Lights/Light_ColorLight/Build/dlist.o
LOAD c:/NXP/bstudio_nxp/workspace/Custom_ZLL_Lights/Light_ColorLight/Build/zcl.o
LOAD c:/NXP/bstudio_nxp/workspace/Custom_ZLL_Lights/Light_ColorLight/Build/zcl_CustomCommandReceive.o
LOAD c:/NXP/bstudio_nxp/workspace/Custom_ZLL_Lights/Light_ColorLight/Build/zcl_CustomCommandSend.o
LOAD c:/NXP/bstudio_nxp/workspace/Custom_ZLL_Lights/Light_ColorLight/Build/zcl_PDUbufferReadWrite.o
LOAD c:/NXP/bstudio_nxp/workspace/Custom_ZLL_Lights/Light_ColorLight/Build/zcl_PDUbufferReadWriteString.o
LOAD c:/NXP/bstudio_nxp/workspace/Custom_ZLL_Lights/Light_ColorLight/Build/zcl_WriteAttributesRequestHandle.o
LOAD c:/NXP/bstudio_nxp/workspace/Custom_ZLL_Lights/Light_ColorLight/Build/zcl_WriteAttributesRequestSend.o
LOAD c:/NXP/bstudio_nxp/workspace/Custom_ZLL_Lights/Light_ColorLight/Build/zcl_WriteAttributesResponseHandle.o
LOAD c:/NXP/bstudio_nxp/workspace/Custom_ZLL_Lights/Light_ColorLight/Build/zcl_attribute.o
LOAD c:/NXP/bstudio_nxp/workspace/Custom_ZLL_Lights/Light_ColorLight/Build/zcl_buffer.o
LOAD c:/NXP/bstudio_nxp/workspace/Custom_ZLL_Lights/Light_ColorLight/Build/zcl_clusterCommand.o
LOAD c:/NXP/bstudio_nxp/workspace/Custom_ZLL_Lights/Light_ColorLight/Build/zcl_command.o
LOAD c:/NXP/bstudio_nxp/workspace/Custom_ZLL_Lights/Light_ColorLight/Build/zcl_configureReportingCommandHandle.o
LOAD c:/NXP/bstudio_nxp/workspace/Custom_ZLL_Lights/Light_ColorLight/Build/zcl_configureReportingCommandSend.o
LOAD c:/NXP/bstudio_nxp/workspace/Custom_ZLL_Lights/Light_ColorLight/Build/zcl_configureReportingResponseHandle.o
LOAD c:/NXP/bstudio_nxp/workspace/Custom_ZLL_Lights/Light_ColorLight/Build/zcl_defaultResponse.o
LOAD c:/NXP/bstudio_nxp/workspace/Custom_ZLL_Lights/Light_ColorLight/Build/zcl_discoverAttributesExtendedRequestHandle.o
LOAD c:/NXP/bstudio_nxp/workspace/Custom_ZLL_Lights/Light_ColorLight/Build/zcl_discoverAttributesExtendedRequestSend.o
LOAD c:/NXP/bstudio_nxp/workspace/Custom_ZLL_Lights/Light_ColorLight/Build/zcl_discoverAttributesExtendedResponseHandle.o
LOAD c:/NXP/bstudio_nxp/workspace/Custom_ZLL_Lights/Light_ColorLight/Build/zcl_discoverAttributesRequestHandle.o
LOAD c:/NXP/bstudio_nxp/workspace/Custom_ZLL_Lights/Light_ColorLight/Build/zcl_discoverAttributesRequestSend.o
LOAD c:/NXP/bstudio_nxp/workspace/Custom_ZLL_Lights/Light_ColorLight/Build/zcl_discoverAttributesResponseHandle.o
LOAD c:/NXP/bstudio_nxp/workspace/Custom_ZLL_Lights/Light_ColorLight/Build/zcl_discoverCommandsRequestHandle.o
LOAD c:/NXP/bstudio_nxp/workspace/Custom_ZLL_Lights/Light_ColorLight/Build/zcl_discoverCommandsRequestSend.o
LOAD c:/NXP/bstudio_nxp/workspace/Custom_ZLL_Lights/Light_ColorLight/Build/zcl_discoverCommandsResponseHandle.o
LOAD c:/NXP/bstudio_nxp/workspace/Custom_ZLL_Lights/Light_ColorLight/Build/zcl_event.o
LOAD c:/NXP/bstudio_nxp/workspace/Custom_ZLL_Lights/Light_ColorLight/Build/zcl_heap.o
LOAD c:/NXP/bstudio_nxp/workspace/Custom_ZLL_Lights/Light_ColorLight/Build/zcl_library_options.o
LOAD c:/NXP/bstudio_nxp/workspace/Custom_ZLL_Lights/Light_ColorLight/Build/zcl_readAttributesRequestHandle.o
LOAD c:/NXP/bstudio_nxp/workspace/Custom_ZLL_Lights/Light_ColorLight/Build/zcl_readAttributesRequestSend.o
LOAD c:/NXP/bstudio_nxp/workspace/Custom_ZLL_Lights/Light_ColorLight/Build/zcl_readAttributesResponseHandle.o
LOAD c:/NXP/bstudio_nxp/workspace/Custom_ZLL_Lights/Light_ColorLight/Build/zcl_readReportingConfigurationCommandHandle.o
LOAD c:/NXP/bstudio_nxp/workspace/Custom_ZLL_Lights/Light_ColorLight/Build/zcl_readReportingConfigurationCommandSend.o
LOAD c:/NXP/bstudio_nxp/workspace/Custom_ZLL_Lights/Light_ColorLight/Build/zcl_readReportingConfigurationResponseHandle.o
LOAD c:/NXP/bstudio_nxp/workspace/Custom_ZLL_Lights/Light_ColorLight/Build/zcl_reportManager.o
LOAD c:/NXP/bstudio_nxp/workspace/Custom_ZLL_Lights/Light_ColorLight/Build/zcl_reportMaths.o
LOAD c:/NXP/bstudio_nxp/workspace/Custom_ZLL_Lights/Light_ColorLight/Build/zcl_reportScheduler.o
LOAD c:/NXP/bstudio_nxp/workspace/Custom_ZLL_Lights/Light_ColorLight/Build/zcl_reportStringHandling.o
LOAD c:/NXP/bstudio_nxp/workspace/Custom_ZLL_Lights/Light_ColorLight/Build/zcl_reportStructure.o
LOAD c:/NXP/bstudio_nxp/workspace/Custom_ZLL_Lights/Light_ColorLight/Build/zcl_search.o
LOAD c:/NXP/bstudio_nxp/workspace/Custom_ZLL_Lights/Light_ColorLight/Build/zcl_timer.o
LOAD c:/NXP/bstudio_nxp/workspace/Custom_ZLL_Lights/Light_ColorLight/Build/zcl_transmit.o
LOAD c:/NXP/bstudio_nxp/sdk/JN-SW-4168/Components/Library\libZPSMAC_Mini_JN516x.a
LOAD c:/NXP/bstudio_nxp/sdk/JN-SW-4168/Components/Library\libOS_JN516x.a
LOAD c:/NXP/bstudio_nxp/sdk/JN-SW-4168/Components/Library\libPWRM_JN516x.a
LOAD c:/NXP/bstudio_nxp/sdk/JN-SW-4168/Components/Library\libZPSTSV_JN516x.a
LOAD c:/NXP/bstudio_nxp/sdk/JN-SW-4168/Components/Library\libAES_SW_JN516x.a
LOAD c:/NXP/bstudio_nxp/sdk/JN-SW-4168/Components/Library\libPDUM_JN516x.a
LOAD c:/NXP/bstudio_nxp/sdk/JN-SW-4168/Components/Library\libZPSAPL_JN516x.a
LOAD c:/NXP/bstudio_nxp/sdk/JN-SW-4168/Components/Library\libRandom_JN516x.a
LOAD c:/NXP/bstudio_nxp/sdk/JN-SW-4168/Components/Library\libPDM_EEPROM_JN516x.a
LOAD c:/NXP/bstudio_nxp/sdk/JN-SW-4168/Components/Library\libDBG_JN516x.a
LOAD c:/NXP/bstudio_nxp/sdk/JN-SW-4168/Components/Library\libZPSZLL_JN516x.a
LOAD c:/NXP/bstudio_nxp/sdk/JN-SW-4168/Components/Library\libZPSNWK_JN516x.a
LOAD c:/NXP/bstudio_nxp/sdk/JN-SW-4168/Components/Library\libRecal_JN516x.a
LOAD c:/NXP/bstudio_nxp/sdk/JN-SW-4168/Components/Library\libMiniMac_JN516x.a
LOAD c:/NXP/bstudio_nxp/sdk/JN-SW-4168/Components/Library\libMiniMacShim_JN516x.a
LOAD c:/NXP/bstudio_nxp/sdk/JN-SW-4168/Components/Library\libMMAC_JN516x.a
LOAD c:/NXP/bstudio_nxp/sdk/JN-SW-4168/Components/Library\libAes_JN516x.a
LOAD c:/NXP/bstudio_nxp/sdk/JN-SW-4168/Components/Library\libHardwareApi_JN516x.a
LOAD c:/NXP/bstudio_nxp/sdk/JN-SW-4168/Components/Library\libMicroSpecific_JN516x.a
LOAD c:/NXP/bstudio_nxp/sdk/JN-SW-4168/Components/Library\libBoot_JN516x.a
LOAD c:/nxp/bstudio_nxp/sdk/tools/ba-elf-ba2-r36379/bin/../lib/gcc/ba-elf/4.7.4/../../../../ba-elf/lib/mcpu_jn51xx_sizeopt\libm.a
END GROUP
LOAD c:/nxp/bstudio_nxp/sdk/tools/ba-elf-ba2-r36379/bin/../lib/gcc/ba-elf/4.7.4/../../../../ba-elf/lib/mcpu_jn51xx_sizeopt\libc.a
LOAD c:/nxp/bstudio_nxp/sdk/tools/ba-elf-ba2-r36379/bin/../lib/gcc/ba-elf/4.7.4/mcpu_jn51xx_sizeopt\libgcc.a
LOAD c:/nxp/bstudio_nxp/sdk/tools/ba-elf-ba2-r36379/bin/../lib/gcc/ba-elf/4.7.4/../../../../ba-elf/lib/mcpu_jn51xx_sizeopt\libc.a
                0x0000000000080038                _exception_vsr_table = 0x80038
                0x0000000004000000                pSPIflashFncTable = 0x4000000
                0x0000000000000044                restore_state = 0x44
                0x000000000000004a                bZSPIWaitWIPClear = 0x4a
                0x0000000000000050                u16ZSPIflashRDID = 0x50
                0x0000000000000056                u8SelectFlashChipType = 0x56
                0x000000000000005c                memcpy = 0x5c
                0x0000000000000066                vBootFlashProg = 0x66
                [0x00000000000007d0]                __minimum_heap_size = DEFINED (__minimum_heap_size)?__minimum_heap_size:0xd16
                [0x0000000000001388]                __stack_size = DEFINED (__stack_size)?__stack_size:0x800
                0x0000000000000000                _SwConfig = (DEFINED (g_bSWConf_Debug) | (DEFINED (g_bSWConf_AltDebugPort) << 0x1))

.version        0x000000000007fffc        0x4
                0x000000000007fffc        0x4 LONG 0x7030008

.bir            0x0000000000080000       0x10
                0x0000000000080000                _flash_start = ABSOLUTE (.)
                0x0000000000080000                _flash_beg = ABSOLUTE (.)
                0x0000000000080000        0x4 LONG 0x12345678
                0x0000000000080004        0x4 LONG 0x11223344
                0x0000000000080008        0x4 LONG 0x55667788
                0x000000000008000c        0x1 BYTE 0x8
                0x000000000008000d        0x1 BYTE 0x1
                0x000000000008000e        0x2 SHORT 0x0

.flashheader    0x0000000000080010       0x28
                0x0000000000080010        0x4 LONG 0x0
                0x0000000000080014        0x4 LONG 0x0
                0x0000000000080018        0x4 LONG 0x0
                0x000000000008001c        0x2 SHORT 0x0
                0x000000000008001e        0x2 SHORT 0x0 ABSOLUTE (_SwConfig)
                0x0000000000080020                _enc_start = ABSOLUTE (.)
                0x0000000000080020        0x4 LONG 0x27040 ABSOLUTE (_image_len)
                0x0000000000080024        0x4 LONG 0xa6790 ABSOLUTE (_flash_data_start)
                0x0000000000080028        0x2 SHORT 0x13 ((ABSOLUTE (_ram_data_start) / 0x4) & 0xffff)
                0x000000000008002a        0x2 SHORT 0x22c ((ABSOLUTE (_ram_data_len) / 0x4) & 0xffff)
                0x000000000008002c        0x2 SHORT 0x23f ((ABSOLUTE (_bss_start) / 0x4) & 0xffff)
                0x000000000008002e        0x2 SHORT 0xf8b ((ABSOLUTE (_bss_len) / 0x4) & 0xffff)
                0x0000000000080030        0x4 LONG 0xa262f ABSOLUTE (AppWarmStart)
                0x0000000000080034        0x4 LONG 0xa2649 ABSOLUTE (AppColdStart)
                0x0000000000000000                _enc_offset = (_enc_start & 0xf)

.ro_mac_address
                0x0000000000080040        0x0
                0x0000000000080040                _FlsMACAddress = ABSOLUTE (.)
 *(.ro_mac_address)
                0x0000000000080040                . = ALIGN (0x10)

.ro_ota_header  0x0000000000080040        0x0
                0x0000000000080040                _FlsOtaHeader = ABSOLUTE (.)
 *(.ro_ota_header)
                0x0000000000080040                . = ALIGN (0x10)

.ro_se_lnkKey   0x0000000000080040        0x0
                0x0000000000080040                _FlsLinkKey = ABSOLUTE (.)
 *(.ro_se_lnkKey)
                0x0000000000080040                . = ALIGN (0x10)

.rodata         0x0000000000080038      0xd4d
 *(.rodata*)
 .rodata.str1.1
                0x0000000000080038       0x19 C:\Users\Patrick\AppData\Local\Temp\cc2ZSu2Z.ltrans0.ltrans.o
 *fill*         0x0000000000080051        0x3 00
 .rodata        0x0000000000080054      0x164 C:\Users\Patrick\AppData\Local\Temp\cc2ZSu2Z.ltrans0.ltrans.o
                0x0000000000080054                gMAC_u8MaxBuffers
                0x0000000000080058                g_u32ApsFcSaveCountBitShift
                0x000000000008005c                u8MaxZpsConfigEp
                0x000000000008005d                au8EpMapPresent
                0x0000000000080060                s_groupPdmTable
 .rodata        0x00000000000801b8       0x30 C:\Users\Patrick\AppData\Local\Temp\cc2ZSu2Z.ltrans1.ltrans.o
 .rodata.str1.1
                0x0000000000000000       0x19 C:\Users\Patrick\AppData\Local\Temp\cc2ZSu2Z.ltrans1.ltrans.o
                                          0x8 (size before relaxing)
 .rodata        0x00000000000801e8        0x8 C:\Users\Patrick\AppData\Local\Temp\cc2ZSu2Z.ltrans2.ltrans.o
 .rodata.str1.1
                0x0000000000000000       0x19 C:\Users\Patrick\AppData\Local\Temp\cc2ZSu2Z.ltrans3.ltrans.o
                                          0xb (size before relaxing)
 .rodata        0x00000000000801f0        0x6 C:\Users\Patrick\AppData\Local\Temp\cc2ZSu2Z.ltrans3.ltrans.o
 .rodata.str1.1
                0x00000000000801f6        0x7 C:\Users\Patrick\AppData\Local\Temp\cc2ZSu2Z.ltrans4.ltrans.o
                                          0xc (size before relaxing)
 .rodata.str1.1
                0x00000000000801fd        0x6 C:\Users\Patrick\AppData\Local\Temp\cc2ZSu2Z.ltrans5.ltrans.o
 .rodata.str1.1
                0x0000000000080203       0x21 C:\Users\Patrick\AppData\Local\Temp\cc2ZSu2Z.ltrans6.ltrans.o
                                         0x39 (size before relaxing)
 .rodata        0x0000000000080224       0x10 C:\Users\Patrick\AppData\Local\Temp\cc2ZSu2Z.ltrans7.ltrans.o
 .rodata        0x0000000000080234       0x10 C:\Users\Patrick\AppData\Local\Temp\cc2ZSu2Z.ltrans8.ltrans.o
                0x000000000008023c                au32UartAddrOffset
 .rodata.str1.1
                0x0000000000080244        0x3 C:\Users\Patrick\AppData\Local\Temp\cc2ZSu2Z.ltrans8.ltrans.o
 .rodata.str1.1
                0x0000000000080247       0x31 C:\Users\Patrick\AppData\Local\Temp\cc2ZSu2Z.ltrans9.ltrans.o
                                         0x38 (size before relaxing)
 .rodata        0x0000000000080278       0x18 C:\Users\Patrick\AppData\Local\Temp\cc2ZSu2Z.ltrans11.ltrans.o
                0x0000000000080278                au32NwkPdmRecordOffsets
 .rodata.str1.1
                0x0000000000000000        0x4 C:\Users\Patrick\AppData\Local\Temp\cc2ZSu2Z.ltrans12.ltrans.o
 .rodata        0x0000000000080290       0x10 C:\Users\Patrick\AppData\Local\Temp\cc2ZSu2Z.ltrans12.ltrans.o
 .rodata        0x00000000000802a0      0x200 C:\Users\Patrick\AppData\Local\Temp\cc2ZSu2Z.ltrans13.ltrans.o
                0x00000000000802a0                s_apsStSceTbl.129426
                0x00000000000802b4                s_apsStSmeTbl.129489
                0x00000000000802c8                s_aprIdleStHandleCme.139407
                0x00000000000802dc                s_aprActvStHandleCme.135539
                0x0000000000080300                bRxOnOptimisationTurnedOff
                0x0000000000080324                zps_sJoinSceTbl
                0x0000000000080330                zps_sActvSceTbl
                0x000000000008033c                zps_sDiscSmeTbl
                0x0000000000080348                zps_sFormSmeTbl
                0x0000000000080354                zps_sJoinSmeTbl
                0x0000000000080360                zps_sActvSmeTbl
 .rodata        0x00000000000804a0       0x38 C:\Users\Patrick\AppData\Local\Temp\cc2ZSu2Z.ltrans14.ltrans.o
                0x00000000000804a0                au8FlashWaitStatesHSRCO.147945
                0x00000000000804a8                au8FlashWaitStates32MXO.147944
 .rodata.str1.1
                0x0000000000000000        0x3 C:\Users\Patrick\AppData\Local\Temp\cc2ZSu2Z.ltrans15.ltrans.o
 .rodata.str1.1
                0x0000000000000000       0x31 C:\Users\Patrick\AppData\Local\Temp\cc2ZSu2Z.ltrans16.ltrans.o
                                          0x6 (size before relaxing)
 .rodata        0x00000000000804d8       0x4c C:\Users\Patrick\AppData\Local\Temp\cc2ZSu2Z.ltrans16.ltrans.o
                0x00000000000804d8                g_u32NwkFcSaveCountBitShift
 .rodata.str1.1
                0x0000000000080524       0x25 C:\Users\Patrick\AppData\Local\Temp\cc2ZSu2Z.ltrans18.ltrans.o
                                         0x44 (size before relaxing)
 .rodata.str1.1
                0x0000000000000000       0x25 C:\Users\Patrick\AppData\Local\Temp\cc2ZSu2Z.ltrans19.ltrans.o
                                          0x4 (size before relaxing)
 .rodata.str1.1
                0x0000000000080549        0x4 C:\Users\Patrick\AppData\Local\Temp\cc2ZSu2Z.ltrans20.ltrans.o
                                          0x8 (size before relaxing)
 .rodata.str1.1
                0x000000000008054d        0x5 C:\Users\Patrick\AppData\Local\Temp\cc2ZSu2Z.ltrans21.ltrans.o
                                         0x17 (size before relaxing)
 .rodata.str1.1
                0x0000000000080552        0x6 C:\Users\Patrick\AppData\Local\Temp\cc2ZSu2Z.ltrans24.ltrans.o
                                         0x19 (size before relaxing)
 .rodata.str1.1
                0x0000000000000000        0x6 C:\Users\Patrick\AppData\Local\Temp\cc2ZSu2Z.ltrans26.ltrans.o
 .rodata.str1.1
                0x0000000000080558        0x5 C:\Users\Patrick\AppData\Local\Temp\cc2ZSu2Z.ltrans27.ltrans.o
 .rodata        0x000000000008055d      0x107 C:\Users\Patrick\AppData\Local\Temp\cc2ZSu2Z.ltrans27.ltrans.o
                0x000000000008055d                au8ZLLChannelSet
 .rodata.str1.1
                0x0000000000080664       0x27 C:\Users\Patrick\AppData\Local\Temp\cc2ZSu2Z.ltrans28.ltrans.o
                                         0x4a (size before relaxing)
 *fill*         0x000000000008068b        0x1 00
 .rodata        0x000000000008068c      0x318 C:\Users\Patrick\AppData\Local\Temp\cc2ZSu2Z.ltrans29.ltrans.o
                0x000000000008088c                gu32ZCLVersion
                0x0000000000080890                OS_g_u32Version
                0x0000000000080894                PDUM_g_u32Version
                0x0000000000080898                ZPS_g_u32MacVersion
                0x000000000008089c                ZPS_g_u32TsvVersion
 .rodata        0x00000000000809a4      0x3d8 C:\Users\Patrick\AppData\Local\Temp\cc2ZSu2Z.ltrans30.ltrans.o
                0x00000000000809a4                zps_g_pvApl
                0x00000000000809a8                pwrm_psWakeupCallbacks
 .rodata.str1.1
                0x0000000000080d7c        0x9 C:\Users\Patrick\AppData\Local\Temp\cc2ZSu2Z.ltrans31.ltrans.o
                                         0x14 (size before relaxing)

.text           0x0000000000080d88    0x25a08
 *(.text*)
 .text          0x0000000000080d88     0x1dbc C:\Users\Patrick\AppData\Local\Temp\cc2ZSu2Z.ltrans0.ltrans.o
                0x0000000000080d88                APP_TIMER_Version_1v0
                0x0000000000080d88                vInitialiseApp.3227
 .text          0x0000000000082b44     0x17d9 C:\Users\Patrick\AppData\Local\Temp\cc2ZSu2Z.ltrans1.ltrans.o
                0x0000000000082b44                DBG_iUartGetChar
                0x0000000000082b94                vMMAC_IntHandlerBbc
                0x0000000000082bae                eBasicTxCompleteHandler
                0x0000000000082bb3                vTxRxTimeout.145554
                0x0000000000082c10                eSmeAcScBeaconInd.137502
                0x0000000000082c6c                eSmeASFlBeaconInd.137337
                0x0000000000082c8e                eSmeUDNTScanDcfm.136787
                0x0000000000082caa                vPermitJoinHandleExpiry.132338
                0x0000000000082cb3                vNwkMcpsTimerCallback
                0x0000000000082ccd                zps_eSceGenlIllegal
                0x0000000000082cd4                zps_eSmeGenlIllegal
                0x0000000000082d47                zps_eNwkHandleSmePollDcfm
                0x0000000000082d71                eSmeGenlScanDcfm.137329
                0x0000000000082dcf                eRouteRequestDataDcfm.133510
                0x0000000000082e23                eNldeDataDcfm.131345
                0x0000000000082e53                eSmeEdScScanDcfm.137325
                0x0000000000082e9c                eCLD_ColourControl_xyY2HSV.constprop.38
                0x0000000000083062                vMiniMac_ReturnTxBufferCallback
                0x0000000000083074                vEnableReceive.145558
                0x00000000000830ae                pvHeap_Alloc
                0x00000000000830b1                vMicroIntRestoreState
                0x00000000000830bd                bAHI_WriteEEPROMfixSegmentData
                0x000000000008311b                bAHI_InitialiseEEPROM
                0x0000000000083163                vAHI_ReadDataFromEEPROMregister
                0x0000000000083190                vAHI_WriteDataIntoEEPROMregister
                0x00000000000831c0                iPDM_WriteSegmentHeaderDataIntoEEPROMsegment
                0x00000000000831ef                u8AHI_WakeTimerFiredStatus
                0x0000000000083203                vAHI_WakeTimerStop.part.3.148439
                0x0000000000083223                vAHI_UartReset.part.4.148193
                0x000000000008325b                vAHI_OptimiseWaitStates
                0x00000000000832a7                bAHI_GetClkSource
                0x00000000000832b4                vAHI_CpuDoze
                0x00000000000832c7                vAHI_SwReset
                0x00000000000832f8                vUnclaimedInterrupt.3229
                0x00000000000832fa                bIssueACIcommand
                0x0000000000083390                vACI_CmdWaitBusy
                0x000000000008339d                vEcbEncodeStripe.147691
                0x00000000000833f4                vRadioToOff
                0x0000000000083411                vStartReceive
                0x000000000008342d                psSearchForFrameToSend
                0x0000000000083484                eMiniMac_FrameInProgress
                0x00000000000834af                vRemoveFromTxQueue
                0x00000000000834eb                vAddToTxQueue
                0x0000000000083521                u8GetHeaderSize
                0x0000000000083549                vMiniMac_PLME_SetReq_CcaMode
                0x000000000008355d                vMiniMac_MLME_SetReq_MaxCsmaBackoffs
                0x000000000008357d                vMiniMac_MLME_SetReq_MaxBe
                0x00000000000835a0                vMiniMac_MLME_SetReq_MinBe
                0x00000000000835c3                zps_vSendJoinInd
                0x0000000000083635                zps_psFormatCmdFrameGeneral
                0x00000000000836c2                zps_eNwkFormStInit
                0x00000000000836d7                vSendDcfm.138023
                0x00000000000836fd                bCheckMatchingEntry.137497
                0x0000000000083723                zps_psNwkSlistRemoveFromHead
                0x000000000008373a                zps_psNwkSlistRemove
                0x0000000000083772                zps_bNwkMcpsMgrRemoveDescrFromLists
                0x00000000000837b0                zps_vNwkSlistAddToTail
                0x00000000000837ca                zps_vNwkSecClearMatSet
                0x00000000000837f4                ZPS_bNwkSecHaveNetworkKey
                0x0000000000083828                ZPS_bNwkSecFindMatSet
                0x0000000000083864                zps_eNwkRctMatchNwkAddr
                0x00000000000838ce                ZPS_u8NwkCalcNldeReqOverhead
                0x0000000000083909                zps_vRemoveNextHop
                0x00000000000839be                zps_vRemoveRoute
                0x0000000000083a55                zps_psNwkRtMatchNwkAddr
                0x0000000000083acb                zps_vNwkFreeMcpsHandle
                0x0000000000083af5                zps_psNwkMcpsMgrFindPendingByNwkDstAddr
                0x0000000000083b0b                ZPS_u64NwkNibGetMappedIeeeAddr
                0x0000000000083b2d                eLeaveDataDcfmRemoteLeave.142084
                0x0000000000083b76                ZPS_vNwkSecResetDevice
                0x0000000000083bbb                ZPS_bNwkNibNtActvMatch
                0x0000000000083c73                bCheckNwkAddr
                0x0000000000083cc1                zps_vSendNwkStatusInd
                0x0000000000083cf3                ZPS_vSetExtendedStatus
                0x0000000000083d05                zps_eNwkRtMatch
                0x0000000000083e1e                zps_psApsApsAllocateDcfmRecord
                0x0000000000083e8c                zps_u8CalcLinkCost
                0x0000000000083ec8                ZPS_u8NwkNibNtDiscMatch
                0x0000000000083fac                zps_u64NwkLibFromPayload
                0x0000000000084149                eSmeAcScBeaconInd.137345
                0x0000000000084251                eSmeUDNTBeaconInd.137321
                0x0000000000084274                zps_vNwkLibU64ToPayload
                0x00000000000842a1                zps_vInitBeaconPayload
 *fill*         0x000000000008431d        0x3 00
 .text          0x0000000000084320     0x1338 C:\Users\Patrick\AppData\Local\Temp\cc2ZSu2Z.ltrans2.ltrans.o
                0x00000000000843c7                dbg_vPrintfImplNoneVerbose
                0x000000000008484e                eCLD_ColourControlHandleColourModeChange
                0x00000000000848e3                eCLD_ColourControlUpdate
                0x0000000000084e29                eCLD_ColourControlSceneEventHandler.37698
                0x0000000000084e6c                eCLD_ScenesRemoveAllScenes
                0x0000000000084f1d                eCLD_ScenesUpdate
                0x00000000000851e4                eCLD_OnOffGetState
                0x0000000000085213                eCLD_LevelControlUpdate
                0x00000000000854c6                eCLD_LevelControlStopTransition
                0x0000000000085503                eCLD_LevelControlSetOnOffState
                0x0000000000085640                eCLD_LevelControlClusterIsPresent
 .text          0x0000000000085658     0x1326 C:\Users\Patrick\AppData\Local\Temp\cc2ZSu2Z.ltrans3.ltrans.o
                0x0000000000085658                APP_ZCL_cbEndpointCallback.5702
                0x000000000008586e                ZPS_bSecEncrypt
                0x0000000000085a24                PDUM_eNPduAllocate
                0x0000000000085a93                zps_u8AplApsConstructAndPostLoopBackDataInd.66366
                0x0000000000085bcc                u8PostUnicastMsgToNHLE.66374
                0x0000000000085c05                PDUM_eNPduClone
                0x0000000000085c51                PDUM_eNPduFree
                0x0000000000085cbe                vPostVsMcpsDcfmInd.79666
                0x0000000000085da7                ZPS_vInterceptMcpsDataCallback
                0x0000000000085e09                zps_vNwkMcpsMgrFreeReqDescr
                0x0000000000085e3b                zps_psAllocateAndFormatMacHdr
                0x0000000000086124                zps_psNwkInitCmdFrame
                0x00000000000861a3                eSendLinkStatusDataDcfm.part.1.127216
                0x00000000000862d5                zps_vNwkRemoveConflictedBroadcast
                0x0000000000086327                zps_vNwkMcpsMgrTidyBtrReqDescr
                0x000000000008636b                vNwkBttTimerExpiry.135587
                0x0000000000086488                MAC_vHandleMcpsVsReqRsp
                0x00000000000867ab                eZCL_TransmitInterPanRequest.constprop.34
                0x0000000000086816                eCLD_ZllCommissionCommandNetworkJoinRouterRspCommandSend.constprop.27
                0x0000000000086840                eSendScanResponse.6642.constprop.32
 .text          0x000000000008697e     0x1448 C:\Users\Patrick\AppData\Local\Temp\cc2ZSu2Z.ltrans4.ltrans.o
                0x0000000000086a6a                vIncrementFrameCounterInPdm.isra.0.130557
                0x0000000000086c49                vProcessListsForSubmission.129267
                0x0000000000086f03                zps_vNwkMcpsMgrPost
                0x0000000000087039                zps_eNwkHandleSceRouteRequest
                0x0000000000087468                zps_eNwkHandleSceRouteReply
                0x00000000000877cf                zps_vNwkHandleCmeLeaveReq
                0x000000000008789d                zps_eNwkHandleSceLeave
                0x0000000000087a5f                zps_eNwkHandleSdeActvDcfmData
                0x0000000000087be9                vMcpsMgrTimeoutExpiry
                0x0000000000087c58                iPDM_VerifyDataSequenceWithBufferId
                0x0000000000087cfa                eCLD_GroupsRemoveAllGroups
                0x0000000000087db4                vRemoveAllGroupsAndScenes
 .text          0x0000000000087dc6     0x13ab C:\Users\Patrick\AppData\Local\Temp\cc2ZSu2Z.ltrans5.ltrans.o
                0x0000000000087e0f                vSaveScenesNVM
                0x0000000000087ec2                zps_vAplSaveRecord
                0x0000000000087f6d                zps_eAplZdoGroupEndpointRemove
                0x000000000008808d                zps_bNwkFindAddIeeeAddr
                0x000000000008820b                zps_psFindKeyDescr
                0x000000000008833f                zps_eAplSecEncryptPacket
                0x000000000008842e                zps_eNwkHandleSceLinkStatus
                0x0000000000088562                ZPS_bNwkNibAddrMapAddEntry
                0x0000000000088729                zps_vAgeRouter
                0x0000000000088767                zps_vLinkStatusHandleExpiry
                0x0000000000088808                zps_sNwkNibNtCheckJoin
                0x0000000000088ab1                zps_vNwkHandleCmeDirectJoinReq
                0x0000000000088b30                zps_vJoinInitNtParent
                0x0000000000088c86                zps_vCheckActvNtForDuplicate
                0x0000000000088d23                eCheckAddrConflict.isra.4.128488
                0x0000000000088db9                vAplSecRemoveLinkKey.72914
                0x0000000000088e36                ZPS_vNwkSaveAllRecords
                0x0000000000088e4d                zps_vSaveAllZpsRecords
                0x0000000000088e6c                ZPS_vNwkNibSetNwkAddr
                0x0000000000088e8a                zps_eNwkHandleSceRejnResponse
                0x0000000000088ee7                ZPS_vNwkNibSetExtPanId
                0x0000000000088f0b                vFinish.141086
                0x0000000000088f60                eSmeOrphScanDcfm.141096
                0x0000000000088fd8                ZPS_vNwkNibSetKeySeqNum
                0x0000000000088fec                ZPS_vNwkNibSetDepth
                0x0000000000089015                ZPS_vNwkNibSetUpdateId
                0x0000000000089024                vSendNetworkUpdate.128255
                0x0000000000089153                ZPS_vNwkNibSetPanId
 .text.unlikely
                0x0000000000089171       0x5f C:\Users\Patrick\AppData\Local\Temp\cc2ZSu2Z.ltrans5.ltrans.o
                0x0000000000089171                vInitUnknownNeighbor.129163
 .text          0x00000000000891d0     0x13b0 C:\Users\Patrick\AppData\Local\Temp\cc2ZSu2Z.ltrans6.ltrans.o
                0x0000000000089341                vHandleZllDeviceJoin
                0x000000000008966d                vPostNldeDcfmInd.63779
                0x000000000008a18b                eUnfragmentedUnicastTransmission.66349
                0x000000000008a43a                zps_eAplApsmeUpdateDeviceReqRsp.part.4.67913
 .text          0x000000000008a580     0x1435 C:\Users\Patrick\AppData\Local\Temp\cc2ZSu2Z.ltrans7.ltrans.o
                0x000000000008a580                DBG_vUartFlush
                0x000000000008a5ad                DBG_vUartPutch
                0x000000000008a746                vMiniMac_NextTransaction
                0x000000000008a7ed                eTransmit
                0x000000000008a8ca                vMiniMac_TxComplete
                0x000000000008a9b0                vTimerFired
                0x000000000008aa68                vMiniMac_Init
                0x000000000008adc1                eCLD_ScenesSaveClusters.constprop.39
                0x000000000008afe4                vDispatch.60524
                0x000000000008b0b6                OS_eStartSWTimer.constprop.126
                0x000000000008b1d5                OS_eStopSWTimer.constprop.30
                0x000000000008b326                OS_ePostMessage
                0x000000000008b48c                os_vAPP_CommissionTimerTask
                0x000000000008b4a2                OS_eExitCriticalSection
                0x000000000008b587                OS_eActivateTask
                0x000000000008b622                vPostMlmeDcfmInd.79659
                0x000000000008b6c5                u16ZCL_ReadTypeNBO
                0x000000000008b77a                u16ZCL_APduInstanceReadNBO
                0x000000000008b7cb                u16ZCL_ReadCommandHeader.part.0.44793
                0x000000000008b842                eCLD_BasicCommandHandler
                0x000000000008b86e                iPDM_ReadUserDataFromEEPROMsegment
                0x000000000008b8e8                iPDM_ReCalculateWearCountAndChecksumAndWriteFileSystemHeader
                0x000000000008b932                vPDM_SetEEPROMandFileSystemValidState
                0x000000000008b959                iPDM_ReadUserDataFromFileSystemRecord
                0x000000000008b979                vPDM_WriteFileSystemRecordAndSegmentDataIntoEEPROMsegment
 *fill*         0x000000000008b9b5        0x3 00
 .text          0x000000000008b9b8     0x11f0 C:\Users\Patrick\AppData\Local\Temp\cc2ZSu2Z.ltrans8.ltrans.o
                0x000000000008b9b8                os_vAPP_cbDisableTickTimer
                0x000000000008b9fc                os_vAPP_cbEnableTickTimer
                0x000000000008ba7c                vRetryCcaFailure
                0x000000000008bad1                eOrphanNotificationSent.146326
                0x000000000008bb1a                DBG_vUartInitHardware
                0x000000000008bc57                eZCL_SearchForClusterEntry
                0x000000000008bcf5                eZCL_FindCluster.constprop.62
                0x000000000008bd42                eCLD_GroupsSetIdentifying
                0x000000000008bd65                vCLD_IdentifyTimerClickCallback.15652
                0x000000000008bdec                eCLD_OnOffSetGlobalSceneControl.constprop.22
                0x000000000008be20                eCLD_ColourControl_HSV2xyY.constprop.37
                0x000000000008c0f4                eCLD_ColourControl_GetRGB.constprop.43
                0x000000000008c1be                eZCL_CustomCommandReceiveScenes.isra.0.part.1.22578.constprop.18
                0x000000000008c2b2                vCLD_ScenesUpdateSceneValid
                0x000000000008c32e                eCLD_OnOffSceneEventHandler.18716
                0x000000000008c365                eZCL_BuildTransmitAddressStructure
                0x000000000008c3d2                eCLD_ScenesCountScenes
                0x000000000008c3ec                ZPS_bSecDecrypt
                0x000000000008c4fe                boPDM_IsBitmapSaturated.122876
                0x000000000008c547                eCLD_ScenesStoreScene
                0x000000000008c61f                DriverBulb_vOutput.8399
                0x000000000008c705                vLI_UpdateDriver
                0x000000000008c766                vRGBLight_SetLevels
                0x000000000008c7f6                APP_vHandleIdentify
                0x000000000008c840                MAC_u64GetExtAddr
                0x000000000008c85b                ZPS_u64NwkNibFindExtAddr
                0x000000000008c906                eCLD_ScenesSetLastConfiguredBy.isra.2.22594
                0x000000000008c93d                ZPS_u16NwkNibFindNwkAddr
                0x000000000008c9e3                iPDM_SearchForBufferIdInList
                0x000000000008ca18                iPDM_SearchForBufferIdInFileSystem
                0x000000000008ca2b                iPDM_ReadUserDataFromSegmentWithId
                0x000000000008ca60                iPDM_SearchForSpecificSegmentInList
                0x000000000008ca92                psGetTxFrameBuffer
                0x000000000008cad1                psGetAndBuildCoordRealignment
                0x000000000008cb29                eBuildAndSend.146334
                0x000000000008cb9e                MAC_vPibSetRxOnWhenIdle.constprop.103
 .text          0x000000000008cba8     0x164b C:\Users\Patrick\AppData\Local\Temp\cc2ZSu2Z.ltrans9.ltrans.o
                0x000000000008cba8                OS_eEnterCriticalSection
                0x000000000008cc70                PDUM_hAPduAllocateAPduInstance
                0x000000000008cce4                hZCL_AllocateAPduInstance
                0x000000000008cd20                zps_eAplZdoSendZdpResponse
                0x000000000008cd69                bSendResponse.96498
                0x000000000008cdac                PDUM_eAPduFreeAPduInstance
                0x000000000008d0eb                zps_bAplZdoMatchDescServer
                0x000000000008d0ff                zps_bAplZdoNodeDescServer
                0x000000000008d26b                zps_bAplZdoSimpleDescServer
                0x000000000008d4cc                zps_bAplZdoPowerDescServer
                0x000000000008d5e9                zps_bAplZdoActiveEpServer
                0x000000000008d6d2                zps_bAplZdoSystemServerDiscoveryServer
                0x000000000008d75b                zps_bAplZdoMgmtLqiServer
                0x000000000008d987                zps_bAplZdoMgmtRtgServer
                0x000000000008dacd                PDM_eReadDataFromRecord.part.0.121304
                0x000000000008db50                vLoadNwkRecord.130123
                0x000000000008db8e                vLoadAplRecord.72848
                0x000000000008dbc2                ZPS_eTsvStart
                0x000000000008dc1d                zps_eAplZdoBdrmRequestSend
                0x000000000008dc98                zps_eNwkHandleSceNwkUpdate
                0x000000000008dcbc                vProcessTimedList.129179
                0x000000000008dd02                zps_vNwkMcpsMgrPostTimed
                0x000000000008dd15                vNwkMcpsSendTimedDfcm
                0x000000000008dd59                zps_vAplAfPostTimerEvent
                0x000000000008ddd5                zps_vExpireOldRoutes
                0x000000000008de5e                zps_vNwkJoinStStartResponseTimer
                0x000000000008de98                ZPS_eTsvStop
                0x000000000008deec                zps_vNwkHandleCmePermitJoinReq
                0x000000000008df54                zps_eNwkBtrMatch
                0x000000000008e051                zps_vAplApsStopPollTimer.part.2.66255
                0x000000000008e0d8                eHandleRemoveBroadcastEndpointsFromGroup.67775
                0x000000000008e132                eZCL_SetReceiveEventAddressStructure
                0x000000000008e1b1                DBG_vDumpStack
 *fill*         0x000000000008e1f3        0x1 00
 .text          0x000000000008e1f4     0x1300 C:\Users\Patrick\AppData\Local\Temp\cc2ZSu2Z.ltrans10.ltrans.o
                0x000000000008e1f4                zps_vNwkHandleCmeRouteDiscoveryReq
                0x000000000008e27a                vAckTimeOutHandler
                0x000000000008e325                vMiniMac_MlmeCallback
                0x000000000008e60f                vSendMlmeCommStatusFromTxFrame
                0x000000000008e665                MAC_vHandleMlmeVsReqRsp.constprop.104
                0x000000000008ee91                vScanBeaconReceived
                0x000000000008eed0                vPostDcfm.146345
                0x000000000008ef39                vScanNextChannel.146351
                0x000000000008f144                vRunningRxCallback
                0x000000000008f4a0                ZPS_vNwkResetOutgoingFrameCounter
 .text          0x000000000008f4f4      0xfc3 C:\Users\Patrick\AppData\Local\Temp\cc2ZSu2Z.ltrans11.ltrans.o
                0x000000000008f4f4                vPDM_MoveAllDataFromListToList
                0x000000000008f532                vPDM_MoveAllDataWithBufferIdAndStateFromListToList
                0x000000000008f5bd                vPDM_MoveAllDataToDeAllocList
                0x000000000008f5e5                vPDM_MoveAllDataWithBufferIdFromListToList
                0x000000000008f66a                vPDM_DeleteAllSegmentsWithIdFromFileSystemList.constprop.114
                0x000000000008f6ac                vPDM_MoveFileRecordFromListToList
                0x000000000008f6d0                vPDM_MoveRecordToDeAllocList
                0x000000000008f6f0                vPDM_DeleteAppendedSequence
                0x000000000008f795                iPDM_SegmentCopyAndAppendData.constprop.147
                0x000000000008f7f2                iPDM_ReconstructReplacedDataTable
                0x000000000008fa71                PDM_eSaveRecordData
                0x000000000008fea6                ZPS_vNwkSaveRecord
                0x000000000008fed2                ZPS_vNwkNibSetCapabilityInfo
                0x000000000008fefe                ZPS_vNwkNibSetChannel
                0x000000000008ff15                ZPS_vNwkSaveNt
                0x000000000008ff28                ZPS_vNwkPurgeMacAddressAndRelatedEntries
                0x000000000009002e                ZPS_vNtSetUsedStatus
                0x00000000000900d5                zps_vBuildSortedActvNTList
                0x0000000000090193                zps_vCleanUnAuthenHandleExpiry
                0x0000000000090294                eUnsolicitedRejoinRspDataDcfm.128263
                0x00000000000902bf                eRejoinRspDataDcfm.139883
                0x000000000009038e                zps_eNwkHandleSmeCommStatusInd
                0x0000000000090442                ZPS_vNwkSaveSecMat
                0x0000000000090456                vPDM_ImageBitmapRepair.121899
 *fill*         0x00000000000904b7        0x1 00
 .text          0x00000000000904b8     0x10fc C:\Users\Patrick\AppData\Local\Temp\cc2ZSu2Z.ltrans12.ltrans.o
                0x00000000000904b8                vAplSecAuthPollTimerExpiry.72798
                0x0000000000090510                vAplSecAuthTimerExpiry.72802
                0x00000000000905e0                vHandleApsInterPanDcfmData
                0x0000000000090a0e                vPostApsdeDcfmInd.63772
                0x0000000000090c17                zps_vHandleApsdeDataFragIndNotSupported
                0x0000000000090c80                vApsInterPanMcpsDataInd
                0x0000000000090e27                eJoinNetwork.72861
                0x0000000000090ed8                eDiscoverNetworks.72868
                0x0000000000090f34                zps_eAplZdoDiscoverNetworks
                0x0000000000090f5d                vDiscoverNetworks.4366
                0x0000000000090ff9                eStartNetworkDiscovery.72875
                0x0000000000091086                eStartRouter.72885
                0x0000000000091155                vPostApsmeDcfmInd.63765
 .text          0x00000000000915b4      0xedc C:\Users\Patrick\AppData\Local\Temp\cc2ZSu2Z.ltrans13.ltrans.o
                0x00000000000915b4                vMcpsMgrExpiry.129151
                0x0000000000091614                vBbcIntHandler.144981
                0x00000000000918cc                os_vzps_isrMAC
                0x000000000009190b                eAssocRespSent.145891
                0x000000000009192a                zps_vNwkHandleCmeSyncReq
                0x00000000000919ac                zps_vNwkHandleCmeIdleNwkFormReq
                0x0000000000091a54                zps_vNwkHandleCmeNwkDiscReq
                0x0000000000091ace                zps_vNwkHandleCmeEdScanReq
                0x0000000000091d4b                zps_vNwkHandleCmeNwkJoinReq
                0x0000000000092009                zps_vNwkHandleCmeNwkActvJoinReq
                0x00000000000921e1                vHandleRejoinExpiry.140645
                0x000000000009223e                zps_eRejoinDataDcfm
                0x0000000000092408                vSetKeys
 .text          0x0000000000092490      0xfe2 C:\Users\Patrick\AppData\Local\Temp\cc2ZSu2Z.ltrans14.ltrans.o
                0x0000000000092490                os_u32APP_cbGetTickTimer
                0x0000000000092499                os_bAPP_cbSetTickTimerCompare
                0x00000000000924f5                vZdoServersInit.2959
                0x0000000000092591                boIdValueSearchMatch.121984
                0x00000000000925eb                u16PDM_CalculateRecordChecksum
                0x000000000009268e                PWRM_vWakeInterruptCallback
                0x0000000000092715                u16ZCL_APduInstanceWriteNBO
                0x0000000000092769                u16ZCL_WriteCommandHeader
                0x00000000000927e1                u16ZCL_APduInstanceWriteStringNBO
                0x00000000000928a8                u16ZCL_APduInstanceReadStringNBO
                0x000000000009297d                eZCL_GetAttributeTypeSizeFromBuffer
                0x00000000000929f4                iPDM_ReadSegmentHeaderDataFromEEPROMsegment
                0x0000000000092a4d                eCLD_ScenesFindActiveScene
                0x0000000000092a82                iPDM_FilterDuplicateAppendedSegmentsOnList.123237
                0x0000000000092ac6                ZPS_bIsMacAddressUsedInApsTable
                0x0000000000092b7c                eCLD_GroupsCheckGroupExists
                0x0000000000092be9                ZPS_eTsvOpen
                0x0000000000092c03                zps_vNwkBttMgrInit
                0x0000000000092c31                ZPS_vNwkNibClearTables
                0x0000000000092d52                vMiniMac_MLME_SetReq_PanId
                0x0000000000092d8f                vMiniMac_MLME_SetReq_ShortAddr
                0x0000000000092d9d                vZCL_InitializeClusterInstance.constprop.143
                0x0000000000092dae                psDLISTsearchFromHead
                0x0000000000092dd7                eCLD_ScenesAddScene
                0x0000000000092eb7                eCLD_ScenesFindScene
                0x0000000000092f13                pvZCL_HeapAlloc.part.0.52154.constprop.125
                0x0000000000092f4c                iAHI_WriteDataIntoEEPROMsegment.constprop.116
                0x0000000000092f9a                vMicroIntEnableOnly.constprop.110
                0x0000000000092fc6                vSetChannelAndPower
                0x0000000000093064                vMiniMac_PLME_SetReq_Power
                0x0000000000093078                vMiniMac_PLME_SetReq_Channel
                0x0000000000093080                TSV_eStart
                0x00000000000930d0                bAHI_SetClockRate.part.0.147865.constprop.83
                0x000000000009314b                vAHI_TimerEnable.part.1.147974.constprop.74
                0x00000000000931aa                vStartTimer.part.0.147962.constprop.70
                0x00000000000931d4                vACI_OptimisedCcmStar.constprop.58
                0x00000000000933bf                zps_eNwkRtDiscMatch.constprop.55
                0x0000000000093412                bACI_ECBencodeBuffer.part.0.147655.constprop.53
 .text.unlikely
                0x0000000000093472       0x43 C:\Users\Patrick\AppData\Local\Temp\cc2ZSu2Z.ltrans14.ltrans.o
                0x0000000000093472                vAHI_MemoryHold.147873
 .text          0x00000000000934b5     0x1345 C:\Users\Patrick\AppData\Local\Temp\cc2ZSu2Z.ltrans15.ltrans.o
                0x00000000000934b5                DBG_vUartFailedAssert
                0x00000000000934b9                zps_bAplZdoBindRequestServer
                0x00000000000935f4                psGetVsMcpsBuf.79663
                0x00000000000935fd                psGetMlmeBuf.79656
                0x0000000000093644                psGetNlmeBuf.63755
                0x000000000009364e                psGetNldeBuf.63776
                0x0000000000093658                psGetApsmeBuf.63762
                0x0000000000093661                psGetApsdeBuf.63769
                0x000000000009377a                vLoopbackTimerCallback
                0x00000000000937a9                zps_eNwkDcfmIndPost
                0x00000000000937cc                zps_psNwkDcfmIndGetBuf
                0x00000000000937ee                DBG_vInit
                0x0000000000093830                vPDM_ReadBitmapHeader.122841
                0x000000000009384f                psSLISTsearch
                0x000000000009388f                psSLISTremove
                0x000000000009390d                vSLISTaddToTail
                0x000000000009392c                psSLISTgetNext
                0x0000000000093950                u8PDM_CalculateLargestDataRecordStored
                0x0000000000093981                bPDM_ImageBitmapRepairCheck
                0x00000000000939a9                u8PDM_ReadSequenceNumber
                0x00000000000939cc                boSegmentNumberDeleteSearchMatch.122411
                0x00000000000939e7                u8PDM_ReadSegmentDataSize
                0x00000000000939fb                u32PDM_ReadFileSystemHeaderWearCount
                0x0000000000093a11                boSearchForWearCountSubstitute.122727
                0x0000000000093a37                boSearchForWearCountInsertPoint.121980
                0x0000000000093a55                vPDM_WriteFileSystemHeaderWearCount
                0x0000000000093a67                RND_u32GetRand256
                0x0000000000093a84                RND_u32GetRand
                0x0000000000093aab                u16CalculateFailedTxCount.97687
                0x0000000000093ad5                vZdoIeeeAddrServerSendExtendResponse.part.0.83484
                0x0000000000093b36                vZdoNwkAddrServerSendExtendResponse.part.0.82304
                0x0000000000093b97                zps_bAplZdoServerHandleConfirmAcks
                0x0000000000093be1                zps_bPerformLeaveActionDecider
                0x0000000000093be6                vHandleUpdateDeviceIndication.72821
                0x0000000000093c10                bDuplicateCheck.69188
                0x0000000000093d1d                eHandleRemoveNonBroadcastEndpointsFromGroup.67816
                0x0000000000093d95                eHandleAddEntryToGroupTable.67779
                0x0000000000093df1                zps_vAplApsFillAndPostApsAck
                0x0000000000093e5b                zps_u8AplApsFreeMsgHandle
                0x0000000000093ec5                vFillDataIndStruct.63622
                0x0000000000093f23                vFillApduErrorEvent.63615
                0x0000000000093f66                bCheckProfile.63610
                0x0000000000093fad                ZPS_bIsGroupPresent
                0x0000000000093fe5                pdum_u16ReadNBO
                0x0000000000094146                PDUM_u16SizeNBO
                0x00000000000941a4                PDUM_u16APduInstanceWriteStrNBO
                0x0000000000094323                PDUM_u16APduInstanceReadNBO
                0x000000000009436e                PDUM_u16APduInstanceWriteNBO
                0x00000000000943d8                PDUM_thAPduInstanceGetApdu
                0x00000000000943f3                PDUM_eAPduInstanceSetPayloadSize
                0x000000000009441b                PDUM_eNPduWriteDataFromBuffer
                0x0000000000094475                PDUM_eNPduWriteDataToBuffer
                0x00000000000944d3                PDUM_eNPduWriteFromBuffer
                0x00000000000944fc                PDUM_eNPduDescend
                0x0000000000094522                PDUM_eNPduAscend
                0x0000000000094548                PDUM_eNPduClaimData
                0x00000000000945b5                PDUM_eNPduAppendDataNBO
                0x0000000000094612                PDUM_eNPduClaimHeader
                0x0000000000094635                PDUM_eNPduReadHeaderNBO
                0x0000000000094688                PDUM_eNPduPrependHeaderNBO
                0x00000000000946e3                PDUM_eNPduInitDescending
                0x00000000000946fe                zps_vInitAPSMECmdHdr
                0x0000000000094735                OS_eCollectMessage
 .text.unlikely
                0x00000000000947fa       0xd0 C:\Users\Patrick\AppData\Local\Temp\cc2ZSu2Z.ltrans15.ltrans.o
                0x00000000000947fa                bIsBindTableMatch.67756
                0x000000000009484b                eRemoveEntryInBindingTable.67784
 .text          0x00000000000948ca     0x110c C:\Users\Patrick\AppData\Local\Temp\cc2ZSu2Z.ltrans16.ltrans.o
                0x0000000000094932                zps_vNwkHandleCmeActvStartRouterReq
                0x0000000000094a6d                vHandleNwkLocalUpdateAfterBcast.128268
                0x0000000000094ac1                vHandleNwkRemoteUpdateAfterBcast.128259
                0x0000000000094b15                eSmeAcScScanDcfm.138027
                0x0000000000094de3                ZPS_pvNwkCtor.constprop.101
                0x0000000000095366                ZPS_vNwkHandleNlmeReqRsp
                0x00000000000953e3                zps_vAplAfPostEvent
                0x00000000000955d0                zps_eAplZdoLeaveNetwork.constprop.29
                0x00000000000955fb                zps_bAplZdoMgmtLeaveServer
                0x000000000009577b                zps_eAplZdoNlmePermitJoiningWrapper
                0x00000000000957a3                zps_bAplZdoPermitJoiningServer
                0x000000000009583d                vChangeChannelTimerExpiry.97679
                0x00000000000958a0                eLeaveReset.142079
                0x000000000009590b                eLeaveDataDcfmLocalLeave.142089
                0x0000000000095985                zps_eAplZdoZllStartRouter
 .text          0x00000000000959d6     0x1029 C:\Users\Patrick\AppData\Local\Temp\cc2ZSu2Z.ltrans17.ltrans.o
                0x00000000000959d6                eCLD_ScenesCommandHandler
 *fill*         0x00000000000969ff        0x1 00
 .text          0x0000000000096a00     0x10cc C:\Users\Patrick\AppData\Local\Temp\cc2ZSu2Z.ltrans18.ltrans.o
                0x0000000000096c27                zps_eZdpSimpleDescResponse
                0x0000000000096d34                zps_eZdpActiveEpResponse
                0x0000000000096dca                zps_eZdpMatchDescResponse
                0x0000000000096e60                zps_eZdpSystemServerDiscoveryResponse
                0x0000000000096ecf                zps_eAplZdpMgmtLqiResponse
                0x0000000000096fb7                zps_eAplZdpMgmtRtgResponse
                0x0000000000097130                zps_eZdpNwkAddrResponse
                0x0000000000097213                zps_eZdpIeeeAddrResponse
                0x00000000000972f6                zps_bAplZdoMgmtNWKUpdateServer
                0x0000000000097666                eZCL_TransmitDataRequest
                0x00000000000979cd                eZCL_SendDefaultResponse
 .text          0x0000000000097acc     0x11cc C:\Users\Patrick\AppData\Local\Temp\cc2ZSu2Z.ltrans19.ltrans.o
                0x0000000000097b7b                zps_eNwkHandleSmeOrphanInd
                0x0000000000097e05                zps_eNwkHandleSceNwkStatus
                0x0000000000098168                zps_eNwkHandleSmeAssocInd
                0x000000000009818a                zps_eNwkHandleSceRejnRequest
                0x000000000009820a                vStartScanTimerExpiry.97683
                0x0000000000098246                zps_vAplApsPollTimer
                0x0000000000098361                vPostNlmeDcfmInd.63758
                0x0000000000098a72                zps_eProcessAddrConflict
                0x0000000000098c1f                vTryNwkJoin.4372
 .text          0x0000000000098c98      0xda2 C:\Users\Patrick\AppData\Local\Temp\cc2ZSu2Z.ltrans20.ltrans.o
                0x0000000000098c98                eBeaconReqSent.146330
                0x0000000000098d84                zps_bAplZdoIeeeAddrServer
                0x0000000000098eda                zps_bAplZdoNwkAddrServer
                0x0000000000099205                vPDM_AddFileSystemElementToListInAscendingWearCountOrder
                0x0000000000099313                iPDM_WriteSegmentHeaderAndData
                0x000000000009950f                PWRM_vManagePower
                0x000000000009964c                vTransformKey.isra.0.69307
                0x000000000009967c                vMiniMac_McpsCallback
                0x00000000000998a8                eMcpsTxCompleteHandler.145183
                0x00000000000998d6                u8PDM_CalculateFileSystemCapacity
                0x00000000000998f4                vFreePendingReqDescr
                0x000000000009995e                vHandleRouteDiscoveryExpiry.133070
                0x00000000000999bc                zps_vSendJoinDcfm
                0x0000000000099a02                vGiveUp.140649
 .text.unlikely
                0x0000000000099a3a       0xaa C:\Users\Patrick\AppData\Local\Temp\cc2ZSu2Z.ltrans20.ltrans.o
                0x0000000000099a3a                eMakeEntryInBindingTable.67802
 .text          0x0000000000099ae4     0x11cf C:\Users\Patrick\AppData\Local\Temp\cc2ZSu2Z.ltrans21.ltrans.o
                0x000000000009a767                os_vzps_taskZPS
                0x000000000009a990                ZPS_vNwkNibCheckAndUpdateAddresses
                0x000000000009aa27                zps_bAplZdoDeviceAnnceServer
 .text          0x000000000009acb3     0x1068 C:\Users\Patrick\AppData\Local\Temp\cc2ZSu2Z.ltrans22.ltrans.o
                0x000000000009acb3                eZCL_CustomCommandReceive
                0x000000000009ae21                eCLD_ColourControlCommandHandler
                0x000000000009bd12                eCLD_OnOffCommandReceive
 *fill*         0x000000000009bd1b        0x1 00
 .text          0x000000000009bd1c      0xf50 C:\Users\Patrick\AppData\Local\Temp\cc2ZSu2Z.ltrans23.ltrans.o
                0x000000000009bd1c                os_vTick_Task
                0x000000000009c0bd                os_vZCL_Task
                0x000000000009c0e3                eZCL_CustomCommandSend.constprop.23
                0x000000000009c345                eCLD_IdentifyCommandHandler
                0x000000000009c799                eCLD_GroupsCommandHandler
 .text          0x000000000009cc6c     0x104c C:\Users\Patrick\AppData\Local\Temp\cc2ZSu2Z.ltrans24.ltrans.o
                0x000000000009cc6c                vSendNetworkReport.128251
                0x000000000009cd46                zps_psNwkInitiateRouteDiscovery
                0x000000000009d07e                zps_psSendFrm
                0x000000000009d39a                zps_psSendBroadcastFrm
                0x000000000009d430                ZPS_vNwkHandleNldeReqRsp
                0x000000000009d610                zps_eAplApsmeCmdMgrSendCommand
                0x000000000009d6ed                zps_vAplApsmeCmdMgrRetryTimeout.67748
                0x000000000009d717                zps_eNwkHandleSceRouteRecord
                0x000000000009d7eb                zps_psNwkSendRejoinReqCmd.constprop.8
                0x000000000009d85b                zps_u8NwkHandleRejoinReq
                0x000000000009d924                vContinueRejoin.139879
                0x000000000009d9cb                zps_psSendNetworkStatusCmd
                0x000000000009da38                zps_vProcessLocalAddrConflict
                0x000000000009dae3                zps_eDefaultDataDcfm
 .text          0x000000000009dcb8      0xdfc C:\Users\Patrick\AppData\Local\Temp\cc2ZSu2Z.ltrans25.ltrans.o
                0x000000000009e14b                vZCL_EventHandler
 .text          0x000000000009eab4      0xe14 C:\Users\Patrick\AppData\Local\Temp\cc2ZSu2Z.ltrans26.ltrans.o
                0x000000000009ef2a                eCLD_ZllCommissionCommandHandler
                0x000000000009f161                eCLD_LevelControlCommandHandler
                0x000000000009f4f8                eCLD_OnOffCommandHandler
 .text          0x000000000009f8c8      0xf58 C:\Users\Patrick\AppData\Local\Temp\cc2ZSu2Z.ltrans27.ltrans.o
                0x000000000009f941                zps_eAplZdpDeviceAnnceRequest.part.0.101519
                0x000000000009f988                os_vAPP_Commission_Task
 .text          0x00000000000a0820      0xd47 C:\Users\Patrick\AppData\Local\Temp\cc2ZSu2Z.ltrans28.ltrans.o
                0x00000000000a0820                ZPS_vAplHandleApsdeReqRsp
                0x00000000000a0c40                zps_eAplZdpApsdeReqInternal
                0x00000000000a0db7                zps_bAplZdoZdoClient
                0x00000000000a1227                zps_bAplZdoDefaultServer
                0x00000000000a14e3                zps_eZdpMgmtLeaveResponse
                0x00000000000a1504                zps_eZdpMgmtPermitJoiningResponse
 .text          0x00000000000a1567     0x10c8 C:\Users\Patrick\AppData\Local\Temp\cc2ZSu2Z.ltrans29.ltrans.o
                0x00000000000a1567                os_bDummyMemberCheck.60534
                0x00000000000a156c                os_vDefaultErrorHook.60530
                0x00000000000a156f                bCLD_ScenesSearchForScene.23204
                0x00000000000a15a2                eCLD_LevelControlSceneEventHandler.17271
                0x00000000000a15eb                vOverideProfileId.8144
                0x00000000000a1628                APP_ZCL_cbGeneralCallback.5705
                0x00000000000a162b                bCLD_ScenesSearchForScene.4296
                0x00000000000a165e                vfExtendedStatusCallBack
                0x00000000000a1661                os_bStrictCheck.1358
                0x00000000000a18f4                bCLD_GroupsSearchForGroup.14587
                0x00000000000a1919                eExpireSWTimer.60543
                0x00000000000a1984                vEnterErrorHook.60526
                0x00000000000a19ab                vOSError.3231
                0x00000000000a19ae                eZCL_BuildClientTransmitAddressStructure
                0x00000000000a19df                eZCL_GetAttributeTypeSize
                0x00000000000a19fe                vZCL_MarkAttributeInvalid
                0x00000000000a1acd                eZCL_CheckEPstructureIntegrity.40546
                0x00000000000a1cb5                u8ZCL_GetAttributeAllignToFourBytesBoundary
                0x00000000000a1cca                pvZCL_GetAttributePointer
                0x00000000000a1d40                u16ZCL_WriteTypeNBO.part.0.41900
                0x00000000000a1db5                u16ZCL_GetStringStructureSize
                0x00000000000a1df2                u16ZCL_GetStringAttributeTypeSizeFromBuffer
                0x00000000000a1e63                u16ZCL_GetStringSizeAndBufferFromStructure
                0x00000000000a1ef2                bZCL_SendCommandResponse
                0x00000000000a1f0e                vZCL_GetInternalMutex
                0x00000000000a1f37                eZCL_GetMutex
                0x00000000000a1f6f                u8ZCL_GetEPIdFromIndex
                0x00000000000a1f91                vZCL_ReleaseInternalMutex
                0x00000000000a1fab                eZCL_SearchForAttributeEntry
                0x00000000000a206b                vCLD_ScenesGenerateIndividualAttributeCallback
                0x00000000000a20c5                eZCL_SearchForEPentry
                0x00000000000a2120                eZCL_SearchForEPentryAndCheckManufacturerId
                0x00000000000a215e                vZCL_PassEventToUser
                0x00000000000a218b                eZCL_ReleaseMutex
                0x00000000000a21ba                eZCL_Register.part.1.40555
                0x00000000000a21e8                boDLISTisEmpty
                0x00000000000a2200                vDLISTaddToTail
                0x00000000000a222e                psDLISTremoveFromHead
                0x00000000000a2257                psDLISTremove
                0x00000000000a22af                bCLD_ColourControl_NumberIsValid.39192
                0x00000000000a22ce                eCLD_ColourControl_xyY2XYZ.39196
                0x00000000000a2350                vCLD_ColourControl_XYZ2RGB.39183
                0x00000000000a2470                vWriteU64ToPayLoad.25537
                0x00000000000a249d                vWriteU32ToPayLoad.25533
                0x00000000000a24b5                vBULB_SetColourTemperature
                0x00000000000a24c2                vLI_InitVar.6972
                0x00000000000a24f3                InvShiftRows
                0x00000000000a2586                InvSubBytes
                0x00000000000a25cc                AddRoundKey
                0x00000000000a260d                getSBoxValue.5061
 .text          0x00000000000a262f      0x49d C:\Users\Patrick\AppData\Local\Temp\cc2ZSu2Z.ltrans30.ltrans.o
                0x00000000000a262f                AppWarmStart
                0x00000000000a2649                AppColdStart
                0x00000000000a2926                os_vUnclaimedInterrupt
                0x00000000000a2938                os_vControlledIntCheck
                0x00000000000a297d                os_vControlledInterrupt
                0x00000000000a29b6                os_vAPP_isrIllegalInstruction
                0x00000000000a29c3                os_vAPP_isrAlignmentException
                0x00000000000a29d0                os_vAPP_isrBusErrorException
                0x00000000000a29d4                os_vAPP_isrUnimplementedModuleException
                0x00000000000a29d8                os_vAPP_isrStackOverflowException
                0x00000000000a29dc                os_vAPP_isrTickTimer
 *fill*         0x00000000000a2acc        0x0 00
 .text          0x00000000000a2acc      0x3a0 C:\Users\Patrick\AppData\Local\Temp\cc2ZSu2Z.ltrans31.ltrans.o
                0x00000000000a2acc                zps_eZdpNodeDescResponse
                0x00000000000a2b74                zps_eZdpPowerDescResponse
                0x00000000000a2c11                os_vAPP_ZPR_Light_Task
 .text          0x00000000000a2e6c       0x25 c:/nxp/bstudio_nxp/sdk/tools/ba-elf-ba2-r36379/bin/../lib/gcc/ba-elf/4.7.4/../../../../ba-elf/lib/mcpu_jn51xx_sizeopt\libc.a(lib_a-memcmp.o)
                0x00000000000a2e6c                memcmp
 .text          0x00000000000a2e91       0x19 c:/nxp/bstudio_nxp/sdk/tools/ba-elf-ba2-r36379/bin/../lib/gcc/ba-elf/4.7.4/../../../../ba-elf/lib/mcpu_jn51xx_sizeopt\libc.a(lib_a-memcpy.o)
 .text          0x00000000000a2eaa       0x12 c:/nxp/bstudio_nxp/sdk/tools/ba-elf-ba2-r36379/bin/../lib/gcc/ba-elf/4.7.4/../../../../ba-elf/lib/mcpu_jn51xx_sizeopt\libc.a(lib_a-memset.o)
                0x00000000000a2eaa                memset
 .text          0x00000000000a2ebc       0x12 c:/nxp/bstudio_nxp/sdk/tools/ba-elf-ba2-r36379/bin/../lib/gcc/ba-elf/4.7.4/../../../../ba-elf/lib/mcpu_jn51xx_sizeopt\libc.a(lib_a-strlen.o)
                0x00000000000a2ebc                strlen
 .text          0x00000000000a2ece       0x2b c:/nxp/bstudio_nxp/sdk/tools/ba-elf-ba2-r36379/bin/../lib/gcc/ba-elf/4.7.4/../../../../ba-elf/lib/mcpu_jn51xx_sizeopt\libc.a(lib_a-strncpy.o)
                0x00000000000a2ece                strncpy
 *fill*         0x00000000000a2ef9        0x3 00
 .text          0x00000000000a2efc      0x204 c:/nxp/bstudio_nxp/sdk/tools/ba-elf-ba2-r36379/bin/../lib/gcc/ba-elf/4.7.4/mcpu_jn51xx_sizeopt\libgcc.a(__udivsi3.o)
                0x00000000000a2efc                __udivsi3
 .text          0x00000000000a3100       0x30 c:/nxp/bstudio_nxp/sdk/tools/ba-elf-ba2-r36379/bin/../lib/gcc/ba-elf/4.7.4/mcpu_jn51xx_sizeopt\libgcc.a(__divsi3.o)
                0x00000000000a3100                __divsi3
 .text          0x00000000000a3130      0x1b0 c:/nxp/bstudio_nxp/sdk/tools/ba-elf-ba2-r36379/bin/../lib/gcc/ba-elf/4.7.4/mcpu_jn51xx_sizeopt\libgcc.a(__umodsi3.o)
                0x00000000000a3130                __umodsi3
 .text          0x00000000000a32e0       0x24 c:/nxp/bstudio_nxp/sdk/tools/ba-elf-ba2-r36379/bin/../lib/gcc/ba-elf/4.7.4/mcpu_jn51xx_sizeopt\libgcc.a(__modsi3.o)
                0x00000000000a32e0                __modsi3
 .text          0x00000000000a3304       0x39 c:/nxp/bstudio_nxp/sdk/tools/ba-elf-ba2-r36379/bin/../lib/gcc/ba-elf/4.7.4/mcpu_jn51xx_sizeopt\libgcc.a(_fixunsdfsi.o)
                0x00000000000a3304                __fixunsdfsi
 .text          0x00000000000a333d      0x3bd c:/nxp/bstudio_nxp/sdk/tools/ba-elf-ba2-r36379/bin/../lib/gcc/ba-elf/4.7.4/mcpu_jn51xx_sizeopt\libgcc.a(_divdi3.o)
                0x00000000000a333d                __divdi3
 .text          0x00000000000a36fa      0x350 c:/nxp/bstudio_nxp/sdk/tools/ba-elf-ba2-r36379/bin/../lib/gcc/ba-elf/4.7.4/mcpu_jn51xx_sizeopt\libgcc.a(_udivdi3.o)
                0x00000000000a36fa                __udivdi3
 .text          0x00000000000a3a4a      0x384 c:/nxp/bstudio_nxp/sdk/tools/ba-elf-ba2-r36379/bin/../lib/gcc/ba-elf/4.7.4/mcpu_jn51xx_sizeopt\libgcc.a(addsf3.o)
                0x00000000000a3a4a                __addsf3
 *fill*         0x00000000000a3dce        0x2 00
 .text          0x00000000000a3dd0      0x218 c:/nxp/bstudio_nxp/sdk/tools/ba-elf-ba2-r36379/bin/../lib/gcc/ba-elf/4.7.4/mcpu_jn51xx_sizeopt\libgcc.a(divsf3.o)
                0x00000000000a3dd0                __divsf3
 .text          0x00000000000a3fe8       0x81 c:/nxp/bstudio_nxp/sdk/tools/ba-elf-ba2-r36379/bin/../lib/gcc/ba-elf/4.7.4/mcpu_jn51xx_sizeopt\libgcc.a(eqsf2.o)
                0x00000000000a3fe8                __eqsf2
                0x00000000000a3fe8                __nesf2
 .text          0x00000000000a4069       0xac c:/nxp/bstudio_nxp/sdk/tools/ba-elf-ba2-r36379/bin/../lib/gcc/ba-elf/4.7.4/mcpu_jn51xx_sizeopt\libgcc.a(gesf2.o)
                0x00000000000a4069                __gesf2
                0x00000000000a4069                __gtsf2
 .text          0x00000000000a4115       0xac c:/nxp/bstudio_nxp/sdk/tools/ba-elf-ba2-r36379/bin/../lib/gcc/ba-elf/4.7.4/mcpu_jn51xx_sizeopt\libgcc.a(lesf2.o)
                0x00000000000a4115                __ltsf2
                0x00000000000a4115                __lesf2
 *fill*         0x00000000000a41c1        0x3 00
 .text          0x00000000000a41c4      0x24c c:/nxp/bstudio_nxp/sdk/tools/ba-elf-ba2-r36379/bin/../lib/gcc/ba-elf/4.7.4/mcpu_jn51xx_sizeopt\libgcc.a(mulsf3.o)
                0x00000000000a41c4                __mulsf3
 .text          0x00000000000a4410      0x3a2 c:/nxp/bstudio_nxp/sdk/tools/ba-elf-ba2-r36379/bin/../lib/gcc/ba-elf/4.7.4/mcpu_jn51xx_sizeopt\libgcc.a(subsf3.o)
                0x00000000000a4410                __subsf3
 .text          0x00000000000a47b2       0x53 c:/nxp/bstudio_nxp/sdk/tools/ba-elf-ba2-r36379/bin/../lib/gcc/ba-elf/4.7.4/mcpu_jn51xx_sizeopt\libgcc.a(fixsfsi.o)
                0x00000000000a47b2                __fixsfsi
 .text          0x00000000000a4805       0xad c:/nxp/bstudio_nxp/sdk/tools/ba-elf-ba2-r36379/bin/../lib/gcc/ba-elf/4.7.4/mcpu_jn51xx_sizeopt\libgcc.a(floatunsisf.o)
                0x00000000000a4805                __floatunsisf
 .text          0x00000000000a48b2      0x682 c:/nxp/bstudio_nxp/sdk/tools/ba-elf-ba2-r36379/bin/../lib/gcc/ba-elf/4.7.4/mcpu_jn51xx_sizeopt\libgcc.a(adddf3.o)
                0x00000000000a48b2                __adddf3
 .text          0x00000000000a4f34      0x5c8 c:/nxp/bstudio_nxp/sdk/tools/ba-elf-ba2-r36379/bin/../lib/gcc/ba-elf/4.7.4/mcpu_jn51xx_sizeopt\libgcc.a(divdf3.o)
                0x00000000000a4f34                __divdf3
 .text          0x00000000000a54fc       0xca c:/nxp/bstudio_nxp/sdk/tools/ba-elf-ba2-r36379/bin/../lib/gcc/ba-elf/4.7.4/mcpu_jn51xx_sizeopt\libgcc.a(gedf2.o)
                0x00000000000a54fc                __gedf2
                0x00000000000a54fc                __gtdf2
 *fill*         0x00000000000a55c6        0x2 00
 .text          0x00000000000a55c8      0x488 c:/nxp/bstudio_nxp/sdk/tools/ba-elf-ba2-r36379/bin/../lib/gcc/ba-elf/4.7.4/mcpu_jn51xx_sizeopt\libgcc.a(muldf3.o)
                0x00000000000a55c8                __muldf3
 .text          0x00000000000a5a50      0x693 c:/nxp/bstudio_nxp/sdk/tools/ba-elf-ba2-r36379/bin/../lib/gcc/ba-elf/4.7.4/mcpu_jn51xx_sizeopt\libgcc.a(subdf3.o)
                0x00000000000a5a50                __subdf3
 .text          0x00000000000a60e3       0x64 c:/nxp/bstudio_nxp/sdk/tools/ba-elf-ba2-r36379/bin/../lib/gcc/ba-elf/4.7.4/mcpu_jn51xx_sizeopt\libgcc.a(fixdfsi.o)
                0x00000000000a60e3                __fixdfsi
 .text          0x00000000000a6147       0x8f c:/nxp/bstudio_nxp/sdk/tools/ba-elf-ba2-r36379/bin/../lib/gcc/ba-elf/4.7.4/mcpu_jn51xx_sizeopt\libgcc.a(extendsfdf2.o)
                0x00000000000a6147                __extendsfdf2
 .text          0x00000000000a61d6      0x13e c:/nxp/bstudio_nxp/sdk/tools/ba-elf-ba2-r36379/bin/../lib/gcc/ba-elf/4.7.4/mcpu_jn51xx_sizeopt\libgcc.a(truncdfsf2.o)
                0x00000000000a61d6                __truncdfsf2
 *fill*         0x00000000000a6314        0x4 00
 .text          0x00000000000a6318      0x138 c:/NXP/bstudio_nxp/workspace/Custom_ZLL_Lights/Light_ColorLight/Build/os_irq.o
                0x00000000000a6318                os_ExternalException_W
                0x00000000000a635c                os_PIC_ChannelPriorities
                0x00000000000a636c                os_OSMIUM_HwVectTable
                0x00000000000a63a8                os_PIC_SwVectTable
 .text          0x00000000000a6450       0x29 c:/NXP/bstudio_nxp/workspace/Custom_ZLL_Lights/Light_ColorLight/Build/os_irq_alignment.o
                0x00000000000a6450                IRQ_Alignment
 .text          0x00000000000a6479       0x29 c:/NXP/bstudio_nxp/workspace/Custom_ZLL_Lights/Light_ColorLight/Build/os_irq_buserror.o
                0x00000000000a6479                IRQ_BusError
 .text          0x00000000000a64a2       0x29 c:/NXP/bstudio_nxp/workspace/Custom_ZLL_Lights/Light_ColorLight/Build/os_irq_illegalinstruction.o
                0x00000000000a64a2                IRQ_IllegalInstruction
 .text          0x00000000000a64cb       0x29 c:/NXP/bstudio_nxp/workspace/Custom_ZLL_Lights/Light_ColorLight/Build/os_irq_stackoverflowexception.o
                0x00000000000a64cb                IRQ_StackOverflowException
 .text          0x00000000000a64f4       0x29 c:/NXP/bstudio_nxp/workspace/Custom_ZLL_Lights/Light_ColorLight/Build/os_irq_unimplementedmodule.o
                0x00000000000a64f4                IRQ_UnimplementedModule
 *fill*         0x00000000000a651d        0x3 00
 .text          0x00000000000a6520       0xc0 c:/NXP/bstudio_nxp/sdk/JN-SW-4168/Components/Library\libOS_JN516x.a(os_contirq_JN516x.o)
                0x00000000000a6520                os_ExternalException_R
                0x00000000000a6550                os_CFunc_W
                0x00000000000a65a0                os_UnclaimedException_W
                0x00000000000a65c0                os_UnclaimedInterrupt_W
 .text          0x00000000000a65e0       0x48 c:/NXP/bstudio_nxp/sdk/JN-SW-4168/Components/Library\libPWRM_JN516x.a(pwrm_setjmp_JN516x.o)
                0x00000000000a65e0                setjmp
                0x00000000000a6604                PWRM_longjmp
 .text          0x00000000000a6628       0x27 c:/NXP/bstudio_nxp/sdk/JN-SW-4168/Components/Library\libHardwareApi_JN516x.a(AHI_Interrupt.o)
                0x00000000000a6628                vAHI_InterruptSetPriority
                0x00000000000a6646                vAHI_InterruptSetActivePriorityLevel
 .text.vMicroSyscall
                0x00000000000a664f       0x17 c:/NXP/bstudio_nxp/sdk/JN-SW-4168/Components/Library\libMicroSpecific_JN516x.a(MicroSyscall_ba.o)
                0x00000000000a664f                vMicroSyscall
 .text          0x00000000000a6666        0x0 c:/NXP/bstudio_nxp/sdk/JN-SW-4168/Components/Library\libOS_JN516x.a(os_version_lc.o)
                0x00000000000a6666                OS_Version_1v2
 .text          0x00000000000a6666        0x0 c:/NXP/bstudio_nxp/sdk/JN-SW-4168/Components/Library\libZPSAPL_JN516x.a(zps_apl_version_lc.o)
                0x00000000000a6666                ZPS_APL_Version_2v0
 .text          0x00000000000a6666        0x0 c:/NXP/bstudio_nxp/sdk/JN-SW-4168/Components/Library\libZPSNWK_JN516x.a(zps_nwk_version_lc.o)
                0x00000000000a6666                ZPS_NWK_Version_2v0
 .text          0x00000000000a6666      0x12a c:/nxp/bstudio_nxp/sdk/tools/ba-elf-ba2-r36379/bin/../lib/gcc/ba-elf/4.7.4/../../../../ba-elf/lib/mcpu_jn51xx_sizeopt\libm.a(lib_a-s_floor.o)
                0x00000000000a6666                floor
                0x00000000000a6790                _flash_end = ABSOLUTE (.)

.rela.dyn       0x00000000000a6790        0x0
 .rela.text     0x0000000000000000        0x0 c:/NXP/bstudio_nxp/workspace/Custom_ZLL_Lights/Light_ColorLight/Build/os_irq.o
 .rela.data     0x0000000000000000        0x0 c:/NXP/bstudio_nxp/workspace/Custom_ZLL_Lights/Light_ColorLight/Build/os_irq.o
 .rela.rodata   0x0000000000000000        0x0 c:/NXP/bstudio_nxp/workspace/Custom_ZLL_Lights/Light_ColorLight/Build/os_irq.o
                0x000000000400004c                . = ORIGIN (ram)

.data           0x000000000400004c      0x8b0 load address 0x00000000000a6790
                0x000000000400004c                _ram_data_start = ABSOLUTE (.)
 *(.data*)
 .data          0x000000000400004c       0xe8 C:\Users\Patrick\AppData\Local\Temp\cc2ZSu2Z.ltrans0.ltrans.o
                0x000000000400004c                u8MiniMacConfig_MaxConcurrentAssocResponses
                0x0000000004000050                psShadowRxBuffer
 .data          0x0000000004000134        0x4 C:\Users\Patrick\AppData\Local\Temp\cc2ZSu2Z.ltrans1.ltrans.o
                0x0000000004000134                u32HeapStart
 .data          0x0000000004000138      0x148 C:\Users\Patrick\AppData\Local\Temp\cc2ZSu2Z.ltrans2.ltrans.o
 .data          0x0000000004000280        0x4 C:\Users\Patrick\AppData\Local\Temp\cc2ZSu2Z.ltrans3.ltrans.o
                0x0000000004000280                bCanLoopback.66595
 .data          0x0000000004000284        0x4 C:\Users\Patrick\AppData\Local\Temp\cc2ZSu2Z.ltrans8.ltrans.o
 .data          0x0000000004000288        0x6 C:\Users\Patrick\AppData\Local\Temp\cc2ZSu2Z.ltrans20.ltrans.o
 .data          0x000000000400028e        0x1 C:\Users\Patrick\AppData\Local\Temp\cc2ZSu2Z.ltrans21.ltrans.o
 *fill*         0x000000000400028f        0x1 00
 .data          0x0000000004000290        0x8 C:\Users\Patrick\AppData\Local\Temp\cc2ZSu2Z.ltrans23.ltrans.o
 .data          0x0000000004000298       0x38 C:\Users\Patrick\AppData\Local\Temp\cc2ZSu2Z.ltrans27.ltrans.o
                0x0000000004000298                sDeviceTable
 .data          0x00000000040002d0       0xa4 C:\Users\Patrick\AppData\Local\Temp\cc2ZSu2Z.ltrans29.ltrans.o
                0x00000000040002d0                s_asapduZCLInstances
                0x0000000004000348                s_asapduZDPInstances
 *fill*         0x0000000004000374        0x4 00
 .data          0x0000000004000378      0x568 C:\Users\Patrick\AppData\Local\Temp\cc2ZSu2Z.ltrans30.ltrans.o
                0x0000000004000378                s_keyPairTableStorage.3051
                0x00000000040003d8                os_Mutex_mutexMAC
                0x00000000040003e0                os_Mutex_mutexZPS
                0x00000000040003e8                s_sApl.3006
                0x0000000004000538                os_Message_APP_msgZpsEvents_ZCL
                0x000000000400055c                os_SWTimer_APP_cntrTickTimer_APP_CommissionTimer
                0x0000000004000578                os_SWTimer_APP_cntrTickTimer_APP_TickTimer
                0x0000000004000594                os_Message_APP_msgZpsEvents
                0x00000000040005b8                os_Message_APP_msgEvents
                0x00000000040005dc                os_Message_APP_CommissionEvents
                0x0000000004000600                os_Message_zps_msgMlmeDcfmInd
                0x0000000004000624                os_Message_zps_msgTimeEvents
                0x0000000004000648                os_Message_zps_msgMcpsDcfmInd
                0x000000000400066c                os_Message_zps_msgMcpsDcfm
                0x0000000004000690                os_Task_ZCL_Task
                0x000000000400069c                os_Task_APP_CommissionTimerTask
                0x00000000040006a8                os_Task_Tick_Task
                0x00000000040006b4                os_Task_APP_ZPR_Light_Task
                0x00000000040006c0                os_Task_APP_Commission_Task
                0x00000000040006cc                os_Task_zps_taskZPS
                0x00000000040006d8                u8AhiBaudRate.123423
                0x00000000040006dc                sLI_Vars.6999
                0x000000000400071c                s_prbMemberCheck.60650
                0x0000000004000720                s_prvErrorHook.60648
                0x0000000004000724                g_u8ZpsExpiryMaxCount
 .data          0x00000000040008e0        0x4 C:\Users\Patrick\AppData\Local\Temp\cc2ZSu2Z.ltrans31.ltrans.o
                0x00000000040008e0                sZllState
 .data.s_asAPduPool
                0x00000000040008e4       0x18 c:/NXP/bstudio_nxp/workspace/Custom_ZLL_Lights/Light_ColorLight/Build/pdum_apdu.o
                0x00000000040008e4                pdum_apduZDP
                0x00000000040008e4                s_asAPduPool
                0x00000000040008f0                pdum_apduZCL
 *(.data.*)
                0x00000000040008fc                . = ALIGN (0x4)
                0x00000000040008fc                _ram_data_end = ABSOLUTE (.)

.bss            0x00000000040008fc     0x3e2c load address 0x00000000000a7040
                0x00000000040008fc                _bss_start = ABSOLUTE (.)
 *(.bss*)
 *fill*         0x00000000040008fc        0x4 00
 .bss           0x0000000004000900     0x1128 C:\Users\Patrick\AppData\Local\Temp\cc2ZSu2Z.ltrans0.ltrans.o
                0x0000000004000900                psNextWake.60721
                0x0000000004000904                s_bWakeTimerActive.60722
                0x0000000004000905                s_ePowerMode.60723
                0x0000000004000906                gu16NumberOfSegments.148799
                0x0000000004000908                u8MaxNpdu.60931
                0x0000000004000909                u8Count.60930
                0x000000000400090c                s_psNPduPoolEnd.60933
                0x0000000004000910                s_psNPduPoolStart.60932
                0x0000000004000914                s_psFreeListHead.60929
                0x0000000004000918                s_hMutex.60928
                0x000000000400091c                s_hMutex.61048
                0x0000000004000920                s_asAPduPool.61047
                0x0000000004000924                pfExtendedStatusCallBack.127778
                0x0000000004000928                sScenesCustomData.4315
                0x0000000004000a6c                psAplDefaultZLLAPSLinkKey
                0x0000000004000a70                s_u32x.121077
                0x0000000004000a74                pfOptionsFilterCallback
                0x0000000004000a78                pfnHandleZllDeviceJoin
                0x0000000004000a7c                s_prExpireFn.149831
                0x0000000004000a80                s_hMutex.149830
                0x0000000004000a84                pvRxStore
                0x0000000004000a88                pvTxStore