12:29:56 **** Incremental Build of configuration Light_DimmableLight for project Custom_ZLL_Lights ****
make LIGHT=Light_DimmableLight OTA=0 JENNIC_CHIP=JN5168 RGB=0 all 
Target: Light_DimmableLight, DriverBulb_JN516X_WHITE.c
JENNIC_MAC is Mini MAC shim 
Building trace version ...
Compiling /d/Documents/Elektronik/ZigBee/ZigBee_NXP_Lights/Custom_ZLL_Lights/Common_light/Source/DriverBulb/DriverBulb_JN516X_WHITE.c ...
/d/Documents/Elektronik/ZigBee/ZigBee_NXP_Lights/sdk/Tools/ba-elf-ba2-r36379/bin/ba-elf-gcc -c -o /d/Documents/Elektronik/ZigBee/ZigBee_NXP_Lights/Custom_ZLL_Lights/Light_DimmableLight/Build/DriverBulb_JN516X_WHITE.o -DRTOS -DJN516X_WHITE -DDBG_ENABLE -DLight_DimmableLight -DPDM_USER_SUPPLIED_ID -DJN516X_WHITE -DEMBEDDED -DUSER_VSR_HANDLER -DJN516x=5160 -DJN5168=5168 -DJENNIC_CHIP_NAME=_JN5168 -DJENNIC_CHIP_FAMILY_NAME=_JN516x -march=ba2 -mcpu=jn51xx -mredzone-size=4 -mbranch-cost=3 -fomit-frame-pointer -Os -fshort-enums -Wall  -Wpacked -Wcast-align -fdata-sections -ffunction-sections -flto  -DWATCHDOG_ENABLED -DJENNIC_HW_BBC_RXINCCA=1 -DJENNIC_HW_BBC_DMA=1 -DJENNIC_HW_BBC_ISA=0 -DJENNIC_SW_EXTERNAL_FLASH=0 -DJN516X_DMA_UART_BACKWARDS_COMPATIBLE_API=1 -DUART_BACKWARDS_COMPATIBLE_API=1 -DJENNIC_CHIP=JN5168 -DJENNIC_CHIP_JN5168 -DJENNIC_CHIP_FAMILY=JN516x -DJENNIC_CHIP_FAMILY_JN516x -DJENNIC_STACK_ZLLHA -DJENNIC_MAC_MiniMacShim -Wall -Wunreachable-code -DEMBEDDED -I/d/Documents/Elektronik/ZigBee/ZigBee_NXP_Lights/sdk/JN-SW-4168/Components/Common/Include -DPDM_USER_SUPPLIED_ID -DPDM_EEPROM -DDBG_ENABLE -DZPS_APL_OPT_SINGLE_INSTANCE -DOTA_NO_CERTIFICATE -DPLME_SAP -I/d/Documents/Elektronik/ZigBee/ZigBee_NXP_Lights/Custom_ZLL_Lights/Common_Light/Source -I/d/Documents/Elektronik/ZigBee/ZigBee_NXP_Lights/Custom_ZLL_Lights/Common_Light/Source/.. -I/d/Documents/Elektronik/ZigBee/ZigBee_NXP_Lights/Custom_ZLL_Lights/Light_DimmableLight/Source -I/d/Documents/Elektronik/ZigBee/ZigBee_NXP_Lights/Custom_ZLL_Lights/Common/Source -I/d/Documents/Elektronik/ZigBee/ZigBee_NXP_Lights/sdk/JN-SW-4168/Components/Utilities/Include -I/d/Documents/Elektronik/ZigBee/ZigBee_NXP_Lights/sdk/JN-SW-4168/Components/ZCL/Include -I/d/Documents/Elektronik/ZigBee/ZigBee_NXP_Lights/sdk/JN-SW-4168/Components/ZCL/Clusters/LightLink/Include -I/d/Documents/Elektronik/ZigBee/ZigBee_NXP_Lights/sdk/JN-SW-4168/Components/Xcv/Include/ -I/d/Documents/Elektronik/ZigBee/ZigBee_NXP_Lights/sdk/JN-SW-4168/Components/Recal/Include/ -I/d/Documents/Elektronik/ZigBee/ZigBee_NXP_Lights/sdk/JN-SW-4168/Components/OVLY/Include -I/d/Documents/Elektronik/ZigBee/ZigBee_NXP_Lights/sdk/JN-SW-4168/Components/MicroSpecific/Include -I/d/Documents/Elektronik/ZigBee/ZigBee_NXP_Lights/Custom_ZLL_Lights/Common_light/Source/DriverBulb -I/d/Documents/Elektronik/ZigBee/ZigBee_NXP_Lights/sdk/JN-SW-4168/Components/AppApi/Include -I/d/Documents/Elektronik/ZigBee/ZigBee_NXP_Lights/sdk/JN-SW-4168/Components/MAC/Include -I/d/Documents/Elektronik/ZigBee/ZigBee_NXP_Lights/sdk/JN-SW-4168/Components/MiniMac/Include -I/d/Documents/Elektronik/ZigBee/ZigBee_NXP_Lights/sdk/JN-SW-4168/Components/MMAC/Include -I/d/Documents/Elektronik/ZigBee/ZigBee_NXP_Lights/sdk/JN-SW-4168/Components/HardwareApi/Include -I/d/Documents/Elektronik/ZigBee/ZigBee_NXP_Lights/sdk/JN-SW-4168/Components/Aes/Include -I/d/Documents/Elektronik/ZigBee/ZigBee_NXP_Lights/sdk/JN-SW-4168/Components/DBG/Include -I/d/Documents/Elektronik/ZigBee/ZigBee_NXP_Lights/sdk/JN-SW-4168/Components/MAC/Include -I/d/Documents/Elektronik/ZigBee/ZigBee_NXP_Lights/sdk/JN-SW-4168/Components/MicroSpecific/Include -I/d/Documents/Elektronik/ZigBee/ZigBee_NXP_Lights/sdk/JN-SW-4168/Components/MiniMAC/Include -I/d/Documents/Elektronik/ZigBee/ZigBee_NXP_Lights/sdk/JN-SW-4168/Components/MMAC/Include -I/d/Documents/Elektronik/ZigBee/ZigBee_NXP_Lights/sdk/JN-SW-4168/Components/TimerServer/Include -I/d/Documents/Elektronik/ZigBee/ZigBee_NXP_Lights/sdk/JN-SW-4168/Components/Random/Include -I/d/Documents/Elektronik/ZigBee/ZigBee_NXP_Lights/sdk/JN-SW-4168/Components/ZPSMAC_Mini/Include -I/d/Documents/Elektronik/ZigBee/ZigBee_NXP_Lights/sdk/JN-SW-4168/Components/OS/Include -I/d/Documents/Elektronik/ZigBee/ZigBee_NXP_Lights/sdk/JN-SW-4168/Components/PWRM/Include -I/d/Documents/Elektronik/ZigBee/ZigBee_NXP_Lights/sdk/JN-SW-4168/Components/ZPSTSV/Include -I/d/Documents/Elektronik/ZigBee/ZigBee_NXP_Lights/sdk/JN-SW-4168/Components/AES_SW/Include -I/d/Documents/Elektronik/ZigBee/ZigBee_NXP_Lights/sdk/JN-SW-4168/Components/PDUM/Include -I/d/Documents/Elektronik/ZigBee/ZigBee_NXP_Lights/sdk/JN-SW-4168/Components/ZPSAPL/Include -I/d/Documents/Elektronik/ZigBee/ZigBee_NXP_Lights/sdk/JN-SW-4168/Components/Random/Include -I/d/Documents/Elektronik/ZigBee/ZigBee_NXP_Lights/sdk/JN-SW-4168/Components/PDM_EEPROM/Include -I/d/Documents/Elektronik/ZigBee/ZigBee_NXP_Lights/sdk/JN-SW-4168/Components/DBG/Include -I/d/Documents/Elektronik/ZigBee/ZigBee_NXP_Lights/sdk/JN-SW-4168/Components/ZPSZLL/Include -I/d/Documents/Elektronik/ZigBee/ZigBee_NXP_Lights/sdk/JN-SW-4168/Components/ZPSNWK/Include -I/d/Documents/Elektronik/ZigBee/ZigBee_NXP_Lights/sdk/JN-SW-4168/Components/PDM/Include -I/d/Documents/Elektronik/ZigBee/ZigBee_NXP_Lights/sdk/JN-SW-4168/Components/ZPSMAC/Include -I/d/Documents/Elektronik/ZigBee/ZigBee_NXP_Lights/sdk/JN-SW-4168/Components/ZPSNWK/Include -I/d/Documents/Elektronik/ZigBee/ZigBee_NXP_Lights/sdk/JN-SW-4168/Components/ZCL/Source -I/d/Documents/Elektronik/ZigBee/ZigBee_NXP_Lights/sdk/JN-SW-4168/Components/ZCL/Include -I/d/Documents/Elektronik/ZigBee/ZigBee_NXP_Lights/sdk/JN-SW-4168/Components/ZCL/Clusters/General/Include -I/d/Documents/Elektronik/ZigBee/ZigBee_NXP_Lights/sdk/JN-SW-4168/Components/ZCL/Clusters/General/Source -I/d/Documents/Elektronik/ZigBee/ZigBee_NXP_Lights/sdk/JN-SW-4168/Components/ZCL/Clusters/Lighting/Include -I/d/Documents/Elektronik/ZigBee/ZigBee_NXP_Lights/sdk/JN-SW-4168/Components/ZCL/Clusters/MeasurementAndSensing/Include -I/d/Documents/Elektronik/ZigBee/ZigBee_NXP_Lights/sdk/JN-SW-4168/Components/ZCL/Clusters/EnergyAtHome/Include -I/d/Documents/Elektronik/ZigBee/ZigBee_NXP_Lights/sdk/JN-SW-4168/Components/ZCL/Clusters/SE/Include -I/d/Documents/Elektronik/ZigBee/ZigBee_NXP_Lights/sdk/JN-SW-4168/Components/ZCL/Clusters/GreenPower/Include -I/d/Documents/Elektronik/ZigBee/ZigBee_NXP_Lights/sdk/JN-SW-4168/Components/ZCL/Clusters/HVAC/Include -I/d/Documents/Elektronik/ZigBee/ZigBee_NXP_Lights/sdk/JN-SW-4168/Components/ZCL/Clusters/OTA/Include -I/d/Documents/Elektronik/ZigBee/ZigBee_NXP_Lights/sdk/JN-SW-4168/Components/ZCL/Clusters/SmartEnergy/Include -I/d/Documents/Elektronik/ZigBee/ZigBee_NXP_Lights/sdk/JN-SW-4168/Components/ZCL/Clusters/IAS/Include -I/d/Documents/Elektronik/ZigBee/ZigBee_NXP_Lights/sdk/JN-SW-4168/Components/ZCL/Profiles/HA/Common/Include -I/d/Documents/Elektronik/ZigBee/ZigBee_NXP_Lights/sdk/JN-SW-4168/Components/ZCL/Profiles/HA/Generic/Include -I/d/Documents/Elektronik/ZigBee/ZigBee_NXP_Lights/sdk/JN-SW-4168/Components/ZCL/Clusters/LightLink/Include -I/d/Documents/Elektronik/ZigBee/ZigBee_NXP_Lights/sdk/JN-SW-4168/Components/ZCL/Profiles/ZLL/Include -I/d/Documents/Elektronik/ZigBee/ZigBee_NXP_Lights/sdk/JN-SW-4168/Components/ZCL/Profiles/GP/Include /d/Documents/Elektronik/ZigBee/ZigBee_NXP_Lights/Custom_ZLL_Lights/Common_light/Source/DriverBulb/DriverBulb_JN516X_WHITE.c -MD -MF /d/Documents/Elektronik/ZigBee/ZigBee_NXP_Lights/Custom_ZLL_Lights/Light_DimmableLight/Build/DriverBulb_JN516X_WHITE.d -MP

Linking /d/Documents/Elektronik/ZigBee/ZigBee_NXP_Lights/Custom_ZLL_Lights/Light_DimmableLight/Build/Light_DimmableLight_JN5168_JN516X_WHITE.elf ...
cp -f /d/Documents/Elektronik/ZigBee/ZigBee_NXP_Lights/Custom_ZLL_Lights/Light_DimmableLight/Build/APP_stack_size_JN5168.ld /d/Documents/Elektronik/ZigBee/ZigBee_NXP_Lights/Custom_ZLL_Lights/Common_Light/Build/APP_stack_size.ld
/d/Documents/Elektronik/ZigBee/ZigBee_NXP_Lights/sdk/Tools/ba-elf-ba2-r36379/bin/ba-elf-gcc -Wl,--gc-sections -Wl,-u_AppColdStart -Wl,-u_AppWarmStart -march=ba2 -mcpu=jn51xx -mredzone-size=4 -mbranch-cost=3 -fomit-frame-pointer -Os -fshort-enums -flto  -nostartfiles -L/d/Documents/Elektronik/ZigBee/ZigBee_NXP_Lights/sdk/JN-SW-4168/Chip/JN5168/Build -L/d/Documents/Elektronik/ZigBee/ZigBee_NXP_Lights/sdk/JN-SW-4168/Chip/JN5168/Library -L/d/Documents/Elektronik/ZigBee/ZigBee_NXP_Lights/sdk/JN-SW-4168/Components/Library -Wl,--gc-sections -L/d/Documents/Elektronik/ZigBee/ZigBee_NXP_Lights/sdk/JN-SW-4168/Components/ZCL/Build -L/d/Documents/Elektronik/ZigBee/ZigBee_NXP_Lights/sdk/JN-SW-4168/Stack/ZBPro/Build -L/d/Documents/Elektronik/ZigBee/ZigBee_NXP_Lights/sdk/JN-SW-4168/Stack/ZLLHA/Build -Wl,--defsym=__stack_size=5000 -Wl,--defsym,__minimum_heap_size=2000 -TAppBuildZLLHA_JN5168.ld -o /d/Documents/Elektronik/ZigBee/ZigBee_NXP_Lights/Custom_ZLL_Lights/Light_DimmableLight/Build/Light_DimmableLight_JN5168_JN516X_WHITE.elf -Wl,--start-group /d/Documents/Elektronik/ZigBee/ZigBee_NXP_Lights/Custom_ZLL_Lights/Light_DimmableLight/Build/os_gen.o /d/Documents/Elektronik/ZigBee/ZigBee_NXP_Lights/Custom_ZLL_Lights/Light_DimmableLight/Build/os_irq.o /d/Documents/Elektronik/ZigBee/ZigBee_NXP_Lights/Custom_ZLL_Lights/Light_DimmableLight/Build/os_irq_alignment.o /d/Documents/Elektronik/ZigBee/ZigBee_NXP_Lights/Custom_ZLL_Lights/Light_DimmableLight/Build/os_irq_buserror.o /d/Documents/Elektronik/ZigBee/ZigBee_NXP_Lights/Custom_ZLL_Lights/Light_DimmableLight/Build/os_irq_illegalinstruction.o /d/Documents/Elektronik/ZigBee/ZigBee_NXP_Lights/Custom_ZLL_Lights/Light_DimmableLight/Build/os_irq_stackoverflowexception.o /d/Documents/Elektronik/ZigBee/ZigBee_NXP_Lights/Custom_ZLL_Lights/Light_DimmableLight/Build/os_irq_unimplementedmodule.o /d/Documents/Elektronik/ZigBee/ZigBee_NXP_Lights/Custom_ZLL_Lights/Light_DimmableLight/Build/pdum_gen.o /d/Documents/Elektronik/ZigBee/ZigBee_NXP_Lights/Custom_ZLL_Lights/Light_DimmableLight/Build/pdum_apdu.o /d/Documents/Elektronik/ZigBee/ZigBee_NXP_Lights/Custom_ZLL_Lights/Light_DimmableLight/Build/zps_gen.o /d/Documents/Elektronik/ZigBee/ZigBee_NXP_Lights/Custom_ZLL_Lights/Light_DimmableLight/Build/app_timer_driver.o /d/Documents/Elektronik/ZigBee/ZigBee_NXP_Lights/Custom_ZLL_Lights/Light_DimmableLight/Build/app_start_light.o /d/Documents/Elektronik/ZigBee/ZigBee_NXP_Lights/Custom_ZLL_Lights/Light_DimmableLight/Build/app_scenes.o /d/Documents/Elektronik/ZigBee/ZigBee_NXP_Lights/Custom_ZLL_Lights/Light_DimmableLight/Build/zpr_light_node.o /d/Documents/Elektronik/ZigBee/ZigBee_NXP_Lights/Custom_ZLL_Lights/Light_DimmableLight/Build/ecb_decrypt.o /d/Documents/Elektronik/ZigBee/ZigBee_NXP_Lights/Custom_ZLL_Lights/Light_DimmableLight/Build/app_zcl_light_task.o /d/Documents/Elektronik/ZigBee/ZigBee_NXP_Lights/Custom_ZLL_Lights/Light_DimmableLight/Build/app_light_commission_task.o /d/Documents/Elektronik/ZigBee/ZigBee_NXP_Lights/Custom_ZLL_Lights/Light_DimmableLight/Build/app_light_interpolation.o /d/Documents/Elektronik/ZigBee/ZigBee_NXP_Lights/Custom_ZLL_Lights/Light_DimmableLight/Build/appZpsBeaconHandler.o /d/Documents/Elektronik/ZigBee/ZigBee_NXP_Lights/Custom_ZLL_Lights/Light_DimmableLight/Build/App_Light_DimmableLight.o /d/Documents/Elektronik/ZigBee/ZigBee_NXP_Lights/Custom_ZLL_Lights/Light_DimmableLight/Build/DriverBulb_JN516X_WHITE.o /d/Documents/Elektronik/ZigBee/ZigBee_NXP_Lights/Custom_ZLL_Lights/Light_DimmableLight/Build/DriverBulb_Shim.o /d/Documents/Elektronik/ZigBee/ZigBee_NXP_Lights/Custom_ZLL_Lights/Light_DimmableLight/Build/Alarms.o /d/Documents/Elektronik/ZigBee/ZigBee_NXP_Lights/Custom_ZLL_Lights/Light_DimmableLight/Build/AlarmsClientCommands.o /d/Documents/Elektronik/ZigBee/ZigBee_NXP_Lights/Custom_ZLL_Lights/Light_DimmableLight/Build/AlarmsCommandHandler.o /d/Documents/Elektronik/ZigBee/ZigBee_NXP_Lights/Custom_ZLL_Lights/Light_DimmableLight/Build/AlarmsServerCommands.o /d/Documents/Elektronik/ZigBee/ZigBee_NXP_Lights/Custom_ZLL_Lights/Light_DimmableLight/Build/AlarmsTableManager.o /d/Documents/Elektronik/ZigBee/ZigBee_NXP_Lights/Custom_ZLL_Lights/Light_DimmableLight/Build/AnalogInputBasic.o /d/Documents/Elektronik/ZigBee/ZigBee_NXP_Lights/Custom_ZLL_Lights/Light_DimmableLight/Build/AnalogOutputBasic.o /d/Documents/Elektronik/ZigBee/ZigBee_NXP_Lights/Custom_ZLL_Lights/Light_DimmableLight/Build/Basic.o /d/Documents/Elektronik/ZigBee/ZigBee_NXP_Lights/Custom_ZLL_Lights/Light_DimmableLight/Build/BasicClientCommands.o /d/Documents/Elektronik/ZigBee/ZigBee_NXP_Lights/Custom_ZLL_Lights/Light_DimmableLight/Build/BasicCommandHandler.o /d/Documents/Elektronik/ZigBee/ZigBee_NXP_Lights/Custom_ZLL_Lights/Light_DimmableLight/Build/BinaryInputBasic.o /d/Documents/Elektronik/ZigBee/ZigBee_NXP_Lights/Custom_ZLL_Lights/Light_DimmableLight/Build/BinaryOutputBasic.o /d/Documents/Elektronik/ZigBee/ZigBee_NXP_Lights/Custom_ZLL_Lights/Light_DimmableLight/Build/Commissioning.o /d/Documents/Elektronik/ZigBee/ZigBee_NXP_Lights/Custom_ZLL_Lights/Light_DimmableLight/Build/DeviceTemperatureConfiguration.o /d/Documents/Elektronik/ZigBee/ZigBee_NXP_Lights/Custom_ZLL_Lights/Light_DimmableLight/Build/Diagnostics.o /d/Documents/Elektronik/ZigBee/ZigBee_NXP_Lights/Custom_ZLL_Lights/Light_DimmableLight/Build/DoorLock.o /d/Documents/Elektronik/ZigBee/ZigBee_NXP_Lights/Custom_ZLL_Lights/Light_DimmableLight/Build/DoorLockCommandHandler.o /d/Documents/Elektronik/ZigBee/ZigBee_NXP_Lights/Custom_ZLL_Lights/Light_DimmableLight/Build/DoorLockCommands.o /d/Documents/Elektronik/ZigBee/ZigBee_NXP_Lights/Custom_ZLL_Lights/Light_DimmableLight/Build/ElectricalMeasurement.o /d/Documents/Elektronik/ZigBee/ZigBee_NXP_Lights/Custom_ZLL_Lights/Light_DimmableLight/Build/Groups.o /d/Documents/Elektronik/ZigBee/ZigBee_NXP_Lights/Custom_ZLL_Lights/Light_DimmableLight/Build/GroupsClientCommands.o /d/Documents/Elektronik/ZigBee/ZigBee_NXP_Lights/Custom_ZLL_Lights/Light_DimmableLight/Build/GroupsCommandHandler.o /d/Documents/Elektronik/ZigBee/ZigBee_NXP_Lights/Custom_ZLL_Lights/Light_DimmableLight/Build/GroupsServerCommands.o /d/Documents/Elektronik/ZigBee/ZigBee_NXP_Lights/Custom_ZLL_Lights/Light_DimmableLight/Build/GroupsTableManager.o /d/Documents/Elektronik/ZigBee/ZigBee_NXP_Lights/Custom_ZLL_Lights/Light_DimmableLight/Build/Identify.o /d/Documents/Elektronik/ZigBee/ZigBee_NXP_Lights/Custom_ZLL_Lights/Light_DimmableLight/Build/IdentifyClientCommands.o /d/Documents/Elektronik/ZigBee/ZigBee_NXP_Lights/Custom_ZLL_Lights/Light_DimmableLight/Build/IdentifyCommandHandler.o /d/Documents/Elektronik/ZigBee/ZigBee_NXP_Lights/Custom_ZLL_Lights/Light_DimmableLight/Build/IdentifyServerCommands.o /d/Documents/Elektronik/ZigBee/ZigBee_NXP_Lights/Custom_ZLL_Lights/Light_DimmableLight/Build/LevelControl.o /d/Documents/Elektronik/ZigBee/ZigBee_NXP_Lights/Custom_ZLL_Lights/Light_DimmableLight/Build/LevelControlClientCommands.o /d/Documents/Elektronik/ZigBee/ZigBee_NXP_Lights/Custom_ZLL_Lights/Light_DimmableLight/Build/LevelControlCommandHandler.o /d/Documents/Elektronik/ZigBee/ZigBee_NXP_Lights/Custom_ZLL_Lights/Light_DimmableLight/Build/MultistateInputBasic.o /d/Documents/Elektronik/ZigBee/ZigBee_NXP_Lights/Custom_ZLL_Lights/Light_DimmableLight/Build/MultistateOutputBasic.o /d/Documents/Elektronik/ZigBee/ZigBee_NXP_Lights/Custom_ZLL_Lights/Light_DimmableLight/Build/OOSC.o /d/Documents/Elektronik/ZigBee/ZigBee_NXP_Lights/Custom_ZLL_Lights/Light_DimmableLight/Build/OnOff.o /d/Documents/Elektronik/ZigBee/ZigBee_NXP_Lights/Custom_ZLL_Lights/Light_DimmableLight/Build/OnOffCommandHandler.o /d/Documents/Elektronik/ZigBee/ZigBee_NXP_Lights/Custom_ZLL_Lights/Light_DimmableLight/Build/OnOffCommands.o /d/Documents/Elektronik/ZigBee/ZigBee_NXP_Lights/Custom_ZLL_Lights/Light_DimmableLight/Build/PollControl.o /d/Documents/Elektronik/ZigBee/ZigBee_NXP_Lights/Custom_ZLL_Lights/Light_DimmableLight/Build/PollControlClientCommands.o /d/Documents/Elektronik/ZigBee/ZigBee_NXP_Lights/Custom_ZLL_Lights/Light_DimmableLight/Build/PollControlCommandHandler.o /d/Documents/Elektronik/ZigBee/ZigBee_NXP_Lights/Custom_ZLL_Lights/Light_DimmableLight/Build/PollControlServerCommands.o /d/Documents/Elektronik/ZigBee/ZigBee_NXP_Lights/Custom_ZLL_Lights/Light_DimmableLight/Build/PowerConfiguration.o /d/Documents/Elektronik/ZigBee/ZigBee_NXP_Lights/Custom_ZLL_Lights/Light_DimmableLight/Build/Scenes.o /d/Documents/Elektronik/ZigBee/ZigBee_NXP_Lights/Custom_ZLL_Lights/Light_DimmableLight/Build/ScenesClientCommands.o /d/Documents/Elektronik/ZigBee/ZigBee_NXP_Lights/Custom_ZLL_Lights/Light_DimmableLight/Build/ScenesClusterManagement.o /d/Documents/Elektronik/ZigBee/ZigBee_NXP_Lights/Custom_ZLL_Lights/Light_DimmableLight/Build/ScenesCommandHandler.o /d/Documents/Elektronik/ZigBee/ZigBee_NXP_Lights/Custom_ZLL_Lights/Light_DimmableLight/Build/ScenesServerCommands.o /d/Documents/Elektronik/ZigBee/ZigBee_NXP_Lights/Custom_ZLL_Lights/Light_DimmableLight/Build/ScenesTableManager.o /d/Documents/Elektronik/ZigBee/ZigBee_NXP_Lights/Custom_ZLL_Lights/Light_DimmableLight/Build/TC.o /d/Documents/Elektronik/ZigBee/ZigBee_NXP_Lights/Custom_ZLL_Lights/Light_DimmableLight/Build/Time.o /d/Documents/Elektronik/ZigBee/ZigBee_NXP_Lights/Custom_ZLL_Lights/Light_DimmableLight/Build/zll_CommissionCmdHandler.o /d/Documents/Elektronik/ZigBee/ZigBee_NXP_Lights/Custom_ZLL_Lights/Light_DimmableLight/Build/zll_UtilityCmdHandler.o /d/Documents/Elektronik/ZigBee/ZigBee_NXP_Lights/Custom_ZLL_Lights/Light_DimmableLight/Build/zll_commission.o /d/Documents/Elektronik/ZigBee/ZigBee_NXP_Lights/Custom_ZLL_Lights/Light_DimmableLight/Build/zll_utility.o /d/Documents/Elektronik/ZigBee/ZigBee_NXP_Lights/Custom_ZLL_Lights/Light_DimmableLight/Build/colour_light.o /d/Documents/Elektronik/ZigBee/ZigBee_NXP_Lights/Custom_ZLL_Lights/Light_DimmableLight/Build/colour_remote.o /d/Documents/Elektronik/ZigBee/ZigBee_NXP_Lights/Custom_ZLL_Lights/Light_DimmableLight/Build/colour_scene_remote.o /d/Documents/Elektronik/ZigBee/ZigBee_NXP_Lights/Custom_ZLL_Lights/Light_DimmableLight/Build/colour_temperature_light.o /d/Documents/Elektronik/ZigBee/ZigBee_NXP_Lights/Custom_ZLL_Lights/Light_DimmableLight/Build/commission_endpoint.o /d/Documents/Elektronik/ZigBee/ZigBee_NXP_Lights/Custom_ZLL_Lights/Light_DimmableLight/Build/control_bridge.o /d/Documents/Elektronik/ZigBee/ZigBee_NXP_Lights/Custom_ZLL_Lights/Light_DimmableLight/Build/dimmable_light.o /d/Documents/Elektronik/ZigBee/ZigBee_NXP_Lights/Custom_ZLL_Lights/Light_DimmableLight/Build/dimmable_plug.o /d/Documents/Elektronik/ZigBee/ZigBee_NXP_Lights/Custom_ZLL_Lights/Light_DimmableLight/Build/extended_colour_light.o /d/Documents/Elektronik/ZigBee/ZigBee_NXP_Lights/Custom_ZLL_Lights/Light_DimmableLight/Build/non_colour_remote.o /d/Documents/Elektronik/ZigBee/ZigBee_NXP_Lights/Custom_ZLL_Lights/Light_DimmableLight/Build/non_colour_scene_remote.o /d/Documents/Elektronik/ZigBee/ZigBee_NXP_Lights/Custom_ZLL_Lights/Light_DimmableLight/Build/on_off_light.o /d/Documents/Elektronik/ZigBee/ZigBee_NXP_Lights/Custom_ZLL_Lights/Light_DimmableLight/Build/on_off_plug.o /d/Documents/Elektronik/ZigBee/ZigBee_NXP_Lights/Custom_ZLL_Lights/Light_DimmableLight/Build/on_off_sensor.o /d/Documents/Elektronik/ZigBee/ZigBee_NXP_Lights/Custom_ZLL_Lights/Light_DimmableLight/Build/zll.o /d/Documents/Elektronik/ZigBee/ZigBee_NXP_Lights/Custom_ZLL_Lights/Light_DimmableLight/Build/BallastConfiguration.o /d/Documents/Elektronik/ZigBee/ZigBee_NXP_Lights/Custom_ZLL_Lights/Light_DimmableLight/Build/ColourControl.o /d/Documents/Elektronik/ZigBee/ZigBee_NXP_Lights/Custom_ZLL_Lights/Light_DimmableLight/Build/ColourControlClientCommands.o /d/Documents/Elektronik/ZigBee/ZigBee_NXP_Lights/Custom_ZLL_Lights/Light_DimmableLight/Build/ColourControlCommandHandler.o /d/Documents/Elektronik/ZigBee/ZigBee_NXP_Lights/Custom_ZLL_Lights/Light_DimmableLight/Build/ColourControlConversions.o /d/Documents/Elektronik/ZigBee/ZigBee_NXP_Lights/Custom_ZLL_Lights/Light_DimmableLight/Build/dlist.o /d/Documents/Elektronik/ZigBee/ZigBee_NXP_Lights/Custom_ZLL_Lights/Light_DimmableLight/Build/zcl.o /d/Documents/Elektronik/ZigBee/ZigBee_NXP_Lights/Custom_ZLL_Lights/Light_DimmableLight/Build/zcl_CustomCommandReceive.o /d/Documents/Elektronik/ZigBee/ZigBee_NXP_Lights/Custom_ZLL_Lights/Light_DimmableLight/Build/zcl_CustomCommandSend.o /d/Documents/Elektronik/ZigBee/ZigBee_NXP_Lights/Custom_ZLL_Lights/Light_DimmableLight/Build/zcl_PDUbufferReadWrite.o /d/Documents/Elektronik/ZigBee/ZigBee_NXP_Lights/Custom_ZLL_Lights/Light_DimmableLight/Build/zcl_PDUbufferReadWriteString.o /d/Documents/Elektronik/ZigBee/ZigBee_NXP_Lights/Custom_ZLL_Lights/Light_DimmableLight/Build/zcl_WriteAttributesRequestHandle.o /d/Documents/Elektronik/ZigBee/ZigBee_NXP_Lights/Custom_ZLL_Lights/Light_DimmableLight/Build/zcl_WriteAttributesRequestSend.o /d/Documents/Elektronik/ZigBee/ZigBee_NXP_Lights/Custom_ZLL_Lights/Light_DimmableLight/Build/zcl_WriteAttributesResponseHandle.o /d/Documents/Elektronik/ZigBee/ZigBee_NXP_Lights/Custom_ZLL_Lights/Light_DimmableLight/Build/zcl_attribute.o /d/Documents/Elektronik/ZigBee/ZigBee_NXP_Lights/Custom_ZLL_Lights/Light_DimmableLight/Build/zcl_buffer.o /d/Documents/Elektronik/ZigBee/ZigBee_NXP_Lights/Custom_ZLL_Lights/Light_DimmableLight/Build/zcl_clusterCommand.o /d/Documents/Elektronik/ZigBee/ZigBee_NXP_Lights/Custom_ZLL_Lights/Light_DimmableLight/Build/zcl_command.o /d/Documents/Elektronik/ZigBee/ZigBee_NXP_Lights/Custom_ZLL_Lights/Light_DimmableLight/Build/zcl_configureReportingCommandHandle.o /d/Documents/Elektronik/ZigBee/ZigBee_NXP_Lights/Custom_ZLL_Lights/Light_DimmableLight/Build/zcl_configureReportingCommandSend.o /d/Documents/Elektronik/ZigBee/ZigBee_NXP_Lights/Custom_ZLL_Lights/Light_DimmableLight/Build/zcl_configureReportingResponseHandle.o /d/Documents/Elektronik/ZigBee/ZigBee_NXP_Lights/Custom_ZLL_Lights/Light_DimmableLight/Build/zcl_defaultResponse.o /d/Documents/Elektronik/ZigBee/ZigBee_NXP_Lights/Custom_ZLL_Lights/Light_DimmableLight/Build/zcl_discoverAttributesExtendedRequestHandle.o /d/Documents/Elektronik/ZigBee/ZigBee_NXP_Lights/Custom_ZLL_Lights/Light_DimmableLight/Build/zcl_discoverAttributesExtendedRequestSend.o /d/Documents/Elektronik/ZigBee/ZigBee_NXP_Lights/Custom_ZLL_Lights/Light_DimmableLight/Build/zcl_discoverAttributesExtendedResponseHandle.o /d/Documents/Elektronik/ZigBee/ZigBee_NXP_Lights/Custom_ZLL_Lights/Light_DimmableLight/Build/zcl_discoverAttributesRequestHandle.o /d/Documents/Elektronik/ZigBee/ZigBee_NXP_Lights/Custom_ZLL_Lights/Light_DimmableLight/Build/zcl_discoverAttributesRequestSend.o /d/Documents/Elektronik/ZigBee/ZigBee_NXP_Lights/Custom_ZLL_Lights/Light_DimmableLight/Build/zcl_discoverAttributesResponseHandle.o /d/Documents/Elektronik/ZigBee/ZigBee_NXP_Lights/Custom_ZLL_Lights/Light_DimmableLight/Build/zcl_discoverCommandsRequestHandle.o /d/Documents/Elektronik/ZigBee/ZigBee_NXP_Lights/Custom_ZLL_Lights/Light_DimmableLight/Build/zcl_discoverCommandsRequestSend.o /d/Documents/Elektronik/ZigBee/ZigBee_NXP_Lights/Custom_ZLL_Lights/Light_DimmableLight/Build/zcl_discoverCommandsResponseHandle.o /d/Documents/Elektronik/ZigBee/ZigBee_NXP_Lights/Custom_ZLL_Lights/Light_DimmableLight/Build/zcl_event.o /d/Documents/Elektronik/ZigBee/ZigBee_NXP_Lights/Custom_ZLL_Lights/Light_DimmableLight/Build/zcl_heap.o /d/Documents/Elektronik/ZigBee/ZigBee_NXP_Lights/Custom_ZLL_Lights/Light_DimmableLight/Build/zcl_library_options.o /d/Documents/Elektronik/ZigBee/ZigBee_NXP_Lights/Custom_ZLL_Lights/Light_DimmableLight/Build/zcl_readAttributesRequestHandle.o /d/Documents/Elektronik/ZigBee/ZigBee_NXP_Lights/Custom_ZLL_Lights/Light_DimmableLight/Build/zcl_readAttributesRequestSend.o /d/Documents/Elektronik/ZigBee/ZigBee_NXP_Lights/Custom_ZLL_Lights/Light_DimmableLight/Build/zcl_readAttributesResponseHandle.o /d/Documents/Elektronik/ZigBee/ZigBee_NXP_Lights/Custom_ZLL_Lights/Light_DimmableLight/Build/zcl_readReportingConfigurationCommandHandle.o /d/Documents/Elektronik/ZigBee/ZigBee_NXP_Lights/Custom_ZLL_Lights/Light_DimmableLight/Build/zcl_readReportingConfigurationCommandSend.o /d/Documents/Elektronik/ZigBee/ZigBee_NXP_Lights/Custom_ZLL_Lights/Light_DimmableLight/Build/zcl_readReportingConfigurationResponseHandle.o /d/Documents/Elektronik/ZigBee/ZigBee_NXP_Lights/Custom_ZLL_Lights/Light_DimmableLight/Build/zcl_reportManager.o /d/Documents/Elektronik/ZigBee/ZigBee_NXP_Lights/Custom_ZLL_Lights/Light_DimmableLight/Build/zcl_reportMaths.o /d/Documents/Elektronik/ZigBee/ZigBee_NXP_Lights/Custom_ZLL_Lights/Light_DimmableLight/Build/zcl_reportScheduler.o /d/Documents/Elektronik/ZigBee/ZigBee_NXP_Lights/Custom_ZLL_Lights/Light_DimmableLight/Build/zcl_reportStringHandling.o /d/Documents/Elektronik/ZigBee/ZigBee_NXP_Lights/Custom_ZLL_Lights/Light_DimmableLight/Build/zcl_reportStructure.o /d/Documents/Elektronik/ZigBee/ZigBee_NXP_Lights/Custom_ZLL_Lights/Light_DimmableLight/Build/zcl_search.o /d/Documents/Elektronik/ZigBee/ZigBee_NXP_Lights/Custom_ZLL_Lights/Light_DimmableLight/Build/zcl_timer.o /d/Documents/Elektronik/ZigBee/ZigBee_NXP_Lights/Custom_ZLL_Lights/Light_DimmableLight/Build/zcl_transmit.o -lZPSMAC_Mini_JN516x -lOS_JN516x -lPWRM_JN516x -lZPSTSV_JN516x -lAES_SW_JN516x -lPDUM_JN516x -lZPSAPL_JN516x -lRandom_JN516x -lPDM_EEPROM_JN516x -lDBG_JN516x -lZPSZLL_JN516x -lZPSNWK_JN516x -lRecal_JN516x -lMiniMac_JN516x -lMiniMacShim_JN516x -lMMAC_JN516x -lAes_JN516x -lHardwareApi_JN516x -lMicroSpecific_JN516x -lBoot_JN516x -lm -Wl,--end-group -Wl,-Map,/d/Documents/Elektronik/ZigBee/ZigBee_NXP_Lights/Custom_ZLL_Lights/Light_DimmableLight/Build/Light_DimmableLight_JN5168_JN516X_WHITE.map 
/d/Documents/Elektronik/ZigBee/ZigBee_NXP_Lights/sdk/Tools/ba-elf-ba2-r36379/bin/ba-elf-size /d/Documents/Elektronik/ZigBee/ZigBee_NXP_Lights/Custom_ZLL_Lights/Light_DimmableLight/Build/Light_DimmableLight_JN5168_JN516X_WHITE.elf 
   text	   data	    bss	    dec	    hex	filename
 137898	   1920	  23049	 162867	  27c33	d:/Documents/Elektronik/ZigBee/ZigBee_NXP_Lights/Custom_ZLL_Lights/Light_DimmableLight/Build/Light_DimmableLight_JN5168_JN516X_WHITE.elf
Generating binary ...
/d/Documents/Elektronik/ZigBee/ZigBee_NXP_Lights/sdk/Tools/ba-elf-ba2-r36379/bin/ba-elf-objcopy -j .version -j .bir -j .flashheader -j .vsr_table -j .vsr_handlers  -j .rodata -j .text -j .data -j .bss -j .heap -j .stack -S -O binary /d/Documents/Elektronik/ZigBee/ZigBee_NXP_Lights/Custom_ZLL_Lights/Light_DimmableLight/Build/Light_DimmableLight_JN5168_JN516X_WHITE.elf /d/Documents/Elektronik/ZigBee/ZigBee_NXP_Lights/Custom_ZLL_Lights/Light_DimmableLight/Build/Light_DimmableLight_JN5168_JN516X_WHITE.bin
cp -f /d/Documents/Elektronik/ZigBee/ZigBee_NXP_Lights/Custom_ZLL_Lights/Light_DimmableLight/Build/Light_DimmableLight_JN5168_JN516X_WHITE.bin ../../Light_DimmableLight_JN5168_JN516X_WHITE.bin

12:30:50 Build Finished (took 53s.902ms)

